03-12 12:47:08.963  1491  1491 I BrightnessSynchronizer: Completed Update: {[37] 0.027559055(f), mUpdatedTypes=1, mConfirmedTypes=1, mTimeUpdated=6275231}
03-12 12:47:09.027  1491  1543 W PowerManagerService: Screen on took 354 ms
03-12 12:47:09.084  1491  1564 W ContextImpl: Calling a method in the system process without a qualified user: android.app.ContextImpl.sendBroadcastMultiplePermissions:1299 android.content.Context.sendBroadcastMultiplePermissions:2522 com.android.server.TelephonyRegistry.broadcastServiceStateChanged:3701 com.android.server.TelephonyRegistry.notifyServiceStateForPhoneId:1763 com.android.internal.telephony.ITelephonyRegistry$Stub.onTransact:546 
03-12 12:47:09.087  1491  1564 W ContextImpl: Calling a method in the system process without a qualified user: android.app.ContextImpl.sendBroadcastMultiplePermissions:1332 com.android.server.TelephonyRegistry.broadcastServiceStateChanged:3706 com.android.server.TelephonyRegistry.notifyServiceStateForPhoneId:1763 com.android.internal.telephony.ITelephonyRegistry$Stub.onTransact:546 android.os.Binder.execTransactInternal:1500 
03-12 12:47:09.089  1491  1564 W ContextImpl: Calling a method in the system process without a qualified user: android.app.ContextImpl.sendBroadcastMultiplePermissions:1332 com.android.server.TelephonyRegistry.broadcastServiceStateChanged:3715 com.android.server.TelephonyRegistry.notifyServiceStateForPhoneId:1763 com.android.internal.telephony.ITelephonyRegistry$Stub.onTransact:546 android.os.Binder.execTransactInternal:1500 
03-12 12:47:09.091  1491  1564 W ContextImpl: Calling a method in the system process without a qualified user: android.app.ContextImpl.sendBroadcastMultiplePermissions:1332 com.android.server.TelephonyRegistry.broadcastServiceStateChanged:3721 com.android.server.TelephonyRegistry.notifyServiceStateForPhoneId:1763 com.android.internal.telephony.ITelephonyRegistry$Stub.onTransact:546 android.os.Binder.execTransactInternal:1500 
03-12 12:47:09.097  1491  1511 E ApplicationHelper: Fail to get PackageManager
03-12 12:47:09.104  1491  1511 E ApplicationHelper: Fail to get PackageManager
03-12 12:47:09.105  1734  1734 I EmergencyButton: show = true
03-12 12:47:09.154  1491  2138 W ContextImpl: Calling a method in the system process without a qualified user: android.app.ContextImpl.sendBroadcastMultiplePermissions:1299 android.content.Context.sendBroadcastMultiplePermissions:2522 com.android.server.TelephonyRegistry.broadcastServiceStateChanged:3701 com.android.server.TelephonyRegistry.notifyServiceStateForPhoneId:1763 com.android.internal.telephony.ITelephonyRegistry$Stub.onTransact:546 
03-12 12:47:09.156  1491  2138 W ContextImpl: Calling a method in the system process without a qualified user: android.app.ContextImpl.sendBroadcastMultiplePermissions:1332 com.android.server.TelephonyRegistry.broadcastServiceStateChanged:3706 com.android.server.TelephonyRegistry.notifyServiceStateForPhoneId:1763 com.android.internal.telephony.ITelephonyRegistry$Stub.onTransact:546 android.os.Binder.execTransactInternal:1500 
03-12 12:47:09.158  1491  2138 W ContextImpl: Calling a method in the system process without a qualified user: android.app.ContextImpl.sendBroadcastMultiplePermissions:1332 com.android.server.TelephonyRegistry.broadcastServiceStateChanged:3715 com.android.server.TelephonyRegistry.notifyServiceStateForPhoneId:1763 com.android.internal.telephony.ITelephonyRegistry$Stub.onTransact:546 android.os.Binder.execTransactInternal:1500 
03-12 12:47:09.159  1491  2138 W ContextImpl: Calling a method in the system process without a qualified user: android.app.ContextImpl.sendBroadcastMultiplePermissions:1332 com.android.server.TelephonyRegistry.broadcastServiceStateChanged:3721 com.android.server.TelephonyRegistry.notifyServiceStateForPhoneId:1763 com.android.internal.telephony.ITelephonyRegistry$Stub.onTransact:546 android.os.Binder.execTransactInternal:1500 
03-12 12:47:09.165  1491  1511 E ApplicationHelper: Fail to get PackageManager
03-12 12:47:09.166  1734  1734 I EmergencyButton: show = true
03-12 12:47:09.169  1491  1511 E ApplicationHelper: Fail to get PackageManager
03-12 12:47:09.365  1491  2138 W ContextImpl: Calling a method in the system process without a qualified user: android.app.ContextImpl.sendBroadcastMultiplePermissions:1299 android.content.Context.sendBroadcastMultiplePermissions:2522 com.android.server.TelephonyRegistry.broadcastServiceStateChanged:3701 com.android.server.TelephonyRegistry.notifyServiceStateForPhoneId:1763 com.android.internal.telephony.ITelephonyRegistry$Stub.onTransact:546 
03-12 12:47:09.367  1491  2138 W ContextImpl: Calling a method in the system process without a qualified user: android.app.ContextImpl.sendBroadcastMultiplePermissions:1332 com.android.server.TelephonyRegistry.broadcastServiceStateChanged:3706 com.android.server.TelephonyRegistry.notifyServiceStateForPhoneId:1763 com.android.internal.telephony.ITelephonyRegistry$Stub.onTransact:546 android.os.Binder.execTransactInternal:1500 
03-12 12:47:09.371  1491  2138 W ContextImpl: Calling a method in the system process without a qualified user: android.app.ContextImpl.sendBroadcastMultiplePermissions:1332 com.android.server.TelephonyRegistry.broadcastServiceStateChanged:3715 com.android.server.TelephonyRegistry.notifyServiceStateForPhoneId:1763 com.android.internal.telephony.ITelephonyRegistry$Stub.onTransact:546 android.os.Binder.execTransactInternal:1500 
03-12 12:47:09.372  1491  2138 W ContextImpl: Calling a method in the system process without a qualified user: android.app.ContextImpl.sendBroadcastMultiplePermissions:1332 com.android.server.TelephonyRegistry.broadcastServiceStateChanged:3721 com.android.server.TelephonyRegistry.notifyServiceStateForPhoneId:1763 com.android.internal.telephony.ITelephonyRegistry$Stub.onTransact:546 android.os.Binder.execTransactInternal:1500 
03-12 12:47:09.380  1734  1734 I EmergencyButton: show = true
03-12 12:47:09.381  1491  1511 E ApplicationHelper: Fail to get PackageManager
03-12 12:47:09.386  1491  1511 E ApplicationHelper: Fail to get PackageManager
03-12 12:47:13.207  1491  1543 I DisplayPowerController2[0]: BrightnessEvent: disp=0, physDisp=local:4627039422300187648, displayState=ON, displayPolicy=BRIGHT, brt=0.037200473, initBrt=0.027559055, rcmdBrt=0.037200473, preBrt=0.027559055, lux=5.552276, preLux=0.0, hbmMax=1.0, hbmMode=off, rbcStrength=50, thrmMax=1.0, powerFactor=1.0, wasShortTermModelActive=false, flags=, reason=automatic, autoBrightness=true, strategy=InvalidBrightnessStrategy, autoBrightnessMode=default
03-12 12:47:13.213  1491  1491 I BrightnessSynchronizer: [38] New Update 0.037200473(f) set brightness values:  10(i)
03-12 12:47:13.216  1491  1491 I BrightnessSynchronizer: Swallowing update of 10(i) by update: {[38] 0.037200473(f), mUpdatedTypes=1, mConfirmedTypes=1, mTimeUpdated=6279483}
03-12 12:47:13.216  1491  1491 I BrightnessSynchronizer: Completed Update: {[38] 0.037200473(f), mUpdatedTypes=1, mConfirmedTypes=1, mTimeUpdated=6279483}
03-12 12:47:14.454  1491  1511 E ApplicationHelper: Fail to get PackageManager
03-12 12:47:16.682  1491  1543 I DisplayPowerController2[0]: BrightnessEvent: disp=0, physDisp=local:4627039422300187648, displayState=ON, displayPolicy=DIM, brt=0.0, initBrt=0.037200473, rcmdBrt=0.037200473, preBrt=0.027559055, lux=5.552276, preLux=0.0, hbmMax=1.0, hbmMode=off, rbcStrength=50, thrmMax=1.0, powerFactor=1.0, wasShortTermModelActive=false, flags=, reason=automatic [ dim ], autoBrightness=true, strategy=InvalidBrightnessStrategy, autoBrightnessMode=default
03-12 12:47:18.676  1491  1543 I PowerGroup: Powering off display group due to timeout (groupId= 0, uid= 1000, millisSinceLastUserActivity=10003, lastUserActivityEvent=other)...
03-12 12:47:18.677  1491  1543 I PowerManagerService: Going to sleep due to timeout (uid 1000, screenOffTimeout=60000, activityTimeoutWM=10000, maxDimRatio=0.20000005, maxDimDur=7000)...
03-12 12:47:18.685  1491  1511 E ApplicationHelper: Fail to get PackageManager
03-12 12:47:18.693  1491  1511 E ApplicationHelper: Fail to get PackageManager
03-12 12:47:18.694  1491  1511 E ApplicationHelper: Fail to get PackageManager
03-12 12:47:18.694  1491  1511 E ApplicationHelper: Fail to get PackageManager
03-12 12:47:18.741  1491  1543 I DisplayPowerController2[0]: BrightnessEvent: disp=0, physDisp=local:4627039422300187648, displayState=ON, displayPolicy=OFF, brt=0.037200473, initBrt=0.0, rcmdBrt=0.037200473, preBrt=0.027559055, lux=5.552276, preLux=0.0, hbmMax=1.0, hbmMode=off, rbcStrength=50, thrmMax=1.0, powerFactor=1.0, wasShortTermModelActive=false, flags=, reason=automatic, autoBrightness=true, strategy=InvalidBrightnessStrategy, autoBrightnessMode=default
03-12 12:47:18.847  1491  1543 I DisplayPowerController2[0]: Blocking screen off
03-12 12:47:18.848  1491  1543 I DisplayPowerController2[0]: Unblocked screen off after 0 ms
03-12 12:47:18.853  1491  1543 I DisplayBrightnessStrategySelector: Changing the DisplayBrightnessStrategy from InvalidBrightnessStrategy to ScreenOffBrightnessStrategy for display 0
03-12 12:47:18.859  1491  1543 I DisplayPowerController2[0]: BrightnessEvent: disp=0, physDisp=local:4627039422300187648, displayState=OFF, displayPolicy=OFF, brt=0.0, initBrt=0.037200473, rcmdBrt=NaN, preBrt=NaN, lux=0.0, preLux=0.0, hbmMax=1.0, hbmMode=off, rbcStrength=50, thrmMax=1.0, powerFactor=1.0, wasShortTermModelActive=false, flags=, reason=screen_off, autoBrightness=true, strategy=ScreenOffBrightnessStrategy, autoBrightnessMode=default
03-12 12:47:18.863  1491  1513 I DisplayDeviceRepository: Display device changed state: "Built-in Screen", OFF
03-12 12:47:18.873  1491  1514 I DisplayDevice: [0] Layerstack set to -1 for local:4627039422300187648
03-12 12:47:19.128  1491  1543 W DreamManagerService: Dream ComponentInfo{com.android.dreams.alwaysondisplay/com.android.dreams.alwaysondisplay.AlwaysOnDisplay} does not exist
03-12 12:47:19.128  1491  1543 I PowerGroup: Sleeping power group (groupId=0, uid=1000, reason=timeout)...
03-12 12:47:19.128  1491  1543 I PowerManagerService: Sleeping (uid 1000)...
03-12 12:47:19.143  1491  1491 E ScreenIntentReceiver: notifyChange failed
03-12 12:47:19.147  1491  1491 I PowerManagerService: onFlip(): Face up.
03-12 12:47:19.153  1491  1511 E ApplicationHelper: Fail to get PackageManager
03-12 12:47:19.156  1491  1511 E ApplicationHelper: Fail to get PackageManager
03-12 12:47:19.161  1491  1687 I MR2ServiceImpl: Updating composite discovery preference | preference: RouteDiscoveryRequest{ preferredFeatures={}, activeScan=false }, active routers: []
03-12 12:47:19.168  1491  2103 W ActivityManager: Unable to start service Intent { act=com.mediatek.voicecommand cat=[com.mediatek.nativeservice] pkg=com.mediatek.voicecommand } U=0: not found
03-12 12:48:59.474  1491  1511 E ApplicationHelper: Fail to get PackageManager
03-12 12:48:59.477  1491  1511 E ApplicationHelper: Fail to get PackageManager
03-12 12:48:59.481  1491  1687 I MR2ServiceImpl: Updating composite discovery preference | preference: RouteDiscoveryRequest{ preferredFeatures={}, activeScan=false }, active routers: []
03-12 13:00:01.376  1491  1511 E ApplicationHelper: Fail to get PackageManager
03-12 13:00:01.387  1491  1532 W BatteryExternalStatsWorker: error reading Bluetooth stats: 9
03-12 13:32:28.197  1491  1609 I PowerGroup: Waking up power group from Asleep (groupId=0, uid=1000, reason=WAKE_REASON_POWER_BUTTON, details=android.policy:POWER)...
03-12 13:32:28.197  1491  1609 I PowerManagerService: Waking up from Asleep (uid=1000, reason=WAKE_REASON_POWER_BUTTON, details=android.policy:POWER)...
03-12 13:32:28.205  1491  1511 E ApplicationHelper: Fail to get PackageManager
03-12 13:32:28.207  1491  1511 E ApplicationHelper: Fail to get PackageManager
03-12 13:32:28.207  1491  1511 E ApplicationHelper: Fail to get PackageManager
03-12 13:32:28.208  1491  1687 I MR2ServiceImpl: Updating composite discovery preference | preference: RouteDiscoveryRequest{ preferredFeatures={}, activeScan=false }, active routers: []
03-12 13:32:28.208  1491  1511 E ApplicationHelper: Fail to get PackageManager
03-12 13:32:28.208  1491  1511 E ApplicationHelper: Fail to get PackageManager
03-12 13:32:28.208  1491  1511 E ApplicationHelper: Fail to get PackageManager
03-12 13:32:28.208  1491  1511 E ApplicationHelper: Fail to get PackageManager
03-12 13:32:28.208  1491  1511 E ApplicationHelper: Fail to get PackageManager
03-12 13:32:28.208  1491  1511 E ApplicationHelper: Fail to get PackageManager
03-12 13:32:28.210  1491  1543 I DisplayPowerController2[0]: Blocking screen on until initial contents have been drawn.
03-12 13:32:28.211  1491  1543 I DisplayBrightnessStrategySelector: Changing the DisplayBrightnessStrategy from ScreenOffBrightnessStrategy to InvalidBrightnessStrategy for display 0
03-12 13:32:28.215  1491  1491 E ScreenIntentReceiver: notifyChange failed
03-12 13:32:28.217  1491  1543 I DisplayPowerController2[0]: BrightnessEvent: disp=0, physDisp=local:4627039422300187648, displayState=ON, displayPolicy=BRIGHT, brt=0.037200473, initBrt=0.0, rcmdBrt=NaN, preBrt=NaN, lux=NaN, preLux=NaN, hbmMax=1.0, hbmMode=off, rbcStrength=50, thrmMax=1.0, powerFactor=1.0, wasShortTermModelActive=false, flags=invalid_lux , reason=manual, autoBrightness=true, strategy=InvalidBrightnessStrategy, autoBrightnessMode=default
03-12 13:32:28.219  1491  1513 I DisplayDeviceRepository: Display device changed state: "Built-in Screen", ON
03-12 13:32:28.221  1491  1514 I DisplayDevice: [0] Layerstack set to 0 for local:4627039422300187648
03-12 13:32:28.226  1491  1511 E ApplicationHelper: Fail to get PackageManager
03-12 13:32:28.229  1491  1511 E ApplicationHelper: Fail to get PackageManager
03-12 13:32:28.236  1491  1687 I MR2ServiceImpl: Updating composite discovery preference | preference: RouteDiscoveryRequest{ preferredFeatures={}, activeScan=false }, active routers: []
03-12 13:32:28.278  1491  1543 I DisplayPowerController2[0]: Unblocked screen on after 68 ms
03-12 13:32:28.478  1491  1543 I DisplayPowerController2[0]: BrightnessEvent: disp=0, physDisp=local:4627039422300187648, displayState=ON, displayPolicy=BRIGHT, brt=0.027559055, initBrt=0.037200473, rcmdBrt=0.027559055, preBrt=NaN, lux=0.0, preLux=NaN, hbmMax=1.0, hbmMode=off, rbcStrength=50, thrmMax=1.0, powerFactor=1.0, wasShortTermModelActive=false, flags=, reason=automatic, autoBrightness=true, strategy=InvalidBrightnessStrategy, autoBrightnessMode=default
03-12 13:32:28.481  1491  1491 I BrightnessSynchronizer: [43] New Update 0.027559055(f) set brightness values:  8(i)
03-12 13:32:28.482  1491  1491 I BrightnessSynchronizer: Swallowing update of 8(i) by update: {[43] 0.027559055(f), mUpdatedTypes=1, mConfirmedTypes=1, mTimeUpdated=6319705}
03-12 13:32:28.482  1491  1491 I BrightnessSynchronizer: Completed Update: {[43] 0.027559055(f), mUpdatedTypes=1, mConfirmedTypes=1, mTimeUpdated=6319705}
03-12 13:32:28.556  1491  1543 W PowerManagerService: Screen on took 404 ms
03-12 13:32:32.843  1491  1688 W BiometricStateCallback: Other authentication client: FingerprintDetectClient
03-12 13:32:32.864  1491  1688 W BiometricFrameworkStatsLogger: found a negative latency : -1
03-12 13:32:32.905  1734  1734 I EmergencyButton: show = true
03-12 13:32:32.906  1734  1734 I EmergencyButton: show = true
03-12 13:32:32.909  1734  1734 I EmergencyButton: show = true
03-12 13:32:32.910  1734  1734 I EmergencyButton: show = true
03-12 13:32:32.911  1734  1734 I EmergencyButton: show = true
03-12 13:32:34.527  1491  1688 W BiometricStateCallback: Other authentication client: FingerprintDetectClient
03-12 13:32:35.981  1491  1511 E ApplicationHelper: Fail to get PackageManager
03-12 13:32:38.835  1491  2103 I UsbPortManager: AIDL UsbDataStatus:1
03-12 13:32:38.836  1491  2103 I UsbPortManager: ClientCallback AIDL V1: port0
03-12 13:32:38.837  1491  1510 I UsbPortManager: USB port changed: port=UsbPort{id=port0, supportedModes=dual, supportedContaminantProtectionModes=0, supportsEnableContaminantPresenceProtection=false, supportsEnableContaminantPresenceDetection=false, supportsComplianceWarnings=false, status=UsbPortStatus{connected=true, currentMode=ufp, currentPowerRole=sink, currentDataRole=device, supportedRoleCombinations=[source:host, sink:device], contaminantDetectionStatus=0, contaminantProtectionStatus=0, usbDataStatus=enabled, isPowerTransferLimited=false, powerBrickConnectionStatus=unknown, complianceWarnings=[], plugState=0, displayPortAltModeInfo=null}, canChangeMode=true, canChangePowerRole=false, canChangeDataRole=false, connectedAtMillis=12180135, lastConnectDurationMillis=0
03-12 13:32:38.837  1491  2103 I UsbPortManager: AIDL UsbDataStatus:1
03-12 13:32:38.837  1491  2103 I UsbPortManager: ClientCallback AIDL V1: port0
03-12 13:32:39.078  1491  1532 W BatteryExternalStatsWorker: error reading Bluetooth stats: 9
03-12 13:32:39.087  1491  1491 E ChargeIntentReceiver: notifyChange failed
03-12 13:32:39.091  1966  1966 W ContextImpl: Calling a method in the system process without a qualified user: android.app.ContextImpl.sendBroadcast:1249 android.content.ContextWrapper.sendBroadcast:506 com.android.settings.fuelgauge.batteryusage.BootBroadcastReceiver.invokeJobRecheck:51 com.android.settings.fuelgauge.batteryusage.BatteryUsageBroadcastReceiver.tryToFetchUsageData:131 com.android.settings.fuelgauge.batteryusage.BatteryUsageBroadcastReceiver.onReceive:82 
03-12 13:32:39.097  1491  1512 I EntropyMixer: Updated seed file
03-12 13:32:39.101  1491  1521 W ActivityThread: Failed to find provider info for media (user not unlocked)
03-12 13:32:39.138  1491  1521 W ActivityThread: Failed to find provider info for media (user not unlocked)
03-12 13:32:39.150  1491  1532 W BatteryExternalStatsWorker: error reading Bluetooth stats: 9
03-12 13:32:39.311  1491  1510 W PermissionService: getPermissionFlags: Unknown user -1
03-12 13:32:39.311  1491  1510 W PermissionService: getPermissionFlags: Unknown user -1
03-12 13:32:39.317  1491  1510 W PermissionService: getPermissionFlags: Unknown user -1
03-12 13:32:39.317  1491  1510 W PermissionService: getPermissionFlags: Unknown user -1
03-12 13:32:39.457  1491  1564 I UsbDeviceManager: getUsbSpeedCb speed:2 ,transactionId:10
03-12 13:32:39.519  1491  1491 W NotificationHistory: Attempted to add notif for locked/gone/disabled user 0
03-12 13:32:39.525  1491  1491 W PermissionService: getPermissionFlags: Unknown user -1
03-12 13:32:39.530  1491  1491 I AS.AudioService: shouldNotificationSoundPlay false: muted stream:5 attr:AudioAttributes: usage=USAGE_NOTIFICATION content=CONTENT_TYPE_SONIFICATION flags=0x800 tags= bundle=null
03-12 13:32:39.531  1491  1491 W NotificationHistory: Attempted to add notif for locked/gone/disabled user 0
03-12 13:32:39.609  1491  1510 W ActivityTaskManager: callingPackage for (uid=1000, pid=1491) is ambiguous: [android, com.android.providers.settings, com.android.server.telecom, com.android.location.fused]
03-12 13:32:39.616  1491  1510 W OptProp : Cannot read opt property android.window.PROPERTY_COMPAT_ALLOW_ORIENTATION_OVERRIDE
03-12 13:32:39.620  1491  1510 W OptProp : Cannot read opt property android.window.PROPERTY_COMPAT_ALLOW_MIN_ASPECT_RATIO_OVERRIDE
03-12 13:32:39.624  1491  1510 W OptProp : Cannot read opt property android.window.PROPERTY_COMPAT_ALLOW_RESIZEABLE_ACTIVITY_OVERRIDES
03-12 13:32:39.630  1491  1491 E MBrainLocalService: notifyAppSwitch failed
03-12 13:32:39.632  1491  1491 E MBrainLocalService: notifyAppSwitch failed
03-12 13:32:39.633  1491  1510 I ActivityTaskManager: START u0 {flg=0x10000000 cmp=com.android.systemui/.usb.UsbDebuggingActivity (has extras)} with LAUNCH_MULTIPLE from uid 1000 (BAL_ALLOW_ALLOWLISTED_UID) result code=0
03-12 13:32:39.635  1734  1817 E SingleInstanceRemoteListener: Failed remote call on null listener
03-12 13:32:39.654  1491  1511 E ApplicationHelper: Fail to get PackageManager
03-12 13:32:39.660  1491  1564 I WindowManager: Relayout Window{475430c u0 com.android.systemui/com.android.systemui.usb.UsbDebuggingActivity}: oldVis=4 newVis=0 focusMayChange = true requestedWidth = 1140 requestedHeight = 740 outFrames = ClientWindowFrames{frame=[30,984][1170,1724] display=[0,110][1200,2598] parentFrame=[0,0][0,0]} outSurfaceControl = Surface(name=com.android.systemui/com.android.systemui.usb.UsbDebuggingActivity)/@0x4466736
03-12 13:32:39.685  1491  1564 W UserManagerService: Requested status bar icon for non-badged user 0
03-12 13:32:39.685  1491  1564 W UserManagerService: Requested status bar icon for non-badged user 0
03-12 13:32:40.195  1491  1688 W BiometricStateCallback: Other authentication client: FingerprintDetectClient
03-12 13:32:40.231  1491  1688 W BiometricFrameworkStatsLogger: found a negative latency : -1
03-12 13:32:40.232  1734  1734 I EmergencyButton: show = true
03-12 13:32:40.232  1734  1734 I EmergencyButton: show = true
03-12 13:32:40.233  1734  1734 I EmergencyButton: show = true
03-12 13:32:40.233  1734  1734 I EmergencyButton: show = true
03-12 13:32:40.234  1734  1734 I EmergencyButton: show = true
03-12 13:32:40.911  1491  1564 I UsbDeviceManager: getUsbSpeedCb speed:2 ,transactionId:14
03-12 13:32:41.981  1491  1543 I DisplayPowerController2[0]: BrightnessEvent: disp=0, physDisp=local:4627039422300187648, displayState=ON, displayPolicy=BRIGHT, brt=0.0358235, initBrt=0.027559055, rcmdBrt=0.0358235, preBrt=0.027559055, lux=4.7645617, preLux=0.0, hbmMax=1.0, hbmMode=off, rbcStrength=50, thrmMax=1.0, powerFactor=1.0, wasShortTermModelActive=false, flags=, reason=automatic, autoBrightness=true, strategy=InvalidBrightnessStrategy, autoBrightnessMode=default
03-12 13:32:41.984  1491  1491 I BrightnessSynchronizer: [44] New Update 0.0358235(f) set brightness values:  10(i)
03-12 13:32:41.985  1491  1491 I BrightnessSynchronizer: Swallowing update of 10(i) by update: {[44] 0.0358235(f), mUpdatedTypes=1, mConfirmedTypes=1, mTimeUpdated=6333208}
03-12 13:32:41.985  1491  1491 I BrightnessSynchronizer: Completed Update: {[44] 0.0358235(f), mUpdatedTypes=1, mConfirmedTypes=1, mTimeUpdated=6333208}
03-12 13:32:42.719  1491  2138 I LockSettingsService: Verifying lockscreen credential for user 0
03-12 13:32:42.755  1491  2138 I SyntheticPasswordManager: Found AIDL weaver service v2
03-12 13:32:42.755  1491  2138 I SyntheticPasswordManager: Using AIDL weaver service
03-12 13:32:43.024  1491  2138 I SyntheticPasswordManager: Weaver service initialized
03-12 13:32:43.068  1491  1564 W UserManagerService: Requested status bar icon for non-badged user 0
03-12 13:32:43.110   545   580 I keystore2: system/security/keystore2/src/authorization.rs:114 - add_auth_token(challenge=0, userId=-6959710867822739456, authId=0, authType=0x1, timestamp=12190321ms)
03-12 13:32:43.112  1491  2138 I LockSettingsService: Successfully verified lockscreen credential for user 0
03-12 13:32:43.113   545   580 I keystore2: system/security/keystore2/src/authorization.rs:128 - on_device_unlocked(user_id=0, password.is_some()=true)
03-12 13:32:43.114   545   580 I keystore2: system/security/keystore2/src/super_key.rs:1232 - unlock_user(user=0)
03-12 13:32:43.121  1491  2138 I LockSettingsService: Unlocked CE storage for secured user 0
03-12 13:32:43.127   446   446 I vold    : Verified that /data/system_ce/0 has the encryption policy 00a4af0ade5367ec94c82b33fe38d838 v2 modes 1/4 flags 0xa
03-12 13:32:43.129   446   446 I vold    : Verified that /data/vendor_ce/0 has the encryption policy 00a4af0ade5367ec94c82b33fe38d838 v2 modes 1/4 flags 0xa
03-12 13:32:43.132   446   446 I vold    : Verified that /data/media/0 has the encryption policy 00a4af0ade5367ec94c82b33fe38d838 v2 modes 1/4 flags 0xa
03-12 13:32:43.136   446   446 I vold    : Verified that /data/misc_ce/0 has the encryption policy 00a4af0ade5367ec94c82b33fe38d838 v2 modes 1/4 flags 0xa
03-12 13:32:43.137   446   446 I vold    : Verified that /data/user/0 has the encryption policy 00a4af0ade5367ec94c82b33fe38d838 v2 modes 1/4 flags 0xa
03-12 13:32:43.209  1491  1510 W PackageManager: Skipping preparing app data for com.google.android.tzdata6
03-12 13:32:43.209  1491  1510 W PackageManager: Skipping preparing app data for com.google.android.ondevicepersonalization
03-12 13:32:43.209  1491  1510 W PackageManager: Skipping preparing app data for com.google.android.media.swcodec
03-12 13:32:43.209  1491  1510 W PackageManager: Skipping preparing app data for com.google.android.os.statsd
03-12 13:32:43.209  1491  1510 W PackageManager: Skipping preparing app data for com.google.android.widevine.nonupdatable
03-12 13:32:43.210  1491  1510 W PackageManager: Skipping preparing app data for com.google.mainline.primary.libs
03-12 13:32:43.210  1491  1510 W PackageManager: Skipping preparing app data for com.android.profiling
03-12 13:32:43.210  1491  1510 W PackageManager: Skipping preparing app data for com.google.android.extservices
03-12 13:32:43.210  1491  1510 W PackageManager: Skipping preparing app data for com.google.android.sdksandbox
03-12 13:32:43.210  1491  1510 W PackageManager: Skipping preparing app data for com.android.btservices
03-12 13:32:43.210  1491  1510 W PackageManager: Skipping preparing app data for com.google.android.healthfitness
03-12 13:32:43.210  1491  1510 W PackageManager: Skipping preparing app data for com.google.android.ipsec
03-12 13:32:43.210  1491  1510 W PackageManager: Skipping preparing app data for com.google.android.media
03-12 13:32:43.210  1491  1510 W PackageManager: Skipping preparing app data for com.android.i18n
03-12 13:32:43.210  1491  1510 W PackageManager: Skipping preparing app data for com.android.rkpd
03-12 13:32:43.210  1491  1510 W PackageManager: Skipping preparing app data for com.android.virt
03-12 13:32:43.210  1491  1510 W PackageManager: Skipping preparing app data for com.google.android.appsearch
03-12 13:32:43.210  1491  1510 W PackageManager: Skipping preparing app data for com.google.android.configinfrastructure
03-12 13:32:43.210  1491  1510 W PackageManager: Skipping preparing app data for com.android.runtime
03-12 13:32:43.210  1491  1510 W PackageManager: Skipping preparing app data for com.android.devicelock
03-12 13:32:43.211  1491  1510 W PackageManager: Skipping preparing app data for com.google.android.cellbroadcast
03-12 13:32:43.211  1491  1510 W PackageManager: Skipping preparing app data for com.android.apex.cts.shim
03-12 13:32:43.211  1491  1510 W PackageManager: Skipping preparing app data for com.android.compos
03-12 13:32:43.211  1491  1510 W PackageManager: Skipping preparing app data for com.google.android.resolv
03-12 13:32:43.211  1491  1510 W PackageManager: Skipping preparing app data for com.google.android.sdkext
03-12 13:32:43.211  1491  1510 W PackageManager: Skipping preparing app data for com.google.android.art
03-12 13:32:43.211  1491  1510 W PackageManager: Skipping preparing app data for com.google.android.uwb
03-12 13:32:43.211  1491  1510 W PackageManager: Skipping preparing app data for com.google.android.adservices
03-12 13:32:43.211  1491  1510 W PackageManager: Skipping preparing app data for com.google.android.scheduling
03-12 13:32:43.211  1491  1510 W PackageManager: Skipping preparing app data for com.google.android.mediaprovider
03-12 13:32:43.212  1491  1510 W PackageManager: Skipping preparing app data for com.google.android.permission
03-12 13:32:43.212  1491  1510 W PackageManager: Skipping preparing app data for com.android.vndk.v31
03-12 13:32:43.212  1491  1510 W PackageManager: Skipping preparing app data for com.android.vndk.v33
03-12 13:32:43.212  1491  1510 W PackageManager: Skipping preparing app data for com.android.vndk.v34
03-12 13:32:43.212  1491  1510 W PackageManager: Skipping preparing app data for com.google.android.neuralnetworks
03-12 13:32:43.212  1491  1510 W PackageManager: Skipping preparing app data for com.google.android.tethering
03-12 13:32:43.212  1491  1510 W PackageManager: Skipping preparing app data for com.google.android.adbd
03-12 13:32:43.212  1491  1510 W PackageManager: Skipping preparing app data for com.google.android.wifi
03-12 13:32:43.212  1491  1510 W PackageManager: Skipping preparing app data for com.google.android.conscrypt
03-12 13:32:43.213  1491  1510 W PackageManager: Skipping preparing app data for com.android.nfcservices
03-12 13:32:43.274  1491  1511 E ApplicationHelper: Fail to get PackageManager
03-12 13:32:43.288  1491  2103 I WindowManager: Relayout Window{8bb2980 u0 com.android.settings/com.android.settings.FallbackHome}: oldVis=8 newVis=0 focusMayChange = true requestedWidth = 1200 requestedHeight = 2670 outFrames = ClientWindowFrames{frame=[0,0][1200,2670] display=[0,0][1200,2670] parentFrame=[0,0][0,0]} outSurfaceControl = Surface(name=com.android.settings/com.android.settings.FallbackHome)/@0x80c822
03-12 13:32:43.296  1491  2104 I WindowManager: Relayout Window{475430c u0 com.android.systemui/com.android.systemui.usb.UsbDebuggingActivity}: oldVis=8 newVis=0 focusMayChange = true requestedWidth = 1140 requestedHeight = 740 outFrames = ClientWindowFrames{frame=[30,984][1170,1724] display=[0,110][1200,2598] parentFrame=[0,0][0,0]} outSurfaceControl = Surface(name=com.android.systemui/com.android.systemui.usb.UsbDebuggingActivity)/@0xa96a070
03-12 13:32:43.301  1491  1510 I ActivityManager: User 0 state changed from RUNNING_LOCKED to RUNNING_UNLOCKING
03-12 13:32:43.301  1491  1510 W Looper  : Slow dispatch took 177ms android.fg h=android.os.Handler c=com.android.server.am.UserController$$ExternalSyntheticLambda7@da49fe9 m=0
03-12 13:32:43.302  1491  1522 I SystemServiceManager: Calling onUnlockingUser 0
03-12 13:32:43.309  1734  1817 E SingleInstanceRemoteListener: Failed remote call on null listener
03-12 13:32:43.309  1734  1817 E SingleInstanceRemoteListener: Failed remote call on null listener
03-12 13:32:43.313  1491  2104 W UserManagerService: Requested status bar icon for non-badged user 0
03-12 13:32:43.332  1491  1577 I UsageStatsService: User[0] Rollover scheduled @ 2026-03-13 06:35:23(1773362123667)
03-12 13:32:43.333  1491  1512 W AppHibernationService: Attempt to call setHibernatingForUser before states have been read from disk
03-12 13:32:43.333  1491  1512 W AppHibernationService: Attempt to call setHibernatingForUser before states have been read from disk
03-12 13:32:43.333  1491  1512 W AppHibernationService: Attempt to call setHibernatingForUser before states have been read from disk
03-12 13:32:43.333  1491  1512 W AppHibernationService: Attempt to call setHibernatingForUser before states have been read from disk
03-12 13:32:43.333  1491  1512 W AppHibernationService: Attempt to call setHibernatingForUser before states have been read from disk
03-12 13:32:43.333  1491  1512 W AppHibernationService: Attempt to call setHibernatingForUser before states have been read from disk
03-12 13:32:43.334  1491  1512 W AppHibernationService: Attempt to call setHibernatingForUser before states have been read from disk
03-12 13:32:43.334  1491  1512 W AppHibernationService: Attempt to call setHibernatingForUser before states have been read from disk
03-12 13:32:43.334  1491  1512 W AppHibernationService: Attempt to call setHibernatingForUser before states have been read from disk
03-12 13:32:43.334  1491  1512 W AppHibernationService: Attempt to call setHibernatingForUser before states have been read from disk
03-12 13:32:43.334  1491  1512 W AppHibernationService: Attempt to call setHibernatingForUser before states have been read from disk
03-12 13:32:43.334  1491  1512 W AppHibernationService: Attempt to call setHibernatingForUser before states have been read from disk
03-12 13:32:43.334  1491  1512 W AppHibernationService: Attempt to call setHibernatingForUser before states have been read from disk
03-12 13:32:43.334  1491  1512 W AppHibernationService: Attempt to call setHibernatingForUser before states have been read from disk
03-12 13:32:43.334  1491  1512 W AppHibernationService: Attempt to call setHibernatingForUser before states have been read from disk
03-12 13:32:43.334  1491  1512 W AppHibernationService: Attempt to call setHibernatingForUser before states have been read from disk
03-12 13:32:43.334  1491  1512 W AppHibernationService: Attempt to call setHibernatingForUser before states have been read from disk
03-12 13:32:43.334  1491  1512 W AppHibernationService: Attempt to call setHibernatingForUser before states have been read from disk
03-12 13:32:43.335  1491  1512 W AppHibernationService: Attempt to call setHibernatingForUser before states have been read from disk
03-12 13:32:43.335  1491  1512 W AppHibernationService: Attempt to call setHibernatingForUser before states have been read from disk
03-12 13:32:43.335  1491  1512 W AppHibernationService: Attempt to call setHibernatingForUser before states have been read from disk
03-12 13:32:43.335  1491  1512 W AppHibernationService: Attempt to call setHibernatingForUser before states have been read from disk
03-12 13:32:43.335  1491  1512 W AppHibernationService: Attempt to call setHibernatingForUser before states have been read from disk
03-12 13:32:43.335  1491  1512 W AppHibernationService: Attempt to call setHibernatingForUser before states have been read from disk
03-12 13:32:43.335  1491  1512 W AppHibernationService: Attempt to call setHibernatingForUser before states have been read from disk
03-12 13:32:43.335  1491  1512 W AppHibernationService: Attempt to call setHibernatingForUser before states have been read from disk
03-12 13:32:43.336  1491  1512 W AppHibernationService: Attempt to call setHibernatingForUser before states have been read from disk
03-12 13:32:43.336  1491  1512 W AppHibernationService: Attempt to call setHibernatingForUser before states have been read from disk
03-12 13:32:43.336  1491  1512 W AppHibernationService: Attempt to call setHibernatingForUser before states have been read from disk
03-12 13:32:43.336  1491  1512 W AppHibernationService: Attempt to call setHibernatingForUser before states have been read from disk
03-12 13:32:43.336  1491  1512 W AppHibernationService: Attempt to call setHibernatingForUser before states have been read from disk
03-12 13:32:43.336  1491  1512 W AppHibernationService: Attempt to call setHibernatingForUser before states have been read from disk
03-12 13:32:43.336  1491  1512 W AppHibernationService: Attempt to call setHibernatingForUser before states have been read from disk
03-12 13:32:43.336  1491  1512 W AppHibernationService: Attempt to call setHibernatingForUser before states have been read from disk
03-12 13:32:43.336  1491  1512 W AppHibernationService: Attempt to call setHibernatingForUser before states have been read from disk
03-12 13:32:43.338  1491  1512 W AppHibernationService: Attempt to call setHibernatingForUser before states have been read from disk
03-12 13:32:43.338  1491  1512 W AppHibernationService: Attempt to call setHibernatingForUser before states have been read from disk
03-12 13:32:43.338  1491  1512 W AppHibernationService: Attempt to call setHibernatingForUser before states have been read from disk
03-12 13:32:43.338  1491  1512 W AppHibernationService: Attempt to call setHibernatingForUser before states have been read from disk
03-12 13:32:43.338  1491  1512 W AppHibernationService: Attempt to call setHibernatingForUser before states have been read from disk
03-12 13:32:43.340  1491  1512 W AppHibernationService: Attempt to call setHibernatingForUser before states have been read from disk
03-12 13:32:43.340  1491  1512 W AppHibernationService: Attempt to call setHibernatingForUser before states have been read from disk
03-12 13:32:43.340  1491  1512 W AppHibernationService: Attempt to call setHibernatingForUser before states have been read from disk
03-12 13:32:43.340  1491  1512 W AppHibernationService: Attempt to call setHibernatingForUser before states have been read from disk
03-12 13:32:43.340  1491  1512 W AppHibernationService: Attempt to call setHibernatingForUser before states have been read from disk
03-12 13:32:43.340  1491  1577 I UsageStatsService: User[0] Flushing usage stats to disk
03-12 13:32:43.341  1491  1512 W AppHibernationService: Attempt to call setHibernatingForUser before states have been read from disk
03-12 13:32:43.341  1491  1512 W AppHibernationService: Attempt to call setHibernatingForUser before states have been read from disk
03-12 13:32:43.341  1491  1512 W AppHibernationService: Attempt to call setHibernatingForUser before states have been read from disk
03-12 13:32:43.341  1491  1512 W AppHibernationService: Attempt to call setHibernatingForUser before states have been read from disk
03-12 13:32:43.341  1491  1512 W AppHibernationService: Attempt to call setHibernatingForUser before states have been read from disk
03-12 13:32:43.341  1491  1512 W AppHibernationService: Attempt to call setHibernatingForUser before states have been read from disk
03-12 13:32:43.342  1491  1512 W AppHibernationService: Attempt to call setHibernatingForUser before states have been read from disk
03-12 13:32:43.342  1491  1512 W AppHibernationService: Attempt to call setHibernatingForUser before states have been read from disk
03-12 13:32:43.342  1491  1512 W AppHibernationService: Attempt to call setHibernatingForUser before states have been read from disk
03-12 13:32:43.343  1491  1512 W AppHibernationService: Attempt to call setHibernatingForUser before states have been read from disk
03-12 13:32:43.343  1491  1512 W AppHibernationService: Attempt to call setHibernatingForUser before states have been read from disk
03-12 13:32:43.343  1491  1512 W AppHibernationService: Attempt to call setHibernatingForUser before states have been read from disk
03-12 13:32:43.343  1491  1512 W AppHibernationService: Attempt to call setHibernatingForUser before states have been read from disk
03-12 13:32:43.343  1491  1512 W AppHibernationService: Attempt to call setHibernatingForUser before states have been read from disk
03-12 13:32:43.343  1491  1512 W AppHibernationService: Attempt to call setHibernatingForUser before states have been read from disk
03-12 13:32:43.343  1491  1512 W AppHibernationService: Attempt to call setHibernatingForUser before states have been read from disk
03-12 13:32:43.343  1491  1512 W AppHibernationService: Attempt to call setHibernatingForUser before states have been read from disk
03-12 13:32:43.343  1491  1512 W AppHibernationService: Attempt to call setHibernatingForUser before states have been read from disk
03-12 13:32:43.343  1491  1512 W AppHibernationService: Attempt to call setHibernatingForUser before states have been read from disk
03-12 13:32:43.344  1491  1512 W AppHibernationService: Attempt to call setHibernatingForUser before states have been read from disk
03-12 13:32:43.344  1491  1512 W AppHibernationService: Attempt to call setHibernatingForUser before states have been read from disk
03-12 13:32:43.344  1491  1512 W AppHibernationService: Attempt to call setHibernatingForUser before states have been read from disk
03-12 13:32:43.344  1491  1512 W AppHibernationService: Attempt to call setHibernatingForUser before states have been read from disk
03-12 13:32:43.344  1491  1512 W AppHibernationService: Attempt to call setHibernatingForUser before states have been read from disk
03-12 13:32:43.344  1491  1512 W AppHibernationService: Attempt to call setHibernatingForUser before states have been read from disk
03-12 13:32:43.344  1491  1512 W AppHibernationService: Attempt to call setHibernatingForUser before states have been read from disk
03-12 13:32:43.344  1491  1512 W AppHibernationService: Attempt to call setHibernatingForUser before states have been read from disk
03-12 13:32:43.344  1491  1512 W AppHibernationService: Attempt to call setHibernatingForUser before states have been read from disk
03-12 13:32:43.344  1491  1512 W AppHibernationService: Attempt to call setHibernatingForUser before states have been read from disk
03-12 13:32:43.344  1491  1512 W AppHibernationService: Attempt to call setHibernatingForUser before states have been read from disk
03-12 13:32:43.344  1491  1512 W AppHibernationService: Attempt to call setHibernatingForUser before states have been read from disk
03-12 13:32:43.344  1491  1512 W AppHibernationService: Attempt to call setHibernatingForUser before states have been read from disk
03-12 13:32:43.344  1491  1512 W AppHibernationService: Attempt to call setHibernatingForUser before states have been read from disk
03-12 13:32:43.344  1491  1512 W AppHibernationService: Attempt to call setHibernatingForUser before states have been read from disk
03-12 13:32:43.345  1491  1512 W AppHibernationService: Attempt to call setHibernatingForUser before states have been read from disk
03-12 13:32:43.345  1491  1512 W AppHibernationService: Attempt to call setHibernatingForUser before states have been read from disk
03-12 13:32:43.345  1491  1512 W AppHibernationService: Attempt to call setHibernatingForUser before states have been read from disk
03-12 13:32:43.347  1491  1512 W AppHibernationService: Attempt to call setHibernatingForUser before states have been read from disk
03-12 13:32:43.347  1491  1512 W AppHibernationService: Attempt to call setHibernatingForUser before states have been read from disk
03-12 13:32:43.348  1491  1512 W AppHibernationService: Attempt to call setHibernatingForUser before states have been read from disk
03-12 13:32:43.348  1491  1512 W AppHibernationService: Attempt to call setHibernatingForUser before states have been read from disk
03-12 13:32:43.348  1491  1512 W AppHibernationService: Attempt to call setHibernatingForUser before states have been read from disk
03-12 13:32:43.348  1491  1512 W AppHibernationService: Attempt to call setHibernatingForUser before states have been read from disk
03-12 13:32:43.348  1491  1512 W AppHibernationService: Attempt to call setHibernatingForUser before states have been read from disk
03-12 13:32:43.348  1491  1512 W AppHibernationService: Attempt to call setHibernatingForUser before states have been read from disk
03-12 13:32:43.348  1491  1512 W AppHibernationService: Attempt to call setHibernatingForUser before states have been read from disk
03-12 13:32:43.348  1491  1512 W AppHibernationService: Attempt to call setHibernatingForUser before states have been read from disk
03-12 13:32:43.348  1491  1512 W AppHibernationService: Attempt to call setHibernatingForUser before states have been read from disk
03-12 13:32:43.348  1491  1512 W AppHibernationService: Attempt to call setHibernatingForUser before states have been read from disk
03-12 13:32:43.348  1491  1512 W AppHibernationService: Attempt to call setHibernatingForUser before states have been read from disk
03-12 13:32:43.349  1491  1512 W AppHibernationService: Attempt to call setHibernatingForUser before states have been read from disk
03-12 13:32:43.349  1491  1512 W AppHibernationService: Attempt to call setHibernatingForUser before states have been read from disk
03-12 13:32:43.349  1491  1512 W AppHibernationService: Attempt to call setHibernatingForUser before states have been read from disk
03-12 13:32:43.349  1491  1512 W AppHibernationService: Attempt to call setHibernatingForUser before states have been read from disk
03-12 13:32:43.349  1491  1512 W AppHibernationService: Attempt to call setHibernatingForUser before states have been read from disk
03-12 13:32:43.349  1491  1512 W AppHibernationService: Attempt to call setHibernatingForUser before states have been read from disk
03-12 13:32:43.349  1491  1512 W AppHibernationService: Attempt to call setHibernatingForUser before states have been read from disk
03-12 13:32:43.349  1491  1512 W AppHibernationService: Attempt to call setHibernatingForUser before states have been read from disk
03-12 13:32:43.350  1491  1512 W AppHibernationService: Attempt to call setHibernatingForUser before states have been read from disk
03-12 13:32:43.350  1491  1512 W AppHibernationService: Attempt to call setHibernatingForUser before states have been read from disk
03-12 13:32:43.350  1491  1512 W AppHibernationService: Attempt to call setHibernatingForUser before states have been read from disk
03-12 13:32:43.350  1491  1512 W AppHibernationService: Attempt to call setHibernatingForUser before states have been read from disk
03-12 13:32:43.601   545   580 I keystore2: system/security/keystore2/src/authorization.rs:128 - on_device_unlocked(user_id=0, password.is_some()=false)
03-12 13:32:43.606  1491  2104 W UserManagerService: Requested status bar icon for non-badged user 0
03-12 13:32:43.612  1491  1512 W AppHibernationService: Attempt to call setHibernatingForUser before states have been read from disk
03-12 13:32:43.617  1491  1511 E ApplicationHelper: Fail to get PackageManager
03-12 13:32:43.617  1491  1491 W ProcessStats: Tracking association SourceState{f9380c0 system/1000 BFgs #663} whose proc state 4 is better than process ProcessState{2379341 com.google.android.gms.persistent/10116 pkg=com.google.android.gms} proc state 8 (3 skipped)
03-12 13:32:43.620  1491  1512 W AppHibernationService: Attempt to call setHibernatingForUser before states have been read from disk
03-12 13:32:43.637  1491  2101 W WindowManager: Changing focus from Window{bb206d4 u0 NotificationShade} to Window{475430c u0 com.android.systemui/com.android.systemui.usb.UsbDebuggingActivity} displayId=0 Callers=com.android.server.wm.RootWindowContainer.updateFocusedWindowLocked:468 com.android.server.wm.WindowManagerService.updateFocusedWindowLocked:6623 com.android.server.wm.WindowManagerService.relayoutWindowInner:2691 com.android.server.wm.WindowManagerService.relayoutWindow:2361 
03-12 13:32:43.651  1491  2104 W UserManagerService: Requested status bar icon for non-badged user 0
03-12 13:32:43.654  1491  2104 W UserManagerService: Requested status bar icon for non-badged user 0
03-12 13:32:43.655  1491  2101 W UserManagerService: Requested status bar icon for non-badged user 0
03-12 13:32:43.656  1491  2103 W UserManagerService: Requested status bar icon for non-badged user 0
03-12 13:32:43.658  1491  2103 W UserManagerService: Requested status bar icon for non-badged user 0
03-12 13:32:43.715  1491  2134 W ContextImpl: Calling a method in the system process without a qualified user: android.app.ContextImpl.sendBroadcastMultiplePermissions:1299 android.content.Context.sendBroadcastMultiplePermissions:2522 com.android.server.TelephonyRegistry.broadcastServiceStateChanged:3701 com.android.server.TelephonyRegistry.notifyServiceStateForPhoneId:1763 com.android.internal.telephony.ITelephonyRegistry$Stub.onTransact:546 
03-12 13:32:43.716  1491  2134 W ContextImpl: Calling a method in the system process without a qualified user: android.app.ContextImpl.sendBroadcastMultiplePermissions:1332 com.android.server.TelephonyRegistry.broadcastServiceStateChanged:3706 com.android.server.TelephonyRegistry.notifyServiceStateForPhoneId:1763 com.android.internal.telephony.ITelephonyRegistry$Stub.onTransact:546 android.os.Binder.execTransactInternal:1500 
03-12 13:32:43.716  1491  2134 W ContextImpl: Calling a method in the system process without a qualified user: android.app.ContextImpl.sendBroadcastMultiplePermissions:1332 com.android.server.TelephonyRegistry.broadcastServiceStateChanged:3715 com.android.server.TelephonyRegistry.notifyServiceStateForPhoneId:1763 com.android.internal.telephony.ITelephonyRegistry$Stub.onTransact:546 android.os.Binder.execTransactInternal:1500 
03-12 13:32:43.717  1491  2134 W ContextImpl: Calling a method in the system process without a qualified user: android.app.ContextImpl.sendBroadcastMultiplePermissions:1332 com.android.server.TelephonyRegistry.broadcastServiceStateChanged:3721 com.android.server.TelephonyRegistry.notifyServiceStateForPhoneId:1763 com.android.internal.telephony.ITelephonyRegistry$Stub.onTransact:546 android.os.Binder.execTransactInternal:1500 
03-12 13:32:43.722  1491  1511 E ApplicationHelper: Fail to get PackageManager
03-12 13:32:43.752  1491  1511 E ApplicationHelper: Fail to get PackageManager
03-12 13:32:43.794  1491  1511 E ApplicationHelper: Fail to get PackageManager
03-12 13:32:43.797  1491  1511 E ApplicationHelper: Fail to get PackageManager
03-12 13:32:43.798  1491  1511 E ApplicationHelper: Fail to get PackageManager
03-12 13:32:43.798  1491  1511 E ApplicationHelper: Fail to get PackageManager
03-12 13:32:43.799  1491  1511 E ApplicationHelper: Fail to get PackageManager
03-12 13:32:43.800  1491  1511 E ApplicationHelper: Fail to get PackageManager
03-12 13:32:43.803  1491  1511 E ApplicationHelper: Fail to get PackageManager
03-12 13:32:43.804  1491  1511 E ApplicationHelper: Fail to get PackageManager
03-12 13:32:43.809  1491  1511 E ApplicationHelper: Fail to get PackageManager
03-12 13:32:43.817  1491  1511 E ApplicationHelper: Fail to get PackageManager
03-12 13:32:43.821  1491  1511 E ApplicationHelper: Fail to get PackageManager
03-12 13:32:43.834  1491  2106 W ContextImpl: Calling a method in the system process without a qualified user: android.app.ContextImpl.sendBroadcastMultiplePermissions:1299 android.content.Context.sendBroadcastMultiplePermissions:2522 com.android.server.TelephonyRegistry.broadcastServiceStateChanged:3701 com.android.server.TelephonyRegistry.notifyServiceStateForPhoneId:1763 com.android.internal.telephony.ITelephonyRegistry$Stub.onTransact:546 
03-12 13:32:43.835  1491  2106 W ContextImpl: Calling a method in the system process without a qualified user: android.app.ContextImpl.sendBroadcastMultiplePermissions:1332 com.android.server.TelephonyRegistry.broadcastServiceStateChanged:3706 com.android.server.TelephonyRegistry.notifyServiceStateForPhoneId:1763 com.android.internal.telephony.ITelephonyRegistry$Stub.onTransact:546 android.os.Binder.execTransactInternal:1500 
