03-12 13:32:47.009  1491  1511 E ApplicationHelper: Fail to get PackageManager
03-12 13:32:47.020  1491  1511 E ApplicationHelper: Fail to get PackageManager
03-12 13:32:47.054  1491  1511 E ApplicationHelper: Fail to get PackageManager
03-12 13:32:47.054  1491  1511 E ApplicationHelper: Fail to get PackageManager
03-12 13:32:47.062  1491  1523 I ActivityManager: Start proc 4183:com.android.localtransport/1000 for service {com.android.localtransport/com.android.localtransport.LocalTransportService}
03-12 13:32:47.071  1491  1511 E ApplicationHelper: Fail to get PackageManager
03-12 13:32:47.071  1491  1511 E ApplicationHelper: Fail to get PackageManager
03-12 13:32:47.071  1491  1511 E ApplicationHelper: Fail to get PackageManager
03-12 13:32:47.071  1491  1511 E ApplicationHelper: Fail to get PackageManager
03-12 13:32:47.075  1491  1523 I ActivityManager: Start proc 4184:com.lootgo.app/u0a239 for broadcast {com.lootgo.app/com.lootgo.androidpedometer.BootReceiver}
03-12 13:32:47.102  1491  2104 W AppOpService: Ignored setUidMode call for runtime permission app op: uid = 10112, code = READ_CELL_BROADCASTS, mode = allow, callingUid = 1001, oldMode = allow
03-12 13:32:47.111  1491  1511 E ApplicationHelper: Fail to get PackageManager
03-12 13:32:47.119  1491  3485 W AppOpService: Ignored setUidMode call for runtime permission app op: uid = 1001, code = READ_SMS, mode = allow, callingUid = 1001, oldMode = allow
03-12 13:32:47.120  1491  1511 E ApplicationHelper: Fail to get PackageManager
03-12 13:32:47.130  1491  1506 W AppOpService: Ignored setUidMode call for runtime permission app op: uid = 1001, code = RECEIVE_SMS, mode = allow, callingUid = 1001, oldMode = allow
03-12 13:32:47.134  1491  1506 W AppOpService: Ignored setUidMode call for runtime permission app op: uid = 1001, code = RECEIVE_WAP_PUSH, mode = allow, callingUid = 1001, oldMode = allow
03-12 13:32:47.135  1491  1506 W AppOpService: Ignored setUidMode call for runtime permission app op: uid = 1001, code = SEND_SMS, mode = allow, callingUid = 1001, oldMode = allow
03-12 13:32:47.136  1491  1506 W AppOpService: Ignored setUidMode call for runtime permission app op: uid = 1001, code = READ_CELL_BROADCASTS, mode = allow, callingUid = 1001, oldMode = allow
03-12 13:32:47.155  1491  1511 E ApplicationHelper: Fail to get PackageManager
03-12 13:32:47.233  1491  1511 E ApplicationHelper: Fail to get PackageManager
03-12 13:32:47.233  1491  1511 E ApplicationHelper: Fail to get PackageManager
03-12 13:32:47.243  1491  1511 E ApplicationHelper: Fail to get PackageManager
03-12 13:32:47.243  1491  1491 I TransportConnection: LocalTransportService#0: Notifying [TransportManager.registerTransport()] transport = BackupTransportClient
03-12 13:32:47.260  1491  1511 E ApplicationHelper: Fail to get PackageManager
03-12 13:32:47.260  1491  1511 E ApplicationHelper: Fail to get PackageManager
03-12 13:32:47.267  1491  1511 E ApplicationHelper: Fail to get PackageManager
03-12 13:32:47.267  1491  1511 E ApplicationHelper: Fail to get PackageManager
03-12 13:32:47.308  1491  1511 E ApplicationHelper: Fail to get PackageManager
03-12 13:32:47.308  1491  1511 E ApplicationHelper: Fail to get PackageManager
03-12 13:32:47.308  1491  1511 E ApplicationHelper: Fail to get PackageManager
03-12 13:32:47.308  1491  1511 E ApplicationHelper: Fail to get PackageManager
03-12 13:32:47.319  1491  1511 E ApplicationHelper: Fail to get PackageManager
03-12 13:32:47.319  1491  1511 E ApplicationHelper: Fail to get PackageManager
03-12 13:32:47.319  1491  1511 E ApplicationHelper: Fail to get PackageManager
03-12 13:32:47.340  1491  1511 E ApplicationHelper: Fail to get PackageManager
03-12 13:32:47.347  1491  1562 W AppOpService: Ignored setUidMode call for runtime permission app op: uid = 10112, code = READ_CELL_BROADCASTS, mode = allow, callingUid = 1001, oldMode = allow
03-12 13:32:47.352  1491  3485 W AppOpService: Ignored setUidMode call for runtime permission app op: uid = 1001, code = READ_SMS, mode = allow, callingUid = 1001, oldMode = allow
03-12 13:32:47.353  1491  1506 W AppOpService: Ignored setUidMode call for runtime permission app op: uid = 1001, code = RECEIVE_SMS, mode = allow, callingUid = 1001, oldMode = allow
03-12 13:32:47.354  1491  3485 W AppOpService: Ignored setUidMode call for runtime permission app op: uid = 1001, code = RECEIVE_WAP_PUSH, mode = allow, callingUid = 1001, oldMode = allow
03-12 13:32:47.355  1491  1880 W AppOpService: Ignored setUidMode call for runtime permission app op: uid = 1001, code = SEND_SMS, mode = allow, callingUid = 1001, oldMode = allow
03-12 13:32:47.356  1491  3485 W AppOpService: Ignored setUidMode call for runtime permission app op: uid = 1001, code = READ_CELL_BROADCASTS, mode = allow, callingUid = 1001, oldMode = allow
03-12 13:32:47.357  1491  1511 E ApplicationHelper: Fail to get PackageManager
03-12 13:32:47.363  1491  1511 E ApplicationHelper: Fail to get PackageManager
03-12 13:32:47.363  1491  1511 E ApplicationHelper: Fail to get PackageManager
03-12 13:32:47.372  1491  1511 E ApplicationHelper: Fail to get PackageManager
03-12 13:32:47.377  1491  1511 E ApplicationHelper: Fail to get PackageManager
03-12 13:32:47.377  1491  1511 E ApplicationHelper: Fail to get PackageManager
03-12 13:32:47.380  1491  1523 I ActivityManager: Start proc 4258:com.google.android.apps.restore/u0a107 for service {com.google.android.apps.restore/com.google.android.apps.restore.transport.BackupTransportService}
03-12 13:32:47.388  1491  1511 E ApplicationHelper: Fail to get PackageManager
03-12 13:32:47.444  1491  1511 E ApplicationHelper: Fail to get PackageManager
03-12 13:32:47.449  1491  1511 E ApplicationHelper: Fail to get PackageManager
03-12 13:32:47.536  1491  1511 E ApplicationHelper: Fail to get PackageManager
03-12 13:32:47.549  1491  1511 E ApplicationHelper: Fail to get PackageManager
03-12 13:32:47.552  1491  1511 E ApplicationHelper: Fail to get PackageManager
03-12 13:32:47.590  1491  1511 E ApplicationHelper: Fail to get PackageManager
03-12 13:32:47.653  1491  1511 E ApplicationHelper: Fail to get PackageManager
03-12 13:32:47.656  1491  1511 E ApplicationHelper: Fail to get PackageManager
03-12 13:32:47.762  1491  1511 E ApplicationHelper: Fail to get PackageManager
03-12 13:32:47.783  1491  1506 W AppOpService: Ignored setUidMode call for runtime permission app op: uid = 10112, code = READ_CELL_BROADCASTS, mode = allow, callingUid = 1001, oldMode = allow
03-12 13:32:47.785  1491  1506 W AppOpService: Ignored setUidMode call for runtime permission app op: uid = 1001, code = READ_SMS, mode = allow, callingUid = 1001, oldMode = allow
03-12 13:32:47.785  1491  3500 W AppOpService: Ignored setUidMode call for runtime permission app op: uid = 1001, code = RECEIVE_SMS, mode = allow, callingUid = 1001, oldMode = allow
03-12 13:32:47.786  1491  3500 W AppOpService: Ignored setUidMode call for runtime permission app op: uid = 1001, code = RECEIVE_WAP_PUSH, mode = allow, callingUid = 1001, oldMode = allow
03-12 13:32:47.786  1491  3500 W AppOpService: Ignored setUidMode call for runtime permission app op: uid = 1001, code = SEND_SMS, mode = allow, callingUid = 1001, oldMode = allow
03-12 13:32:47.786  1491  3500 W AppOpService: Ignored setUidMode call for runtime permission app op: uid = 1001, code = READ_CELL_BROADCASTS, mode = allow, callingUid = 1001, oldMode = allow
03-12 13:32:47.805  1491  1511 E ApplicationHelper: Fail to get PackageManager
03-12 13:32:47.805  1491  1511 E ApplicationHelper: Fail to get PackageManager
03-12 13:32:47.918  1491  1523 I ActivityManager: Start proc 4350:com.google.android.gms.unstable/u0a116 for service {com.google.android.gms/com.google.android.gms.droidguard.DroidGuardService}
03-12 13:32:47.971  1491  1507 I ActivityManager: Background started FGS: Allowed [callingPackage: com.google.android.apps.messaging; callingUid: 10112; uidState: BFGS; uidBFSL: [BFSL]; intent: Intent { cmp=com.google.android.apps.messaging/com.google.apps.tiktok.concurrent.InternalForegroundService (has extras) }; code:PROC_STATE_BFGS; tempAllowListReason:<c5e34ef android.provider.Telephony.SMS_DELIVER/u0,reasonCode:EVENT_SMS,duration:20000,callingUid:1001>; targetSdkVersion:36; callerTargetSdkVersion:36; startForegroundCount:0; bindFromPackage:null: isBindService:false]
03-12 13:32:47.974  1491  1511 E ApplicationHelper: Fail to get PackageManager
03-12 13:32:47.974  1491  1511 E ApplicationHelper: Fail to get PackageManager
03-12 13:32:48.002  1491  1511 E ApplicationHelper: Fail to get PackageManager
03-12 13:32:48.004  1491  3506 W ActivityManager: Foreground service started from background can not have location/camera/microphone access: service com.google.android.apps.messaging/com.google.apps.tiktok.concurrent.InternalForegroundService
03-12 13:32:48.005  1491  3506 W ForegroundServiceTypeLoggerModule: Foreground service start for UID: 10112 does not have any types
03-12 13:32:48.029  1491  1511 E ApplicationHelper: Fail to get PackageManager
03-12 13:32:48.053  1491  1511 E ApplicationHelper: Fail to get PackageManager
03-12 13:32:48.053  1491  1511 E ApplicationHelper: Fail to get PackageManager
03-12 13:32:48.062  1491  1511 E ApplicationHelper: Fail to get PackageManager
03-12 13:32:48.062  1491  1511 E ApplicationHelper: Fail to get PackageManager
03-12 13:32:48.062  1491  1511 E ApplicationHelper: Fail to get PackageManager
03-12 13:32:48.154  1491  1511 E ApplicationHelper: Fail to get PackageManager
03-12 13:32:48.154  1491  1511 E ApplicationHelper: Fail to get PackageManager
03-12 13:32:48.181  1491  1511 E ApplicationHelper: Fail to get PackageManager
03-12 13:32:48.181  1491  1511 E ApplicationHelper: Fail to get PackageManager
03-12 13:32:48.209  1491  1511 E ApplicationHelper: Fail to get PackageManager
03-12 13:32:48.214  1491  1511 E ApplicationHelper: Fail to get PackageManager
03-12 13:32:48.216  3327  3795 W KeyphraseEnrollmentInfo: No enrollment application supports the given keyphrase/locale: 'X Google'/en_US
03-12 13:32:48.216  3327  3795 W KeyphraseEnrollmentInfo: No enrollment application supports the given keyphrase/locale: 'X Google'/en_US
03-12 13:32:48.216  3327  3795 W KeyphraseEnrollmentInfo: No enrollment application supports the given keyphrase/locale: 'X Google'/ar_EG
03-12 13:32:48.217  3327  3795 W KeyphraseEnrollmentInfo: No enrollment application supports the given keyphrase/locale: 'X Google'/en_US
03-12 13:32:48.217  3327  3795 W KeyphraseEnrollmentInfo: No enrollment application supports the given keyphrase/locale: 'Ok Google'/en_US
03-12 13:32:48.217  3327  3795 W KeyphraseEnrollmentInfo: No enrollment application supports the given keyphrase/locale: 'Ok Google'/ar_EG
03-12 13:32:48.217  3327  3795 W KeyphraseEnrollmentInfo: No enrollment application supports the given keyphrase/locale: 'Ok Google'/en_US
03-12 13:32:48.218  3327  3795 W KeyphraseEnrollmentInfo: No enrollment application supports the given keyphrase/locale: 'Y Google'/en_US
03-12 13:32:48.218  1491  1511 E ApplicationHelper: Fail to get PackageManager
03-12 13:32:48.221  1491  1506 I SoundTriggerMiddlewareLogging: LIST_MODULE [client= "com.google.android.googlequicksearchbox"] () -> [ {Id: 0, Implementor: The Soundtrigger HAL Project, Version: 1235201314}, {Id: 1, Implementor: android, Version: 1} ]
03-12 13:32:48.223  1491  1507 I SoundTriggerMiddlewareLogging: LIST_MODULE [client= "com.google.android.googlequicksearchbox"] () -> [ {Id: 0, Implementor: The Soundtrigger HAL Project, Version: 1235201314}, {Id: 1, Implementor: android, Version: 1} ]
03-12 13:32:48.226  1491  1507 I SoundTriggerMiddlewareLogging: ATTACH [client= "com.google.android.googlequicksearchbox1"] (0, android.hardware.soundtrigger.SoundTriggerModule$EventHandlerDelegate@1fd0e97, false) -> com.android.server.soundtrigger_middleware.SoundTriggerModule$Session@e4da31
03-12 13:32:48.230  1491  1507 I SoundTriggerMiddlewareLogging: LIST_MODULE [client= "com.google.android.googlequicksearchbox"] () -> [ {Id: 0, Implementor: The Soundtrigger HAL Project, Version: 1235201314}, {Id: 1, Implementor: android, Version: 1} ]
03-12 13:32:48.239  1491  1523 I ActivityManager: Start proc 4406:com.google.android.onetimeinitializer/u0a103 for broadcast {com.google.android.onetimeinitializer/com.google.android.onetimeinitializer.OneTimeInitializerReceiver}
03-12 13:32:48.274  1491  1511 E ApplicationHelper: Fail to get PackageManager
03-12 13:32:48.286  1491  1511 E ApplicationHelper: Fail to get PackageManager
03-12 13:32:48.286  1491  1511 E ApplicationHelper: Fail to get PackageManager
03-12 13:32:48.288  1491  1511 E ApplicationHelper: Fail to get PackageManager
03-12 13:32:48.290  1491  1511 E ApplicationHelper: Fail to get PackageManager
03-12 13:32:48.290  1491  1506 W JobScheduler: Job didn't exist in JobStore: ac73c6b #u0a122/112 com.android.chrome/org.chromium.components.background_task_scheduler.internal.BackgroundTaskJobService
03-12 13:32:48.305  1491  1511 E ApplicationHelper: Fail to get PackageManager
03-12 13:32:48.305  1491  1511 E ApplicationHelper: Fail to get PackageManager
03-12 13:32:48.305  1491  1511 E ApplicationHelper: Fail to get PackageManager
03-12 13:32:48.305  1491  1511 E ApplicationHelper: Fail to get PackageManager
03-12 13:32:48.309  1491  1511 E ApplicationHelper: Fail to get PackageManager
03-12 13:32:48.366  1491  1511 E ApplicationHelper: Fail to get PackageManager
03-12 13:32:48.390  1491  1511 E ApplicationHelper: Fail to get PackageManager
03-12 13:32:48.394  1491  1491 I TransportConnection: BackupTransportService#1: Notifying [TransportManager.registerTransport()] transport = BackupTransportClient
03-12 13:32:48.396  1491  1511 E ApplicationHelper: Fail to get PackageManager
03-12 13:32:48.427  1491  1511 E ApplicationHelper: Fail to get PackageManager
03-12 13:32:48.431  1491  1511 E ApplicationHelper: Fail to get PackageManager
03-12 13:32:48.470  1491  3506 W AppOpService: Ignored setUidMode call for runtime permission app op: uid = 10112, code = READ_CELL_BROADCASTS, mode = allow, callingUid = 1001, oldMode = allow
03-12 13:32:48.473  1491  3502 W AppOpService: Ignored setUidMode call for runtime permission app op: uid = 1001, code = READ_SMS, mode = allow, callingUid = 1001, oldMode = allow
03-12 13:32:48.473  1491  1511 E ApplicationHelper: Fail to get PackageManager
03-12 13:32:48.474  1491  3502 W AppOpService: Ignored setUidMode call for runtime permission app op: uid = 1001, code = RECEIVE_SMS, mode = allow, callingUid = 1001, oldMode = allow
03-12 13:32:48.476  1491  3502 W AppOpService: Ignored setUidMode call for runtime permission app op: uid = 1001, code = RECEIVE_WAP_PUSH, mode = allow, callingUid = 1001, oldMode = allow
03-12 13:32:48.476  1491  3502 W AppOpService: Ignored setUidMode call for runtime permission app op: uid = 1001, code = SEND_SMS, mode = allow, callingUid = 1001, oldMode = allow
03-12 13:32:48.476  1491  2104 W AppOpService: Ignored setUidMode call for runtime permission app op: uid = 1001, code = READ_CELL_BROADCASTS, mode = allow, callingUid = 1001, oldMode = allow
03-12 13:32:48.487  3327  3775 W KeyphraseEnrollmentInfo: No enrollment application supports the given keyphrase/locale: 'X Google'/en_US
03-12 13:32:48.487  1491  1511 E ApplicationHelper: Fail to get PackageManager
03-12 13:32:48.487  3327  3775 W KeyphraseEnrollmentInfo: No enrollment application supports the given keyphrase/locale: 'X Google'/en_US
03-12 13:32:48.487  3327  3775 W KeyphraseEnrollmentInfo: No enrollment application supports the given keyphrase/locale: 'X Google'/ar_EG
03-12 13:32:48.487  3327  3775 W KeyphraseEnrollmentInfo: No enrollment application supports the given keyphrase/locale: 'X Google'/en_US
03-12 13:32:48.487  3327  3775 W KeyphraseEnrollmentInfo: No enrollment application supports the given keyphrase/locale: 'Ok Google'/en_US
03-12 13:32:48.487  3327  3775 W KeyphraseEnrollmentInfo: No enrollment application supports the given keyphrase/locale: 'Ok Google'/ar_EG
03-12 13:32:48.487  3327  3775 W KeyphraseEnrollmentInfo: No enrollment application supports the given keyphrase/locale: 'Ok Google'/en_US
03-12 13:32:48.487  1491  1511 E ApplicationHelper: Fail to get PackageManager
03-12 13:32:48.487  3327  3775 W KeyphraseEnrollmentInfo: No enrollment application supports the given keyphrase/locale: 'Y Google'/en_US
03-12 13:32:48.551  1491  1491 I TransportConnection: D2dTransportService#2: Notifying [TransportManager.registerTransport()] transport = BackupTransportClient
03-12 13:32:48.558  1491  1511 E ApplicationHelper: Fail to get PackageManager
03-12 13:32:48.560  1491  1511 E ApplicationHelper: Fail to get PackageManager
03-12 13:32:48.562  1491  1511 E ApplicationHelper: Fail to get PackageManager
03-12 13:32:48.576  1491  1523 I ActivityManager: Start proc 4494:com.android.externalstorage/u0a45 for broadcast {com.android.externalstorage/com.android.externalstorage.MountReceiver}
03-12 13:32:48.576  1491  1511 E ApplicationHelper: Fail to get PackageManager
03-12 13:32:48.579  1491  1511 E ApplicationHelper: Fail to get PackageManager
03-12 13:32:48.583  1491  1511 E ApplicationHelper: Fail to get PackageManager
03-12 13:32:48.595  1491  1491 W ContextImpl: Calling a method in the system process without a qualified user: android.app.ContextImpl.startService:1951 android.content.ContextWrapper.startService:848 android.content.ContextWrapper.startService:848 com.mediatek.location.lppe.main.LPPeBootUpReceiver.onReceive:18 android.app.ActivityThread.handleReceiver:4814 
03-12 13:32:48.598  1491  1511 E ApplicationHelper: Fail to get PackageManager
03-12 13:32:48.599  1491  1491 W TextToSpeechManagerPerUserService: Disconnected from TTS engine
03-12 13:32:48.634  1491  1511 E ApplicationHelper: Fail to get PackageManager
03-12 13:32:48.710  1491  1511 E ApplicationHelper: Fail to get PackageManager
03-12 13:32:48.714  1491  1511 E ApplicationHelper: Fail to get PackageManager
03-12 13:32:48.723  1491  1523 I ActivityManager: Start proc 4516:com.farcaster.mobile/u0a235 for broadcast {com.farcaster.mobile/com.farcaster.mobile.notifications.service.NotificationsService}
03-12 13:32:48.723  1491  1491 W Looper  : Slow dispatch took 124ms main h=android.app.ActivityThread$H c=null m=114
03-12 13:32:48.728  1491  1491 I TransportConnection: BackupTransportService#3: Notifying [TransportManager.registerTransport()] transport = BackupTransportClient
03-12 13:32:48.734  1491  1511 E ApplicationHelper: Fail to get PackageManager
03-12 13:32:48.741  1491  1511 E ApplicationHelper: Fail to get PackageManager
03-12 13:32:48.759  1491  3315 I BackupManagerService: [UserID:0] Found 17 stale backup journal(s), scheduling.
03-12 13:32:48.763  1491  1511 E ApplicationHelper: Fail to get PackageManager
03-12 13:32:48.767  1491  1511 E ApplicationHelper: Fail to get PackageManager
03-12 13:32:48.839  1491  1523 I ActivityManager: Start proc 4534:com.google.android.apps.tachyon/u0a130 for service {com.google.android.apps.tachyon/com.google.android.apps.tachyon.clientapi.ClientApiService}
03-12 13:32:48.849  1491  1511 E ApplicationHelper: Fail to get PackageManager
03-12 13:32:48.850  1491  2104 W JobScheduler: Job didn't exist in JobStore: 4986302 {androidx.work.systemjobscheduler} #u0a239/39 @androidx.work.systemjobscheduler@com.lootgo.app/androidx.work.impl.background.systemjob.SystemJobService
03-12 13:32:48.860  1491  1511 E ApplicationHelper: Fail to get PackageManager
03-12 13:32:48.869  1491  3315 I BackupManagerService: [UserID:0] Stale backup journals: Scheduled 45 package(s) total
03-12 13:32:48.870  1491  1511 E ApplicationHelper: Fail to get PackageManager
03-12 13:32:48.875  1491  1511 E ApplicationHelper: Fail to get PackageManager
03-12 13:32:48.876  1491  1511 E ApplicationHelper: Fail to get PackageManager
03-12 13:32:48.906  1491  1511 E ApplicationHelper: Fail to get PackageManager
03-12 13:32:48.906  1491  1511 E ApplicationHelper: Fail to get PackageManager
03-12 13:32:48.910  1491  1511 E ApplicationHelper: Fail to get PackageManager
03-12 13:32:48.911  1491  1511 E ApplicationHelper: Fail to get PackageManager
03-12 13:32:48.969  1491  1511 E ApplicationHelper: Fail to get PackageManager
03-12 13:32:48.971  1491  1511 E ApplicationHelper: Fail to get PackageManager
03-12 13:32:48.999  1491  1521 W NotificationHistory: Attempted to remove conversation for locked/gone/disabled user 0
03-12 13:32:49.067  1491  1511 E ApplicationHelper: Fail to get PackageManager
03-12 13:32:49.069  1491  1511 E ApplicationHelper: Fail to get PackageManager
03-12 13:32:49.098  1491  1511 E ApplicationHelper: Fail to get PackageManager
03-12 13:32:49.110  1491  1511 E ApplicationHelper: Fail to get PackageManager
03-12 13:32:49.123  1491  1523 I ActivityManager: Start proc 4622:com.google.android.projection.gearhead:shared/u0a97 for broadcast {com.google.android.projection.gearhead/com.google.android.apps.auto.wireless.bluetooth.WifiBluetoothReceiver}
03-12 13:32:49.163  1491  1511 E ApplicationHelper: Fail to get PackageManager
03-12 13:32:49.166  1491  1565 W NotificationService: notification 0|com.google.android.apps.messaging|2|com.google.android.apps.messaging:incoming_message:5|10112 added an invalid shortcut
03-12 13:32:49.227  1491  1565 W UserManagerService: Requested status bar icon for non-badged user 0
03-12 13:32:49.296  1491  1511 E ApplicationHelper: Fail to get PackageManager
03-12 13:32:49.296  1491  1511 E ApplicationHelper: Fail to get PackageManager
03-12 13:32:49.296  1491  1511 E ApplicationHelper: Fail to get PackageManager
03-12 13:32:49.296  1491  1511 E ApplicationHelper: Fail to get PackageManager
03-12 13:32:49.296  1491  1511 E ApplicationHelper: Fail to get PackageManager
03-12 13:32:49.296  1491  1511 E ApplicationHelper: Fail to get PackageManager
03-12 13:32:49.296  1491  1511 E ApplicationHelper: Fail to get PackageManager
03-12 13:32:49.296  1491  1511 E ApplicationHelper: Fail to get PackageManager
03-12 13:32:49.296  1491  1511 E ApplicationHelper: Fail to get PackageManager
03-12 13:32:49.296  1491  1511 E ApplicationHelper: Fail to get PackageManager
03-12 13:32:49.296  1491  1511 E ApplicationHelper: Fail to get PackageManager
03-12 13:32:49.296  1491  1511 E ApplicationHelper: Fail to get PackageManager
03-12 13:32:49.296  1491  1511 E ApplicationHelper: Fail to get PackageManager
03-12 13:32:49.296  1491  1511 E ApplicationHelper: Fail to get PackageManager
03-12 13:32:49.296  1491  1511 E ApplicationHelper: Fail to get PackageManager
03-12 13:32:49.296  1491  1511 E ApplicationHelper: Fail to get PackageManager
03-12 13:32:49.296  1491  1511 E ApplicationHelper: Fail to get PackageManager
03-12 13:32:49.296  1491  1511 E ApplicationHelper: Fail to get PackageManager
03-12 13:32:49.296  1491  1511 E ApplicationHelper: Fail to get PackageManager
03-12 13:32:49.296  1491  1511 E ApplicationHelper: Fail to get PackageManager
03-12 13:32:49.362  1491  1511 E ApplicationHelper: Fail to get PackageManager
03-12 13:32:49.369  1491  1491 I AS.AudioService: shouldNotificationSoundPlay false: muted stream:5 attr:AudioAttributes: usage=USAGE_NOTIFICATION content=CONTENT_TYPE_SONIFICATION flags=0x800 tags= bundle=null
03-12 13:32:49.373  1491  1491 W NotificationHistory: Attempted to add notif for locked/gone/disabled user 0
03-12 13:32:49.378  1491  1511 E ApplicationHelper: Fail to get PackageManager
03-12 13:32:49.379  1491  1522 I ActivityManager: reportOnUserCompletedEvent(0): stored=10, eligible=111
03-12 13:32:49.379  1491  1522 I SystemServiceManager: Calling onCompletedEventUser 0
03-12 13:32:49.381  1491  1491 E NotifAttentionHelper: Muting recently noisy 0|com.google.android.apps.messaging|2|com.google.android.apps.messaging:incoming_message:31|10112
03-12 13:32:49.382  1491  1491 W NotificationHistory: Attempted to add notif for locked/gone/disabled user 0
03-12 13:32:49.415  1491  1511 E ApplicationHelper: Fail to get PackageManager
03-12 13:32:49.425  1491  1511 E ApplicationHelper: Fail to get PackageManager
03-12 13:32:49.425  1491  2134 W JobScheduler: Job didn't exist in JobStore: 5df982a #u0a99/284347269 com.google.android.as/com.google.android.apps.miphone.aiai.actions.service.ActionRankingDataTtlService
03-12 13:32:49.433  1491  1511 E ApplicationHelper: Fail to get PackageManager
03-12 13:32:49.440  1491  1511 E ApplicationHelper: Fail to get PackageManager
03-12 13:32:49.457  1491  1511 E ApplicationHelper: Fail to get PackageManager
03-12 13:32:49.458  1491  1511 E ApplicationHelper: Fail to get PackageManager
03-12 13:32:49.471  1491  1511 E ApplicationHelper: Fail to get PackageManager
03-12 13:32:49.483  1491  1511 E ApplicationHelper: Fail to get PackageManager
03-12 13:32:49.483  1491  1511 E ApplicationHelper: Fail to get PackageManager
03-12 13:32:49.485  1491  2134 W UserManagerService: Requested status bar icon for non-badged user 0
03-12 13:32:49.486  1491  1565 W UserManagerService: Requested status bar icon for non-badged user 0
03-12 13:32:49.487  1491  1880 W UserManagerService: Requested status bar icon for non-badged user 0
03-12 13:32:49.509  1943  1943 I SmartRatSwitch: mtk-brm-commit-id:b5a60cc69a1756c521ec182159b2accf61e98864
03-12 13:32:49.509  1943  1943 I SmartRatSwitch: mtk-brm-change-id:I4b61c3110cf0ec624b06cc6b58c35cc1bb10baec
03-12 13:32:49.509  1943  1943 I SmartRatSwitch: mtk-brm-merge-id:none
03-12 13:32:49.515  1491  1523 I ActivityManager: Start proc 4699:com.sleepagotchi.soft.app/u0a249 for broadcast {com.sleepagotchi.soft.app/com.sleepagotchi.sleeptracker.sleepapi.BootReceiver}
03-12 13:32:49.565  1491  1511 E ApplicationHelper: Fail to get PackageManager
03-12 13:32:49.566  1491  2138 W ActivityManager: Foreground service started from background can not have location/camera/microphone access: service com.google.android.apps.messaging/com.google.apps.tiktok.concurrent.InternalForegroundService
03-12 13:32:49.566  1491  2138 I ActivityManager: Background started FGS: Allowed [callingPackage: com.google.android.apps.messaging; callingUid: 10112; uidState: FGS ; uidBFSL: [BFSL]; intent: Intent { cmp=com.google.android.apps.messaging/com.google.apps.tiktok.concurrent.InternalForegroundService }; code:PROC_STATE_FGS; tempAllowListReason:<eef6cc1 android.provider.Telephony.SMS_RECEIVED/u0,reasonCode:EVENT_SMS,duration:20000,callingUid:1001>; targetSdkVersion:36; callerTargetSdkVersion:36; startForegroundCount:1; bindFromPackage:null: isBindService:false] (Called on SHORT_SERVICE)
03-12 13:32:49.585  1491  1511 E ApplicationHelper: Fail to get PackageManager
03-12 13:32:49.586  1491  1511 E ApplicationHelper: Fail to get PackageManager
03-12 13:32:49.592  1491  1511 E ApplicationHelper: Fail to get PackageManager
03-12 13:32:49.614  1491  1511 E ApplicationHelper: Fail to get PackageManager
03-12 13:32:49.616  1491  1511 E ApplicationHelper: Fail to get PackageManager
03-12 13:32:49.618  1491  1511 E ApplicationHelper: Fail to get PackageManager
03-12 13:32:49.632  1491  1511 E ApplicationHelper: Fail to get PackageManager
03-12 13:32:49.635  1491  1511 E ApplicationHelper: Fail to get PackageManager
03-12 13:32:49.654  1491  1511 E ApplicationHelper: Fail to get PackageManager
03-12 13:32:49.660  1491  1511 E ApplicationHelper: Fail to get PackageManager
03-12 13:32:49.660  1491  1511 E ApplicationHelper: Fail to get PackageManager
03-12 13:32:49.678  1491  1491 I Telecom-PhoneAccountRegistrar: getSimCallManager: SimCallManager for subId 1 queried, returning: null: TSI.gSCMFU(a)@AMg
03-12 13:32:49.774  1491  4726 I Telecom-CallsManager: updateEmergencyCallNotificationAsync; show=false: CM.UEMCNA@AMk
03-12 13:32:49.787  1491  1511 E ApplicationHelper: Fail to get PackageManager
03-12 13:32:49.787  1491  1511 E ApplicationHelper: Fail to get PackageManager
03-12 13:32:49.787  1491  1511 E ApplicationHelper: Fail to get PackageManager
03-12 13:32:49.792  1491  1511 E ApplicationHelper: Fail to get PackageManager
03-12 13:32:49.792  1491  1511 E ApplicationHelper: Fail to get PackageManager
03-12 13:32:49.795  1491  1511 E ApplicationHelper: Fail to get PackageManager
03-12 13:32:49.799  1491  1511 E ApplicationHelper: Fail to get PackageManager
03-12 13:32:49.799  1491  1511 E ApplicationHelper: Fail to get PackageManager
03-12 13:32:49.802  1491  1565 I WindowManager: Relayout Window{bb206d4 u0 NotificationShade}: oldVis=4 newVis=0 focusMayChange = true requestedWidth = 1200 requestedHeight = 2670 outFrames = ClientWindowFrames{frame=[0,0][1200,2670] display=[0,0][1200,2670] parentFrame=[0,0][0,0]} outSurfaceControl = Surface(name=NotificationShade)/@0xa0c9cb9
03-12 13:32:49.862  1491  4724 I Telecom-CallsManager: updateEmergencyCallNotificationAsync; show=false: CM.UEMCNA@AMo
03-12 13:32:49.891  1491  1511 E ApplicationHelper: Fail to get PackageManager
03-12 13:32:49.927  1491  1491 W Looper  : Slow dispatch took 153ms main h=com.android.server.notification.NotificationManagerService$WorkerHandler c=com.android.server.notification.NotificationManagerService$CancelNotificationRunnable@38a50c5 m=0
03-12 13:32:50.023  1491  1511 E ApplicationHelper: Fail to get PackageManager
03-12 13:32:50.025  1491  1511 E ApplicationHelper: Fail to get PackageManager
03-12 13:32:50.033  1491  1511 E ApplicationHelper: Fail to get PackageManager
03-12 13:32:50.050  1491  1511 E ApplicationHelper: Fail to get PackageManager
03-12 13:32:50.083  1491  1511 E ApplicationHelper: Fail to get PackageManager
03-12 13:32:50.086  1491  1511 E ApplicationHelper: Fail to get PackageManager
03-12 13:32:50.112  1491  1523 I ActivityManager: Start proc 4761:com.android.imsserviceentitlement/u0a105 for broadcast {com.android.imsserviceentitlement/com.android.imsserviceentitlement.ImsEntitlementReceiver}
03-12 13:32:50.172  1491  1511 E ApplicationHelper: Fail to get PackageManager
03-12 13:32:50.208  1491  1511 E ApplicationHelper: Fail to get PackageManager
03-12 13:32:50.230  1491  1491 I Telecom-PhoneAccountRegistrar: getSimCallManager: SimCallManager for subId 1 queried, returning: null: TSI.gSCMFU(a)@AM0
03-12 13:32:50.257  1491  1511 E ApplicationHelper: Fail to get PackageManager
03-12 13:32:50.320  1491  1511 E ApplicationHelper: Fail to get PackageManager
03-12 13:32:50.321  1491  1511 E ApplicationHelper: Fail to get PackageManager
03-12 13:32:50.327  1491  1511 E ApplicationHelper: Fail to get PackageManager
03-12 13:32:50.347  1491  1511 E ApplicationHelper: Fail to get PackageManager
03-12 13:32:50.363  1491  1511 E ApplicationHelper: Fail to get PackageManager
03-12 13:32:50.363  1491  1511 E ApplicationHelper: Fail to get PackageManager
03-12 13:32:50.366  1491  1511 E ApplicationHelper: Fail to get PackageManager
03-12 13:32:50.370  1491  1511 E ApplicationHelper: Fail to get PackageManager
03-12 13:32:50.370  1491  1511 E ApplicationHelper: Fail to get PackageManager
03-12 13:32:50.376  1491  1511 E ApplicationHelper: Fail to get PackageManager
03-12 13:32:50.380  1491  1511 E ApplicationHelper: Fail to get PackageManager
03-12 13:32:50.388  1491  1511 E ApplicationHelper: Fail to get PackageManager
03-12 13:32:50.522  1491  1511 E ApplicationHelper: Fail to get PackageManager
03-12 13:32:50.565  1491  1511 E ApplicationHelper: Fail to get PackageManager
03-12 13:32:50.582  1491  1523 I ActivityManager: Start proc 4854:com.android.rkpdapp/u0a188 for service {com.android.rkpdapp/com.android.rkpdapp.service.RemoteProvisioningService}
03-12 13:32:50.602  1491  1523 I ActivityManager: Start proc 4857:com.google.android.apps.carrier.carrierwifi/u0a100 for broadcast {com.google.android.apps.carrier.carrierwifi/com.google.android.apps.carrier.carrierwifi.CarrierWifiReceiver}
03-12 13:32:50.625  1491  1511 E ApplicationHelper: Fail to get PackageManager
03-12 13:32:50.632  1491  1511 E ApplicationHelper: Fail to get PackageManager
03-12 13:32:50.634  1491  1511 E ApplicationHelper: Fail to get PackageManager
03-12 13:32:50.652  1491  1511 E ApplicationHelper: Fail to get PackageManager
03-12 13:32:50.661  1491  1511 E ApplicationHelper: Fail to get PackageManager
03-12 13:32:50.672  1491  1511 E ApplicationHelper: Fail to get PackageManager
03-12 13:32:50.677  1491  1511 E ApplicationHelper: Fail to get PackageManager
03-12 13:32:50.680  1491  1511 E ApplicationHelper: Fail to get PackageManager
03-12 13:32:50.685  1491  1511 E ApplicationHelper: Fail to get PackageManager
03-12 13:32:50.744  1491  1511 E ApplicationHelper: Fail to get PackageManager
03-12 13:32:50.746  1491  1511 E ApplicationHelper: Fail to get PackageManager
03-12 13:32:50.765  1491  1523 I ActivityManager: Start proc 4891:com.android.camera/u0a61 for content provider {com.android.camera/com.android.photos.data.SpecialTypesProvider}
03-12 13:32:50.767  1491  1511 E ApplicationHelper: Fail to get PackageManager
03-12 13:32:50.767  1491  1511 E ApplicationHelper: Fail to get PackageManager
03-12 13:32:50.784  1491  1511 E ApplicationHelper: Fail to get PackageManager
03-12 13:32:50.788  1491  1511 E ApplicationHelper: Fail to get PackageManager
03-12 13:32:50.808  1491  1511 E ApplicationHelper: Fail to get PackageManager
03-12 13:32:50.842  1491  1511 E ApplicationHelper: Fail to get PackageManager
03-12 13:32:50.843  1491  1511 E ApplicationHelper: Fail to get PackageManager
03-12 13:32:50.861  1491  1511 E ApplicationHelper: Fail to get PackageManager
03-12 13:32:50.863  1491  1523 I ActivityManager: Start proc 4908:com.android.dynsystem/1000 for broadcast {com.android.dynsystem/com.android.dynsystem.BootCompletedReceiver}
03-12 13:32:50.867  1491  1511 E ApplicationHelper: Fail to get PackageManager
03-12 13:32:50.869  1491  1511 E ApplicationHelper: Fail to get PackageManager
03-12 13:32:50.891  1491  1511 E ApplicationHelper: Fail to get PackageManager
03-12 13:32:50.921  1491  1511 E ApplicationHelper: Fail to get PackageManager
03-12 13:32:50.986  1491  3485 W UriGrantsManagerService: No permission grants found for com.google.android.apps.photos
03-12 13:32:50.987  1491  3502 W UriGrantsManagerService: No permission grants found for com.google.android.apps.photos
03-12 13:32:51.024  1491  1511 E ApplicationHelper: Fail to get PackageManager
03-12 13:32:51.029  1491  1511 E ApplicationHelper: Fail to get PackageManager
03-12 13:32:51.035  1491  1511 E ApplicationHelper: Fail to get PackageManager
03-12 13:32:51.036  1491  3502 E JobScheduler.Concurrency: # stated jobs for 8 went negative.
03-12 13:32:51.038  1491  1511 E ApplicationHelper: Fail to get PackageManager
03-12 13:32:51.039  1491  1523 I ActivityManager: Start proc 4951:com.android.managedprovisioning/u0a52 for broadcast {com.android.managedprovisioning/com.android.managedprovisioning.BootReminder}
03-12 13:32:51.054  1491  1511 E ApplicationHelper: Fail to get PackageManager
03-12 13:32:51.056  1491  1523 I ActivityManager: Start proc 4955:com.android.dynsystem:dynsystem/1000 for service {com.android.dynsystem/com.android.dynsystem.DynamicSystemInstallationService}
03-12 13:32:51.057  1491  1511 E ApplicationHelper: Fail to get PackageManager
03-12 13:32:51.064  1491  1511 E ApplicationHelper: Fail to get PackageManager
03-12 13:32:51.121  1491  1511 E ApplicationHelper: Fail to get PackageManager
03-12 13:32:51.150  1491  1511 E ApplicationHelper: Fail to get PackageManager
03-12 13:32:51.150  1491  1491 W JobScheduler: Job didn't exist in JobStore: 8e4e342 {androidx.work.systemjobscheduler} #u0a100/196 @androidx.work.systemjobscheduler@com.google.android.apps.carrier.carrierwifi/androidx.work.impl.background.systemjob.SystemJobService
03-12 13:32:51.155  1491  1511 E ApplicationHelper: Fail to get PackageManager
03-12 13:32:51.156  1491  1578 E JobScheduler.Concurrency: # stated jobs for 8 went negative.
03-12 13:32:51.164  1491  1511 E ApplicationHelper: Fail to get PackageManager
03-12 13:32:51.166  1491  1511 E ApplicationHelper: Fail to get PackageManager
03-12 13:32:51.176  1491  1511 E ApplicationHelper: Fail to get PackageManager
03-12 13:32:51.268  1491  1511 E ApplicationHelper: Fail to get PackageManager
03-12 13:32:51.268  1491  1511 E ApplicationHelper: Fail to get PackageManager
03-12 13:32:51.270  1491  1511 E ApplicationHelper: Fail to get PackageManager
03-12 13:32:51.288  1491  1564 I DynamicSystemService: isInstalled(): false
03-12 13:32:51.290  1491  1511 E ApplicationHelper: Fail to get PackageManager
03-12 13:32:51.298  1491  1511 E ApplicationHelper: Fail to get PackageManager
03-12 13:32:51.304  1491  1511 E ApplicationHelper: Fail to get PackageManager
03-12 13:32:51.307  1491  3485 I Telecom-CallsManager: Sending phone-account ComponentInfo{com.google.android.apps.tachyon/com.google.android.apps.tachyon}, ***, UserHandle{0} unregistered intent as user: TSI.uPA(cgaat)@ANE
03-12 13:32:51.308  1491  3485 I Telecom-CallsManager: Sending phone-account unregistered intent to default dialer: TSI.uPA(cgaat)@ANE
03-12 13:32:51.310  1491  1564 W Telecom-TelecomServiceImpl$1: registerPhoneAccount - attempt to set a group from a non-system caller.: TSI.rPA(cgaat)@ANI
03-12 13:32:51.310  1491  1564 I Telecom-TelecomServiceImpl$1: registerPhoneAccount: account=[[ ] PhoneAccount: ComponentInfo{com.google.android.apps.tachyon/com.google.android.apps.tachyon}, ***, UserHandle{0} Capabilities: SelfManaged SuppVideo Video TransactOps  Audio Routes: BESW Schemes: tel  Extras: Bundle[{isCoreTelecomAccount=true}] GroupId: *** SC Restrictions: [NONE]]: TSI.rPA(cgaat)@ANI
03-12 13:32:51.310  1491  1564 I Telecom-PhoneAccountRegistrar: New phone account registered: [[ ] PhoneAccount: ComponentInfo{com.google.android.apps.tachyon/com.google.android.apps.tachyon}, ***, UserHandle{0} Capabilities: SelfManaged SuppVideo Video TransactOps  Audio Routes: BESW Schemes: tel  Extras: Bundle[{isCoreTelecomAccount=true}] GroupId: *** SC Restrictions: [NONE]]: TSI.rPA(cgaat)@ANI
03-12 13:32:51.312  1491  1564 I Telecom : AppLabelProxy: package com.google.android.apps.tachyon: name is Meet: TSI.rPA(cgaat)@ANI
03-12 13:32:51.313  1491  1564 I Telecom-CallsManager: Sending phone-account ComponentInfo{com.google.android.apps.tachyon/com.google.android.apps.tachyon}, ***, UserHandle{0} registered intent as user: TSI.rPA(cgaat)@ANI
03-12 13:32:51.314  1491  1564 I Telecom-CallsManager: Sending phone-account registered intent to default dialer: TSI.rPA(cgaat)@ANI
03-12 13:32:51.321  1491  1511 E ApplicationHelper: Fail to get PackageManager
03-12 13:32:51.361  1491  1548 I AppsFilter: interaction: PackageSetting{9054b40 com.android.microdroid.empty_payload/10203} -> PackageSetting{d6c44d7 com.sleepagotchi.soft.app/10249} BLOCKED
03-12 13:32:51.361  1491  1548 I AppsFilter: interaction: PackageSetting{4cc73be com.cryptospell.game/10396} -> PackageSetting{d6c44d7 com.sleepagotchi.soft.app/10249} BLOCKED
03-12 13:32:51.361  1491  1548 I AppsFilter: interaction: PackageSetting{9455c1f com.pixelmint.app/10393} -> PackageSetting{d6c44d7 com.sleepagotchi.soft.app/10249} BLOCKED
03-12 13:32:51.361  1491  1548 I AppsFilter: interaction: PackageSetting{393db6c com.onchainerslab.pixelmint/10394} -> PackageSetting{d6c44d7 com.sleepagotchi.soft.app/10249} BLOCKED
03-12 13:32:51.362  1491  1548 I AppsFilter: interaction: PackageSetting{9054b40 com.android.microdroid.empty_payload/10203} -> PackageSetting{95d01c4 com.google.android.partnersetup/10104} BLOCKED
03-12 13:32:51.362  1491  1548 I AppsFilter: interaction: PackageSetting{4cc73be com.cryptospell.game/10396} -> PackageSetting{95d01c4 com.google.android.partnersetup/10104} BLOCKED
03-12 13:32:51.362  1491  1548 I AppsFilter: interaction: PackageSetting{9455c1f com.pixelmint.app/10393} -> PackageSetting{95d01c4 com.google.android.partnersetup/10104} BLOCKED
03-12 13:32:51.362  1491  1548 I AppsFilter: interaction: PackageSetting{393db6c com.onchainerslab.pixelmint/10394} -> PackageSetting{95d01c4 com.google.android.partnersetup/10104} BLOCKED
03-12 13:32:51.406  1491  1521 W MagnificationConnectionManager: requestConnection duplicated request: connect=false, mConnectionState=DISCONNECTED
03-12 13:32:51.420  1491  1521 W MagnificationConnectionManager: requestConnection duplicated request: connect=false, mConnectionState=DISCONNECTED
03-12 13:32:51.447  1491  1511 E ApplicationHelper: Fail to get PackageManager
03-12 13:32:51.464  1491  1511 E ApplicationHelper: Fail to get PackageManager
03-12 13:32:51.484  1491  1523 I ActivityManager: Start proc 5023:com.android.providers.calendar/u0a53 for broadcast {com.android.providers.calendar/com.android.providers.calendar.CalendarReceiver}
03-12 13:32:51.501  1491  1511 E ApplicationHelper: Fail to get PackageManager
03-12 13:32:51.502  1491  1564 W ContextImpl: Calling a method in the system process without a qualified user: android.app.ContextImpl.sendBroadcastMultiplePermissions:1299 android.content.Context.sendBroadcastMultiplePermissions:2522 com.android.server.TelephonyRegistry.broadcastServiceStateChanged:3701 com.android.server.TelephonyRegistry.notifyServiceStateForPhoneId:1763 com.android.internal.telephony.ITelephonyRegistry$Stub.onTransact:546 
03-12 13:32:51.505  1491  1511 E ApplicationHelper: Fail to get PackageManager
03-12 13:32:51.550  1491  1564 W ContextImpl: Calling a method in the system process without a qualified user: android.app.ContextImpl.sendBroadcastMultiplePermissions:1332 com.android.server.TelephonyRegistry.broadcastServiceStateChanged:3706 com.android.server.TelephonyRegistry.notifyServiceStateForPhoneId:1763 com.android.internal.telephony.ITelephonyRegistry$Stub.onTransact:546 android.os.Binder.execTransactInternal:1500 
03-12 13:32:51.550  1491  1564 W ContextImpl: Calling a method in the system process without a qualified user: android.app.ContextImpl.sendBroadcastMultiplePermissions:1332 com.android.server.TelephonyRegistry.broadcastServiceStateChanged:3715 com.android.server.TelephonyRegistry.notifyServiceStateForPhoneId:1763 com.android.internal.telephony.ITelephonyRegistry$Stub.onTransact:546 android.os.Binder.execTransactInternal:1500 
03-12 13:32:51.551  1491  1564 W ContextImpl: Calling a method in the system process without a qualified user: android.app.ContextImpl.sendBroadcastMultiplePermissions:1332 com.android.server.TelephonyRegistry.broadcastServiceStateChanged:3721 com.android.server.TelephonyRegistry.notifyServiceStateForPhoneId:1763 com.android.internal.telephony.ITelephonyRegistry$Stub.onTransact:546 android.os.Binder.execTransactInternal:1500 
03-12 13:32:51.611  1491  1511 E ApplicationHelper: Fail to get PackageManager
03-12 13:32:51.619  1491  2100 W PackageManager: Cannot suspend package "com.android.dynsystem": has OP_SYSTEM_EXEMPT_FROM_SUSPENSION set
03-12 13:32:51.619  1491  2100 W PackageManager: Cannot suspend package "com.mediatek.location.lppe.main": has OP_SYSTEM_EXEMPT_FROM_SUSPENSION set
03-12 13:32:51.620  1491  2100 W PackageManager: Cannot suspend package "com.mediatektest.factorymode": has OP_SYSTEM_EXEMPT_FROM_SUSPENSION set
03-12 13:32:51.620  1491  2100 W PackageManager: Cannot suspend package "com.mediatek.simprocessor": has OP_SYSTEM_EXEMPT_FROM_SUSPENSION set
03-12 13:32:51.620  1491  2100 W PackageManager: Cannot suspend package "com.mediatek.omacp": has OP_SYSTEM_EXEMPT_FROM_SUSPENSION set
03-12 13:32:51.621  1491  2100 W PackageManager: Cannot suspend package "com.android.vending": required for package verification
03-12 13:32:51.622  1491  2100 W PackageManager: Cannot suspend package "android": has OP_SYSTEM_EXEMPT_FROM_SUSPENSION set
03-12 13:32:51.622  1491  2100 W PackageManager: Cannot suspend package "com.android.launcher3": contains the active launcher
03-12 13:32:51.623  1491  2100 W PackageManager: Cannot suspend package "com.google.android.permissioncontroller": required for permissions management
03-12 13:32:51.629  1491  4598 W AppOpService: Ignored setUidMode call for runtime permission app op: uid = 10112, code = READ_CELL_BROADCASTS, mode = allow, callingUid = 1001, oldMode = allow
03-12 13:32:51.632  1491  2100 W PackageManager: Cannot suspend package "com.android.providers.settings": has OP_SYSTEM_EXEMPT_FROM_SUSPENSION set
03-12 13:32:51.633  1491  2100 W PackageManager: Cannot suspend package "com.android.inputdevices": has OP_SYSTEM_EXEMPT_FROM_SUSPENSION set
03-12 13:32:51.633  1491  2100 W PackageManager: Cannot suspend package "com.google.android.dialer": is the default dialer
03-12 13:32:51.638  1491  3506 W AppOpService: Ignored setUidMode call for runtime permission app op: uid = 1001, code = READ_SMS, mode = allow, callingUid = 1001, oldMode = allow
03-12 13:32:51.638  1491  3506 W AppOpService: Ignored setUidMode call for runtime permission app op: uid = 1001, code = RECEIVE_SMS, mode = allow, callingUid = 1001, oldMode = allow
03-12 13:32:51.638  1491  3506 W AppOpService: Ignored setUidMode call for runtime permission app op: uid = 1001, code = RECEIVE_WAP_PUSH, mode = allow, callingUid = 1001, oldMode = allow
03-12 13:32:51.639  1491  2100 W PackageManager: Cannot suspend package "com.mediatek": has OP_SYSTEM_EXEMPT_FROM_SUSPENSION set
03-12 13:32:51.640  1491  2100 W PackageManager: Cannot suspend package "com.android.server.telecom": has OP_SYSTEM_EXEMPT_FROM_SUSPENSION set
03-12 13:32:51.640  1491  2100 W PackageManager: Cannot suspend package "com.android.keychain": has OP_SYSTEM_EXEMPT_FROM_SUSPENSION set
03-12 13:32:51.640  1491  2100 W PackageManager: Cannot suspend package "com.google.android.packageinstaller": required for package installation
03-12 13:32:51.641  1491  2100 W PackageManager: Cannot suspend package "com.android.localtransport": has OP_SYSTEM_EXEMPT_FROM_SUSPENSION set
03-12 13:32:51.641  1491  2100 W PackageManager: Cannot suspend package "com.android.DeviceAsWebcam": has OP_SYSTEM_EXEMPT_FROM_SUSPENSION set
03-12 13:32:51.642  1491  2100 W PackageManager: Cannot suspend package "com.friendly.foda": has OP_SYSTEM_EXEMPT_FROM_SUSPENSION set
03-12 13:32:51.642  1491  2100 W PackageManager: Cannot suspend package "com.mediatek.voicecommand": has OP_SYSTEM_EXEMPT_FROM_SUSPENSION set
03-12 13:32:51.643  1491  2100 W PackageManager: Cannot suspend package "com.android.settings": has OP_SYSTEM_EXEMPT_FROM_SUSPENSION set
03-12 13:32:51.645  1491  2100 W PackageManager: Cannot suspend package "com.android.location.fused": has OP_SYSTEM_EXEMPT_FROM_SUSPENSION set
03-12 13:32:51.645  1491  2100 W PackageManager: Cannot suspend package "com.mediatek.carrierexpress": has OP_SYSTEM_EXEMPT_FROM_SUSPENSION set
03-12 13:32:51.646  1491  3506 W AppOpService: Ignored setUidMode call for runtime permission app op: uid = 1001, code = SEND_SMS, mode = allow, callingUid = 1001, oldMode = allow
03-12 13:32:51.646  1491  3506 W AppOpService: Ignored setUidMode call for runtime permission app op: uid = 1001, code = READ_CELL_BROADCASTS, mode = allow, callingUid = 1001, oldMode = allow
03-12 13:32:51.674  1491  4029 W AppOpService: Ignored setUidMode call for runtime permission app op: uid = 10099, code = FINE_LOCATION, mode = allow, callingUid = 1000, oldMode = allow
03-12 13:32:51.686  1491  1511 E ApplicationHelper: Fail to get PackageManager
03-12 13:32:51.692  1491  1511 E ApplicationHelper: Fail to get PackageManager
03-12 13:32:51.709  1491  2106 W AppOpService: Ignored setUidMode call for runtime permission app op: uid = 10112, code = READ_CELL_BROADCASTS, mode = allow, callingUid = 1001, oldMode = allow
03-12 13:32:51.717  1491  1511 E ApplicationHelper: Fail to get PackageManager
03-12 13:32:51.723  1491  1511 E ApplicationHelper: Fail to get PackageManager
03-12 13:32:51.724  1491  1511 E ApplicationHelper: Fail to get PackageManager
03-12 13:32:51.726  1491  1511 E ApplicationHelper: Fail to get PackageManager
03-12 13:32:51.729  1491  1511 E ApplicationHelper: Fail to get PackageManager
03-12 13:32:51.746  1491  1511 E ApplicationHelper: Fail to get PackageManager
03-12 13:32:51.754  1491  5044 W AppOpService: Ignored setUidMode call for runtime permission app op: uid = 1001, code = READ_SMS, mode = allow, callingUid = 1001, oldMode = allow
03-12 13:32:51.755  1491  5044 W AppOpService: Ignored setUidMode call for runtime permission app op: uid = 1001, code = RECEIVE_SMS, mode = allow, callingUid = 1001, oldMode = allow
03-12 13:32:51.756  1491  1506 W AppOpService: Ignored setUidMode call for runtime permission app op: uid = 1001, code = RECEIVE_WAP_PUSH, mode = allow, callingUid = 1001, oldMode = allow
03-12 13:32:51.757  1491  1565 W AppOpService: Ignored setUidMode call for runtime permission app op: uid = 1001, code = SEND_SMS, mode = allow, callingUid = 1001, oldMode = allow
03-12 13:32:51.757  1491  1565 W AppOpService: Ignored setUidMode call for runtime permission app op: uid = 1001, code = READ_CELL_BROADCASTS, mode = allow, callingUid = 1001, oldMode = allow
03-12 13:32:51.806  1491  1511 E ApplicationHelper: Fail to get PackageManager
03-12 13:32:51.810  1491  1511 E ApplicationHelper: Fail to get PackageManager
03-12 13:32:51.816  1491  1511 E ApplicationHelper: Fail to get PackageManager
03-12 13:32:51.819  1491  1511 E ApplicationHelper: Fail to get PackageManager
03-12 13:32:51.824  1491  4029 W AppOpService: Ignored setUidMode call for runtime permission app op: uid = 10099, code = FINE_LOCATION, mode = allow, callingUid = 1000, oldMode = allow
03-12 13:32:51.835  1491  1511 E ApplicationHelper: Fail to get PackageManager
03-12 13:32:51.838  1491  1511 E ApplicationHelper: Fail to get PackageManager
03-12 13:32:51.840  1491  1511 E ApplicationHelper: Fail to get PackageManager
03-12 13:32:51.894  1491  1511 E ApplicationHelper: Fail to get PackageManager
03-12 13:32:51.902  1491  4057 W ContextImpl: Calling a method in the system process without a qualified user: android.app.ContextImpl.sendBroadcastMultiplePermissions:1299 android.content.Context.sendBroadcastMultiplePermissions:2522 com.android.server.TelephonyRegistry.broadcastServiceStateChanged:3701 com.android.server.TelephonyRegistry.notifyServiceStateForPhoneId:1763 com.android.internal.telephony.ITelephonyRegistry$Stub.onTransact:546 
