03-12 13:33:04.309  1491  1511 E ApplicationHelper: Fail to get PackageManager
03-12 13:33:04.309  1491  1511 E ApplicationHelper: Fail to get PackageManager
03-12 13:33:04.330  1491  1593 I RescueParty: Starting to observe: [android], updated namespace: appsearch
03-12 13:33:04.330  1491  1521 I PackageWatchdog: Syncing state, reason: observing new packages
03-12 13:33:04.330  1491  1521 I PackageWatchdog: Syncing state, reason: updated observers
03-12 13:33:04.331  1491  1521 I PackageWatchdog: Not pruning observers, elapsed time: 0ms
03-12 13:33:04.331  1491  1521 I PackageWatchdog: Saving observer state to file
03-12 13:33:04.335  1491  1491 I PackageWatchdog: Syncing health check requests for packages: {}
03-12 13:33:04.335  1491  1491 I ExplicitHealthCheckController: Service not ready to get health check supported packages. Binding...
03-12 13:33:04.336  1491  1491 I ExplicitHealthCheckController: Explicit health check service is bound
03-12 13:33:04.342  1491  1511 E ApplicationHelper: Fail to get PackageManager
03-12 13:33:04.342  1491  1511 E ApplicationHelper: Fail to get PackageManager
03-12 13:33:04.343  1491  1491 I ExplicitHealthCheckController: Explicit health check service is connected ComponentInfo{com.google.android.ext.services/android.ext.services.watchdog.ExplicitHealthCheckServiceImpl}
03-12 13:33:04.343  1491  1491 I ExplicitHealthCheckController: Service initialized, syncing requests
03-12 13:33:04.343  1491  1491 I PackageWatchdog: Syncing health check requests for packages: {}
03-12 13:33:04.344  1491  5696 I ExplicitHealthCheckController: Explicit health check supported packages [PackageConfig{com.google.android.networkstack, 86400000}]
03-12 13:33:04.344  1491  2106 I ExplicitHealthCheckController: Explicit health check requested packages []
03-12 13:33:04.344  1491  2106 I ExplicitHealthCheckController: No more health check requests, unbinding...
03-12 13:33:04.345  1491  2106 I ExplicitHealthCheckController: Explicit health check service is unbound
03-12 13:33:04.345  1491  1511 E ApplicationHelper: Fail to get PackageManager
03-12 13:33:04.356  1491  1511 E ApplicationHelper: Fail to get PackageManager
03-12 13:33:04.361  1491  1511 E ApplicationHelper: Fail to get PackageManager
03-12 13:33:04.361  1491  1511 E ApplicationHelper: Fail to get PackageManager
03-12 13:33:04.363  1491  1511 E ApplicationHelper: Fail to get PackageManager
03-12 13:33:04.364  1491  1511 E ApplicationHelper: Fail to get PackageManager
03-12 13:33:04.369  1491  1511 E ApplicationHelper: Fail to get PackageManager
03-12 13:33:04.370  1491  1511 E ApplicationHelper: Fail to get PackageManager
03-12 13:33:04.377  1491  1511 E ApplicationHelper: Fail to get PackageManager
03-12 13:33:04.378  1491  1511 E ApplicationHelper: Fail to get PackageManager
03-12 13:33:04.385  1491  1511 E ApplicationHelper: Fail to get PackageManager
03-12 13:33:04.386  1491  1511 E ApplicationHelper: Fail to get PackageManager
03-12 13:33:04.396  1491  1593 I RescueParty: Starting to observe: [com.android.launcher3, com.android.systemui], updated namespace: interaction_jank_monitor
03-12 13:33:04.396  1491  1521 I PackageWatchdog: Syncing state, reason: observing new packages
03-12 13:33:04.396  1491  1521 I PackageWatchdog: Syncing state, reason: updated observers
03-12 13:33:04.396  1491  1521 I PackageWatchdog: Not pruning observers, elapsed time: 0ms
03-12 13:33:04.396  1491  1521 I PackageWatchdog: Saving observer state to file
03-12 13:33:04.400  1491  1511 E ApplicationHelper: Fail to get PackageManager
03-12 13:33:04.400  1491  1511 E ApplicationHelper: Fail to get PackageManager
03-12 13:33:04.403  1491  1593 I RescueParty: Starting to observe: [android], updated namespace: wearable_sensing
03-12 13:33:04.406  1491  1491 I PackageWatchdog: Syncing health check requests for packages: {}
03-12 13:33:04.406  1491  1491 I ExplicitHealthCheckController: Service not ready to get health check supported packages. Binding...
03-12 13:33:04.406  1491  1521 I PackageWatchdog: Syncing state, reason: observing new packages
03-12 13:33:04.406  1491  1521 I PackageWatchdog: Syncing state, reason: updated observers
03-12 13:33:04.406  1491  1521 I PackageWatchdog: Not pruning observers, elapsed time: 0ms
03-12 13:33:04.406  1491  1521 I PackageWatchdog: Saving observer state to file
03-12 13:33:04.408  1491  1491 I ExplicitHealthCheckController: Explicit health check service is bound
03-12 13:33:04.410  1491  1593 I RescueParty: Starting to observe: [android], updated namespace: runtime_native
03-12 13:33:04.432  1491  1491 I PackageWatchdog: Syncing health check requests for packages: {}
03-12 13:33:04.432  1491  1491 I ExplicitHealthCheckController: Service not ready to get health check supported packages. Binding...
03-12 13:33:04.432  1491  1491 I ExplicitHealthCheckController: Not binding to service, service already connecting
03-12 13:33:04.432  1491  1491 I ExplicitHealthCheckController: Explicit health check service is connected ComponentInfo{com.google.android.ext.services/android.ext.services.watchdog.ExplicitHealthCheckServiceImpl}
03-12 13:33:04.432  1491  1491 I ExplicitHealthCheckController: Service initialized, syncing requests
03-12 13:33:04.432  1491  1521 I PackageWatchdog: Syncing state, reason: observing new packages
03-12 13:33:04.432  1491  1521 I PackageWatchdog: Syncing state, reason: updated observers
03-12 13:33:04.432  1491  1521 I PackageWatchdog: Not pruning observers, elapsed time: 0ms
03-12 13:33:04.432  1491  1491 I PackageWatchdog: Syncing health check requests for packages: {}
03-12 13:33:04.432  1491  1521 I PackageWatchdog: Saving observer state to file
03-12 13:33:04.433  1491  1866 I ExplicitHealthCheckController: Explicit health check supported packages [PackageConfig{com.google.android.networkstack, 86400000}]
03-12 13:33:04.438  1491  1866 I ExplicitHealthCheckController: Explicit health check requested packages []
03-12 13:33:04.438  1491  1866 I ExplicitHealthCheckController: No more health check requests, unbinding...
03-12 13:33:04.441  1491  1511 E ApplicationHelper: Fail to get PackageManager
03-12 13:33:04.441  1491  1511 E ApplicationHelper: Fail to get PackageManager
03-12 13:33:04.444  1491  1511 E ApplicationHelper: Fail to get PackageManager
03-12 13:33:04.444  1491  1866 I ExplicitHealthCheckController: Explicit health check service is unbound
03-12 13:33:04.455  1491  1511 E ApplicationHelper: Fail to get PackageManager
03-12 13:33:04.489  1491  1511 E ApplicationHelper: Fail to get PackageManager
03-12 13:33:04.503  1491  1523 I ActivityManager: Start proc 7504:com.sosovalue.app/u0a258 for broadcast {com.sosovalue.app/com.onesignal.notifications.receivers.BootUpReceiver}
03-12 13:33:04.510  1491  1511 E ApplicationHelper: Fail to get PackageManager
03-12 13:33:04.546  1491  1511 E ApplicationHelper: Fail to get PackageManager
03-12 13:33:04.629  1491  1511 E ApplicationHelper: Fail to get PackageManager
03-12 13:33:04.630  1491  1511 E ApplicationHelper: Fail to get PackageManager
03-12 13:33:04.687  1491  1511 E ApplicationHelper: Fail to get PackageManager
03-12 13:33:04.687  1491  1511 E ApplicationHelper: Fail to get PackageManager
03-12 13:33:04.687  1491  1511 E ApplicationHelper: Fail to get PackageManager
03-12 13:33:04.694  1491  1593 I RescueParty: Starting to observe: [com.google.android.adservices.api, android], updated namespace: adservices
03-12 13:33:04.695  1491  1521 I PackageWatchdog: Syncing state, reason: observing new packages
03-12 13:33:04.696  1491  1491 I PackageWatchdog: Syncing health check requests for packages: {}
03-12 13:33:04.696  1491  1491 I ExplicitHealthCheckController: Service not ready to get health check supported packages. Binding...
03-12 13:33:04.697  1491  1521 I PackageWatchdog: Syncing state, reason: updated observers
03-12 13:33:04.697  1491  1521 I PackageWatchdog: Saving observer state to file
03-12 13:33:04.704  1491  1491 I ExplicitHealthCheckController: Explicit health check service is bound
03-12 13:33:04.704  1491  2106 I ActivityManager: Process com.farcaster.mobile (pid 4516) has died: cch+99 CEM 
03-12 13:33:04.731  1491  1511 E ApplicationHelper: Fail to get PackageManager
03-12 13:33:04.731  1491  1511 E ApplicationHelper: Fail to get PackageManager
03-12 13:33:04.735  1491  1491 I PackageWatchdog: Syncing health check requests for packages: {}
03-12 13:33:04.735  1491  1491 I ExplicitHealthCheckController: Service not ready to get health check supported packages. Binding...
03-12 13:33:04.735  1491  1491 I ExplicitHealthCheckController: Not binding to service, service already connecting
03-12 13:33:04.735  1491  1491 I ExplicitHealthCheckController: Explicit health check service is connected ComponentInfo{com.google.android.ext.services/android.ext.services.watchdog.ExplicitHealthCheckServiceImpl}
03-12 13:33:04.735  1491  1491 I ExplicitHealthCheckController: Service initialized, syncing requests
03-12 13:33:04.738  1491  1491 I PackageWatchdog: Syncing health check requests for packages: {}
03-12 13:33:04.739  1491  1886 I ExplicitHealthCheckController: Explicit health check supported packages [PackageConfig{com.google.android.networkstack, 86400000}]
03-12 13:33:04.739  1491  1886 I ExplicitHealthCheckController: Explicit health check requested packages []
03-12 13:33:04.739  1491  1886 I ExplicitHealthCheckController: No more health check requests, unbinding...
03-12 13:33:04.740  1491  1511 E ApplicationHelper: Fail to get PackageManager
03-12 13:33:04.740  1491  1511 E ApplicationHelper: Fail to get PackageManager
03-12 13:33:04.745  1491  1886 I ExplicitHealthCheckController: Explicit health check service is unbound
03-12 13:33:04.745  1491  1511 E ApplicationHelper: Fail to get PackageManager
03-12 13:33:04.745  1491  1511 E ApplicationHelper: Fail to get PackageManager
03-12 13:33:04.780  1491  1511 E ApplicationHelper: Fail to get PackageManager
03-12 13:33:04.780  1491  1511 E ApplicationHelper: Fail to get PackageManager
03-12 13:33:04.780  1491  1593 I RescueParty: Starting to observe: [com.android.systemui], updated namespace: auto_pin_confirmation
03-12 13:33:04.781  1491  1521 I PackageWatchdog: Syncing state, reason: observing new packages
03-12 13:33:04.781  1491  1491 I PackageWatchdog: Syncing health check requests for packages: {}
03-12 13:33:04.781  1491  1491 I ExplicitHealthCheckController: Service not ready to get health check supported packages. Binding...
03-12 13:33:04.781  1491  1521 I PackageWatchdog: Syncing state, reason: updated observers
03-12 13:33:04.781  1491  1521 I PackageWatchdog: Saving observer state to file
03-12 13:33:04.782  1491  1491 I ExplicitHealthCheckController: Explicit health check service is bound
03-12 13:33:04.791  1491  1491 I PackageWatchdog: Syncing health check requests for packages: {}
03-12 13:33:04.791  1491  1491 I ExplicitHealthCheckController: Service not ready to get health check supported packages. Binding...
03-12 13:33:04.791  1491  1491 I ExplicitHealthCheckController: Not binding to service, service already connecting
03-12 13:33:04.791  1491  1491 I ExplicitHealthCheckController: Explicit health check service is connected ComponentInfo{com.google.android.ext.services/android.ext.services.watchdog.ExplicitHealthCheckServiceImpl}
03-12 13:33:04.791  1491  1491 I ExplicitHealthCheckController: Service initialized, syncing requests
03-12 13:33:04.791  1491  1491 I PackageWatchdog: Syncing health check requests for packages: {}
03-12 13:33:04.792  1491  2103 I ExplicitHealthCheckController: Explicit health check supported packages [PackageConfig{com.google.android.networkstack, 86400000}]
03-12 13:33:04.792  1491  2103 I ExplicitHealthCheckController: Explicit health check requested packages []
03-12 13:33:04.792  1491  2103 I ExplicitHealthCheckController: No more health check requests, unbinding...
03-12 13:33:04.793  1491  1511 E ApplicationHelper: Fail to get PackageManager
03-12 13:33:04.793  1491  2103 I ExplicitHealthCheckController: Explicit health check service is unbound
03-12 13:33:04.794  1491  1511 E ApplicationHelper: Fail to get PackageManager
03-12 13:33:04.795  1491  1593 I RescueParty: Starting to observe: [android], updated namespace: display_manager
03-12 13:33:04.799  1491  1521 I PackageWatchdog: Syncing state, reason: observing new packages
03-12 13:33:04.799  1491  1521 I PackageWatchdog: Syncing state, reason: updated observers
03-12 13:33:04.799  1491  1521 I PackageWatchdog: Not pruning observers, elapsed time: 0ms
03-12 13:33:04.799  1491  1521 I PackageWatchdog: Saving observer state to file
03-12 13:33:04.803  1491  1543 W BrightnessThrottler: DeviceConfig ThermalBrightnessThrottlingData is null
03-12 13:33:04.803  1491  1543 W BrightnessThrottler: DeviceConfig ThermalBrightnessThrottlingData is null
03-12 13:33:04.805  1491  1491 I PackageWatchdog: Syncing health check requests for packages: {}
03-12 13:33:04.805  1491  1491 I ExplicitHealthCheckController: Service not ready to get health check supported packages. Binding...
03-12 13:33:04.806  1491  1491 I ExplicitHealthCheckController: Explicit health check service is bound
03-12 13:33:04.812  1491  1491 I ExplicitHealthCheckController: Explicit health check service is connected ComponentInfo{com.google.android.ext.services/android.ext.services.watchdog.ExplicitHealthCheckServiceImpl}
03-12 13:33:04.815  1491  1491 I ExplicitHealthCheckController: Service initialized, syncing requests
03-12 13:33:04.815  1491  1491 I PackageWatchdog: Syncing health check requests for packages: {}
03-12 13:33:04.817  1491  2103 I ExplicitHealthCheckController: Explicit health check supported packages [PackageConfig{com.google.android.networkstack, 86400000}]
03-12 13:33:04.818  1491  2106 I ExplicitHealthCheckController: Explicit health check requested packages []
03-12 13:33:04.818  1491  2106 I ExplicitHealthCheckController: No more health check requests, unbinding...
03-12 13:33:04.819  1491  1511 E ApplicationHelper: Fail to get PackageManager
03-12 13:33:04.819  1491  2106 I ExplicitHealthCheckController: Explicit health check service is unbound
03-12 13:33:04.820  1491  1511 E ApplicationHelper: Fail to get PackageManager
03-12 13:33:04.850  1491  1866 I ActivityManager: Process com.android.externalstorage (pid 4494) has died: cch+99 CEM 
03-12 13:33:04.866  1491  1562 I ActivityManager: Process com.google.android.onetimeinitializer (pid 4406) has died: cch+99 CEM 
03-12 13:33:04.895  1491  1523 I ActivityManager: Start proc 7580:com.sosovalue.app:remote/u0a258 for service {com.sosovalue.app/com.sosovalue.app.jiguang.JiGuangService}
03-12 13:33:04.912  1491  1511 E ApplicationHelper: Fail to get PackageManager
03-12 13:33:04.913  1491  1511 E ApplicationHelper: Fail to get PackageManager
03-12 13:33:04.923  1491  1511 E ApplicationHelper: Fail to get PackageManager
03-12 13:33:04.930  1491  1523 I ActivityManager: Start proc 7594:com.token.android/u0a228 for broadcast {com.token.android/androidx.work.impl.background.systemalarm.RescheduleReceiver}
03-12 13:33:04.953  1491  1491 I AutofillManagerService: Ignoring change on package_deny_list_for_unimportant_view
03-12 13:33:04.956  1491  1491 I AutofillManagerService: Ignoring change on trigger_fill_request_on_filtered_important_views
03-12 13:33:04.956  1491  1491 I AutofillManagerService: Ignoring change on package_and_activity_allowlist_for_triggering_fill_request
03-12 13:33:04.956  1491  1491 I AutofillManagerService: Ignoring change on multiline_filter_enabled
03-12 13:33:04.956  1491  1491 I AutofillManagerService: Ignoring change on augmented_autofill_mode
03-12 13:33:04.956  1491  1491 I AutofillManagerService: Ignoring change on autofill_dialog_hints
03-12 13:33:04.956  1491  1491 I AutofillManagerService: Ignoring change on include_all_views_in_assist_structure
03-12 13:33:04.956  1491  1491 I AutofillManagerService: Ignoring change on should_enable_autofill_on_all_view_types
03-12 13:33:04.956  1491  1491 I AutofillManagerService: Ignoring change on autofill_save_dialog_landscape_body_height_max_percent
03-12 13:33:04.956  1491  1491 I AutofillManagerService: Ignoring change on non_autofillable_ime_action_ids
03-12 13:33:04.956  1491  1491 I AutofillManagerService: Ignoring change on autofill_save_dialog_portrait_body_height_max_percent
03-12 13:33:04.956  1491  1491 I AutofillManagerService: Ignoring change on include_all_autofill_type_not_none_views_in_assist_structure
03-12 13:33:04.956  1491  1491 I AutofillManagerService: Ignoring change on trigger_fill_request_on_unimportant_view
03-12 13:33:04.956  1491  1491 I AutofillManagerService: Ignoring change on autofill_dialog_enabled
03-12 13:33:04.964  1491  1511 E ApplicationHelper: Fail to get PackageManager
03-12 13:33:04.966  1491  1523 I ActivityManager: Start proc 7609:com.android.chrome:privileged_process0/u0a122 for service {com.android.chrome/org.chromium.content.app.PrivilegedProcessService0}
03-12 13:33:04.967  1491  1511 E ApplicationHelper: Fail to get PackageManager
03-12 13:33:04.980  1491  1511 E ApplicationHelper: Fail to get PackageManager
03-12 13:33:04.993  1491  1511 E ApplicationHelper: Fail to get PackageManager
03-12 13:33:05.003  1491  1511 E ApplicationHelper: Fail to get PackageManager
03-12 13:33:05.008  1491  1593 I RescueParty: Starting to observe: [com.google.android.federatedcompute, com.google.android.ondevicepersonalization.services], updated namespace: on_device_personalization
03-12 13:33:05.023  1491  5696 I ActivityManager: Process com.android.localtransport (pid 4183) has died: cch+99 CEM 
03-12 13:33:05.023  1491  1511 E ApplicationHelper: Fail to get PackageManager
03-12 13:33:05.049  1491  1511 E ApplicationHelper: Fail to get PackageManager
03-12 13:33:05.050  1491  1511 E ApplicationHelper: Fail to get PackageManager
03-12 13:33:05.050  1491  1511 E ApplicationHelper: Fail to get PackageManager
03-12 13:33:05.050  1491  1511 E ApplicationHelper: Fail to get PackageManager
03-12 13:33:05.052  1491  1521 I PackageWatchdog: Syncing state, reason: observing new packages
03-12 13:33:05.052  1491  1521 I PackageWatchdog: Syncing state, reason: updated observers
03-12 13:33:05.053  1491  1521 I PackageWatchdog: Saving observer state to file
03-12 13:33:05.112  1491  2106 I ActivityManager: Process com.android.printspooler (pid 3414) has died: cch+99 CEM 
03-12 13:33:05.114  1491  1491 I PackageWatchdog: Syncing health check requests for packages: {}
03-12 13:33:05.114  1491  1491 I ExplicitHealthCheckController: Service not ready to get health check supported packages. Binding...
03-12 13:33:05.171  1491  1491 I ExplicitHealthCheckController: Explicit health check service is bound
03-12 13:33:05.191  1491  1511 E ApplicationHelper: Fail to get PackageManager
03-12 13:33:05.191  1491  1511 E ApplicationHelper: Fail to get PackageManager
03-12 13:33:05.193  1491  1866 I ActivityManager: Process com.android.traceur (pid 3949) has died: cch+99 CEM 
03-12 13:33:05.201  1491  1491 I ExplicitHealthCheckController: Explicit health check service is connected ComponentInfo{com.google.android.ext.services/android.ext.services.watchdog.ExplicitHealthCheckServiceImpl}
03-12 13:33:05.201  1491  1491 I ExplicitHealthCheckController: Service initialized, syncing requests
03-12 13:33:05.202  1491  1491 I PackageWatchdog: Syncing health check requests for packages: {}
03-12 13:33:05.210  1491  1593 I RescueParty: Starting to observe: [com.google.android.as, com.google.android.as.oss], updated namespace: device_personalization_services
03-12 13:33:05.210  1491  1521 I PackageWatchdog: Syncing state, reason: observing new packages
03-12 13:33:05.212  1491  1523 W ActivityManager: Slow operation: 228ms so far, now at startProcess: returned from zygote!
03-12 13:33:05.212  1491  1866 I ExplicitHealthCheckController: Explicit health check supported packages [PackageConfig{com.google.android.networkstack, 86400000}]
03-12 13:33:05.218  1491  1523 W ActivityManager: Slow operation: 235ms so far, now at startProcess: done updating battery stats
03-12 13:33:05.218  1491  1593 I RescueParty: Starting to observe: [android], updated namespace: app_compat
03-12 13:33:05.219  1491  1523 W ActivityManager: Slow operation: 235ms so far, now at startProcess: building log message
03-12 13:33:05.219  1491  1523 I ActivityManager: Start proc 7651:com.android.chrome:sandboxed_process0:org.chromium.content.app.SandboxedProcessService0:0/u0ai0 for  {com.android.chrome/org.chromium.content.app.SandboxedProcessService0:0}
03-12 13:33:05.219  1491  1523 W ActivityManager: Slow operation: 235ms so far, now at startProcess: starting to update pids map
03-12 13:33:05.219  1491  1523 W ActivityManager: Slow operation: 235ms so far, now at startProcess: done updating pids map
03-12 13:33:05.219  1491  1521 I PackageWatchdog: Syncing state, reason: updated observers
03-12 13:33:05.220  1491  1521 I PackageWatchdog: Saving observer state to file
03-12 13:33:05.220  1491  1866 I ExplicitHealthCheckController: Explicit health check requested packages []
03-12 13:33:05.220  1491  1866 I ExplicitHealthCheckController: No more health check requests, unbinding...
03-12 13:33:05.222  1491  1511 E ApplicationHelper: Fail to get PackageManager
03-12 13:33:05.224  1491  1491 I PackageWatchdog: Syncing health check requests for packages: {}
03-12 13:33:05.224  1491  1521 I PackageWatchdog: Syncing state, reason: observing new packages
03-12 13:33:05.224  1491  1521 I PackageWatchdog: Syncing state, reason: updated observers
03-12 13:33:05.224  1491  1521 I PackageWatchdog: Not pruning observers, elapsed time: 0ms
03-12 13:33:05.224  1491  1521 I PackageWatchdog: Saving observer state to file
03-12 13:33:05.227  1491  1511 E ApplicationHelper: Fail to get PackageManager
03-12 13:33:05.227  1491  1866 I ExplicitHealthCheckController: Explicit health check service is unbound
03-12 13:33:05.227  1491  1491 I ExplicitHealthCheckController: Service not ready to get health check supported packages. Binding...
03-12 13:33:05.228  1491  1491 I ExplicitHealthCheckController: Explicit health check service is bound
03-12 13:33:05.238  1491  1511 E ApplicationHelper: Fail to get PackageManager
03-12 13:33:05.240  1491  1511 E ApplicationHelper: Fail to get PackageManager
03-12 13:33:05.244  1491  1511 E ApplicationHelper: Fail to get PackageManager
03-12 13:33:05.251  1491  1491 I PackageWatchdog: Syncing health check requests for packages: {}
03-12 13:33:05.251  1491  1491 I ExplicitHealthCheckController: Service not ready to get health check supported packages. Binding...
03-12 13:33:05.251  1491  1491 I ExplicitHealthCheckController: Not binding to service, service already connecting
03-12 13:33:05.253  1491  1511 E ApplicationHelper: Fail to get PackageManager
03-12 13:33:05.268  1491  1511 E ApplicationHelper: Fail to get PackageManager
03-12 13:33:05.268  1491  1511 E ApplicationHelper: Fail to get PackageManager
03-12 13:33:05.271  1491  1511 E ApplicationHelper: Fail to get PackageManager
03-12 13:33:05.271  1491  1491 I ExplicitHealthCheckController: Explicit health check service is connected ComponentInfo{com.google.android.ext.services/android.ext.services.watchdog.ExplicitHealthCheckServiceImpl}
03-12 13:33:05.272  1491  1491 I ExplicitHealthCheckController: Service initialized, syncing requests
03-12 13:33:05.272  1491  1491 I PackageWatchdog: Syncing health check requests for packages: {}
03-12 13:33:05.272  1491  1506 I ExplicitHealthCheckController: Explicit health check supported packages [PackageConfig{com.google.android.networkstack, 86400000}]
03-12 13:33:05.278  1491  1880 I ExplicitHealthCheckController: Explicit health check requested packages []
03-12 13:33:05.278  1491  1880 I ExplicitHealthCheckController: No more health check requests, unbinding...
03-12 13:33:05.281  1491  1511 E ApplicationHelper: Fail to get PackageManager
03-12 13:33:05.281  1491  1880 I ExplicitHealthCheckController: Explicit health check service is unbound
03-12 13:33:05.282  1491  1511 E ApplicationHelper: Fail to get PackageManager
03-12 13:33:05.315  1491  1511 E ApplicationHelper: Fail to get PackageManager
03-12 13:33:05.327  1491  1511 E ApplicationHelper: Fail to get PackageManager
03-12 13:33:05.348  1491  1511 E ApplicationHelper: Fail to get PackageManager
03-12 13:33:05.367  1491  1511 E ApplicationHelper: Fail to get PackageManager
03-12 13:33:05.368  1491  1511 E ApplicationHelper: Fail to get PackageManager
03-12 13:33:05.369  1491  1511 E ApplicationHelper: Fail to get PackageManager
03-12 13:33:05.433  1491  1511 E ApplicationHelper: Fail to get PackageManager
03-12 13:33:05.433  1491  1511 E ApplicationHelper: Fail to get PackageManager
03-12 13:33:05.438  1491  1511 E ApplicationHelper: Fail to get PackageManager
03-12 13:33:05.438  1491  1511 E ApplicationHelper: Fail to get PackageManager
03-12 13:33:05.467  1491  1511 E ApplicationHelper: Fail to get PackageManager
03-12 13:33:05.467  1491  1511 E ApplicationHelper: Fail to get PackageManager
03-12 13:33:05.468  1491  1511 E ApplicationHelper: Fail to get PackageManager
03-12 13:33:05.468  1491  1511 E ApplicationHelper: Fail to get PackageManager
03-12 13:33:05.499  1491  1511 E ApplicationHelper: Fail to get PackageManager
03-12 13:33:05.500  1491  1511 E ApplicationHelper: Fail to get PackageManager
03-12 13:33:05.581  1491  1511 E ApplicationHelper: Fail to get PackageManager
03-12 13:33:05.586  1491  1511 E ApplicationHelper: Fail to get PackageManager
03-12 13:33:05.593  1491  1593 I RescueParty: Starting to observe: [com.google.android.providers.media.module, com.google.android.photopicker], updated namespace: mediaprovider
03-12 13:33:05.596  1491  1521 I PackageWatchdog: Syncing state, reason: observing new packages
03-12 13:33:05.597  1491  1521 I PackageWatchdog: Syncing state, reason: updated observers
03-12 13:33:05.597  1491  1521 I PackageWatchdog: Not pruning observers, elapsed time: 0ms
03-12 13:33:05.597  1491  1521 I PackageWatchdog: Saving observer state to file
03-12 13:33:05.602  1491  1511 E ApplicationHelper: Fail to get PackageManager
03-12 13:33:05.604  1491  1491 I PackageWatchdog: Syncing health check requests for packages: {}
03-12 13:33:05.604  1491  1491 I ExplicitHealthCheckController: Service not ready to get health check supported packages. Binding...
03-12 13:33:05.605  1491  1491 I ExplicitHealthCheckController: Explicit health check service is bound
03-12 13:33:05.607  1491  1523 I ActivityManager: Start proc 7757:com.uprock.mining/u0a276 for broadcast {com.uprock.mining/androidx.work.impl.background.systemalarm.RescheduleReceiver}
03-12 13:33:05.608  1491  1491 I ExplicitHealthCheckController: Explicit health check service is connected ComponentInfo{com.google.android.ext.services/android.ext.services.watchdog.ExplicitHealthCheckServiceImpl}
03-12 13:33:05.608  1491  1491 I ExplicitHealthCheckController: Service initialized, syncing requests
03-12 13:33:05.608  1491  1491 I PackageWatchdog: Syncing health check requests for packages: {}
03-12 13:33:05.609  1491  5692 I ExplicitHealthCheckController: Explicit health check supported packages [PackageConfig{com.google.android.networkstack, 86400000}]
03-12 13:33:05.609  1491  5692 I ExplicitHealthCheckController: Explicit health check requested packages []
03-12 13:33:05.609  1491  5692 I ExplicitHealthCheckController: No more health check requests, unbinding...
03-12 13:33:05.610  1491  1511 E ApplicationHelper: Fail to get PackageManager
03-12 13:33:05.610  1491  5692 I ExplicitHealthCheckController: Explicit health check service is unbound
03-12 13:33:05.610  1491  1511 E ApplicationHelper: Fail to get PackageManager
03-12 13:33:05.613  1491  1511 E ApplicationHelper: Fail to get PackageManager
03-12 13:33:05.623  1491  1593 I RescueParty: Starting to observe: [android], updated namespace: credential_manager
03-12 13:33:05.624  1491  1521 I PackageWatchdog: Syncing state, reason: observing new packages
03-12 13:33:05.624  1491  1521 I PackageWatchdog: Syncing state, reason: updated observers
03-12 13:33:05.625  1491  1521 I PackageWatchdog: Not pruning observers, elapsed time: 0ms
03-12 13:33:05.625  1491  1521 I PackageWatchdog: Saving observer state to file
03-12 13:33:05.625  1491  1491 I PackageWatchdog: Syncing health check requests for packages: {}
03-12 13:33:05.625  1491  1491 I ExplicitHealthCheckController: Service not ready to get health check supported packages. Binding...
03-12 13:33:05.626  1491  1491 I ExplicitHealthCheckController: Explicit health check service is bound
03-12 13:33:05.632  1491  1491 I PackageWatchdog: Syncing health check requests for packages: {}
03-12 13:33:05.632  1491  1491 I ExplicitHealthCheckController: Service not ready to get health check supported packages. Binding...
03-12 13:33:05.632  1491  1491 I ExplicitHealthCheckController: Not binding to service, service already connecting
03-12 13:33:05.632  1491  1491 I ExplicitHealthCheckController: Explicit health check service is connected ComponentInfo{com.google.android.ext.services/android.ext.services.watchdog.ExplicitHealthCheckServiceImpl}
03-12 13:33:05.632  1491  1491 I ExplicitHealthCheckController: Service initialized, syncing requests
03-12 13:33:05.632  1491  1491 I PackageWatchdog: Syncing health check requests for packages: {}
03-12 13:33:05.633  1491  5693 I ExplicitHealthCheckController: Explicit health check supported packages [PackageConfig{com.google.android.networkstack, 86400000}]
03-12 13:33:05.633  1491  5693 I ExplicitHealthCheckController: Explicit health check requested packages []
03-12 13:33:05.633  1491  5693 I ExplicitHealthCheckController: No more health check requests, unbinding...
03-12 13:33:05.635  1491  1511 E ApplicationHelper: Fail to get PackageManager
03-12 13:33:05.635  1491  5693 I ExplicitHealthCheckController: Explicit health check service is unbound
03-12 13:33:05.639  1491  1511 E ApplicationHelper: Fail to get PackageManager
03-12 13:33:05.671  1491  1593 I RescueParty: Starting to observe: [android, com.android.phone], updated namespace: telephony
03-12 13:33:05.673  1491  1521 I PackageWatchdog: Syncing state, reason: observing new packages
03-12 13:33:05.673  1491  1521 I PackageWatchdog: Syncing state, reason: updated observers
03-12 13:33:05.674  1491  1521 I PackageWatchdog: Not pruning observers, elapsed time: 0ms
03-12 13:33:05.674  1491  1521 I PackageWatchdog: Saving observer state to file
03-12 13:33:05.681  1491  1491 I PackageWatchdog: Syncing health check requests for packages: {}
03-12 13:33:05.681  1491  1491 I ExplicitHealthCheckController: Service not ready to get health check supported packages. Binding...
03-12 13:33:05.683  1491  1511 E ApplicationHelper: Fail to get PackageManager
03-12 13:33:05.684  1491  1511 E ApplicationHelper: Fail to get PackageManager
03-12 13:33:05.684  1491  1511 E ApplicationHelper: Fail to get PackageManager
03-12 13:33:05.686  1491  1491 I ExplicitHealthCheckController: Explicit health check service is bound
03-12 13:33:05.686  1491  1491 I PackageWatchdog: Syncing health check requests for packages: {}
03-12 13:33:05.686  1491  1491 I ExplicitHealthCheckController: Service not ready to get health check supported packages. Binding...
03-12 13:33:05.686  1491  1491 I ExplicitHealthCheckController: Not binding to service, service already connecting
03-12 13:33:05.699  1491  1491 I ExplicitHealthCheckController: Explicit health check service is connected ComponentInfo{com.google.android.ext.services/android.ext.services.watchdog.ExplicitHealthCheckServiceImpl}
03-12 13:33:05.700  1491  1491 I ExplicitHealthCheckController: Service initialized, syncing requests
03-12 13:33:05.705  1491  1511 E ApplicationHelper: Fail to get PackageManager
03-12 13:33:05.732  1491  1491 I PackageWatchdog: Syncing health check requests for packages: {}
03-12 13:33:05.733  1491  1507 I ExplicitHealthCheckController: Explicit health check supported packages [PackageConfig{com.google.android.networkstack, 86400000}]
03-12 13:33:05.733  1491  1507 I ExplicitHealthCheckController: Explicit health check requested packages []
03-12 13:33:05.733  1491  1507 I ExplicitHealthCheckController: No more health check requests, unbinding...
03-12 13:33:05.736  1491  1511 E ApplicationHelper: Fail to get PackageManager
03-12 13:33:05.736  1491  1507 I ExplicitHealthCheckController: Explicit health check service is unbound
03-12 13:33:05.737  1491  1511 E ApplicationHelper: Fail to get PackageManager
03-12 13:33:05.750  1491  1593 I RescueParty: Starting to observe: [android], updated namespace: app_standby
03-12 13:33:05.781  1491  1511 E ApplicationHelper: Fail to get PackageManager
03-12 13:33:05.781  1491  1511 E ApplicationHelper: Fail to get PackageManager
03-12 13:33:05.784  1491  1511 E ApplicationHelper: Fail to get PackageManager
03-12 13:33:05.784  1491  1511 E ApplicationHelper: Fail to get PackageManager
03-12 13:33:05.795  1491  1511 E ApplicationHelper: Fail to get PackageManager
03-12 13:33:05.796  1491  1511 E ApplicationHelper: Fail to get PackageManager
03-12 13:33:05.797  1491  1511 E ApplicationHelper: Fail to get PackageManager
03-12 13:33:05.798  1491  1511 E ApplicationHelper: Fail to get PackageManager
03-12 13:33:05.831  1491  1521 I PackageWatchdog: Syncing state, reason: observing new packages
03-12 13:33:05.832  1491  1521 I PackageWatchdog: Syncing state, reason: updated observers
03-12 13:33:05.832  1491  1521 I PackageWatchdog: Not pruning observers, elapsed time: 0ms
03-12 13:33:05.832  1491  1491 I PackageWatchdog: Syncing health check requests for packages: {}
03-12 13:33:05.832  1491  1521 I PackageWatchdog: Saving observer state to file
03-12 13:33:05.837  1491  1491 I ExplicitHealthCheckController: Service not ready to get health check supported packages. Binding...
03-12 13:33:05.837  1491  1511 E ApplicationHelper: Fail to get PackageManager
03-12 13:33:05.837  1491  1511 E ApplicationHelper: Fail to get PackageManager
03-12 13:33:05.838  1491  1593 I RescueParty: Starting to observe: [android], updated namespace: configuration
03-12 13:33:05.838  1491  1491 I ExplicitHealthCheckController: Explicit health check service is bound
03-12 13:33:05.865  1491  5013 E SettingsToPropertiesMapper: key=persist.device_config.configuration.AdbWritableFlags__adb_writable_flags_list value=adservices/disable_sdk_sandbox,adservices/enforce_broadcast_receiver_restrictions,adservices/fledge_ad_selection_enforce_foreground_status_custom_audience,adservices/fledge_custom_audience_max_count,adservices/fledge_custom_audience_max_num_ads,adservices/fledge_custom_audience_max_owner_count,adservices/fledge_custom_audience_per_app_max_count,adservices/fledge_js_isolate_enforce_max_heap_size,adservices/fledge_js_isolate_max_heap_size_bytes,adservices/sdk_request_permits_per_second,adservices/sdksandbox_customized_sdk_context_enabled,configuration/namespace_to_package_mapping,constrain_display_apis/always_constrain_display_apis,constrain_display_apis/never_constrain_display_apis,constrain_display_apis/never_constrain_display_apis_all_packages,device_policy_manager/disable_resources_updatability,flipendo/default_savings_mode_launch,flipendo/essential_apps,flipendo/flipendo_enabled_launch,flipendo/grayscale_enabled_launch,flipendo/lever_ble_scanning_enabled_launch,flipendo/lever_hotspot_enabled_launch,flipendo/lever_work_profile_enabled_launch,flipendo/resuspend_delay_minutes,namespace/key,namespace1/key1,namespace1/key2,namespace2/key1,namespace2/key2,package_manager_service/incfs_default_timeouts,package_manager_service/known_digesters_list,privacy/location_access_check_periodic_interval_millis,rollback/enable_rollback_timeout,rollback/watchdog_explicit_health_check_enabled,rollback/watchdog_request_timeout_millis,rollback/watchdog_trigger_failure_count,rollback/watchdog_trigger_failure_duration_millis,rollback_boot/rollback_lifetime_in_millis,systemui/nas_generate_actions,systemui/nas_generate_replies,systemui/nas_max_messages_to_extract,systemui/nas_max_suggestions,testspace/another,testspace/flagname,textclassifier/config_updater_model_enabled,textclassifier/key,textclassifier/key2,textclassifier/manifest_url_annotator_en,textclassifier/manifest_url_annotator_ru,textclassifier/model_download_backoff_delay_in_millis,textclassifier/model_download_manager_enabled,textclassifier/multi_language_support_enabled,textclassifier/testing_locale_list_override,textclassifier/textclassifier_service_package_override,window_manager/enable_default_rescind_bal_privileges_from_pending_intent_sender,wrong/nas_generate_replies, exceeds system property max length.
03-12 13:33:05.865  1491  5013 E SettingsToPropertiesMapper: key=persist.device_config.aconfig_flags.configuration.AdbWritableFlags__adb_writable_flags_list value=adservices/disable_sdk_sandbox,adservices/enforce_broadcast_receiver_restrictions,adservices/fledge_ad_selection_enforce_foreground_status_custom_audience,adservices/fledge_custom_audience_max_count,adservices/fledge_custom_audience_max_num_ads,adservices/fledge_custom_audience_max_owner_count,adservices/fledge_custom_audience_per_app_max_count,adservices/fledge_js_isolate_enforce_max_heap_size,adservices/fledge_js_isolate_max_heap_size_bytes,adservices/sdk_request_permits_per_second,adservices/sdksandbox_customized_sdk_context_enabled,configuration/namespace_to_package_mapping,constrain_display_apis/always_constrain_display_apis,constrain_display_apis/never_constrain_display_apis,constrain_display_apis/never_constrain_display_apis_all_packages,device_policy_manager/disable_resources_updatability,flipendo/default_savings_mode_launch,flipendo/essential_apps,flipendo/flipendo_enabled_launch,flipendo/grayscale_enabled_launch,flipendo/lever_ble_scanning_enabled_launch,flipendo/lever_hotspot_enabled_launch,flipendo/lever_work_profile_enabled_launch,flipendo/resuspend_delay_minutes,namespace/key,namespace1/key1,namespace1/key2,namespace2/key1,namespace2/key2,package_manager_service/incfs_default_timeouts,package_manager_service/known_digesters_list,privacy/location_access_check_periodic_interval_millis,rollback/enable_rollback_timeout,rollback/watchdog_explicit_health_check_enabled,rollback/watchdog_request_timeout_millis,rollback/watchdog_trigger_failure_count,rollback/watchdog_trigger_failure_duration_millis,rollback_boot/rollback_lifetime_in_millis,systemui/nas_generate_actions,systemui/nas_generate_replies,systemui/nas_max_messages_to_extract,systemui/nas_max_suggestions,testspace/another,testspace/flagname,textclassifier/config_updater_model_enabled,textclassifier/key,textclassifier/key2,textclassifier/manifest_url_annotator_en,textclassifier/manifest_url_annotator_ru,textclassifier/model_download_backoff_delay_in_millis,textclassifier/model_download_manager_enabled,textclassifier/multi_language_support_enabled,textclassifier/testing_locale_list_override,textclassifier/textclassifier_service_package_override,window_manager/enable_default_rescind_bal_privileges_from_pending_intent_sender,wrong/nas_generate_replies, exceeds system property max length.
03-12 13:33:05.870  1491  1593 I RescueParty: Starting to observe: [android], updated namespace: companion
03-12 13:33:05.880  1491  1491 I PackageWatchdog: Syncing health check requests for packages: {}
03-12 13:33:05.880  1491  1491 I ExplicitHealthCheckController: Service not ready to get health check supported packages. Binding...
03-12 13:33:05.880  1491  1491 I ExplicitHealthCheckController: Not binding to service, service already connecting
03-12 13:33:05.880  1491  1491 I ExplicitHealthCheckController: Explicit health check service is connected ComponentInfo{com.google.android.ext.services/android.ext.services.watchdog.ExplicitHealthCheckServiceImpl}
03-12 13:33:05.880  1491  1491 I ExplicitHealthCheckController: Service initialized, syncing requests
03-12 13:33:05.883  1491  1521 I PackageWatchdog: Syncing state, reason: observing new packages
03-12 13:33:05.883  1491  1521 I PackageWatchdog: Syncing state, reason: updated observers
03-12 13:33:05.883  1491  1521 I PackageWatchdog: Not pruning observers, elapsed time: 0ms
03-12 13:33:05.884  1491  1491 I PackageWatchdog: Syncing health check requests for packages: {}
03-12 13:33:05.885  1491  5693 I ExplicitHealthCheckController: Explicit health check supported packages [PackageConfig{com.google.android.networkstack, 86400000}]
03-12 13:33:05.885  1491  1506 I ExplicitHealthCheckController: Explicit health check requested packages []
03-12 13:33:05.885  1491  1506 I ExplicitHealthCheckController: No more health check requests, unbinding...
03-12 13:33:05.887  1491  1593 I RescueParty: Starting to observe: [android], updated namespace: package_manager_service
03-12 13:33:05.887  1491  1506 I ExplicitHealthCheckController: Explicit health check service is unbound
03-12 13:33:05.887  1491  1511 E ApplicationHelper: Fail to get PackageManager
03-12 13:33:05.888  1491  1511 E ApplicationHelper: Fail to get PackageManager
03-12 13:33:05.893  1491  1593 I RescueParty: Starting to observe: [com.mediatek.simprocessor, android, com.google.android.permissioncontroller, com.google.android.dialer, com.android.systemui], updated namespace: privacy
03-12 13:33:05.895  1491  1521 I PackageWatchdog: Syncing state, reason: observing new packages
03-12 13:33:05.899  1491  1521 I PackageWatchdog: Syncing state, reason: updated observers
03-12 13:33:05.900  1491  1521 I PackageWatchdog: Not pruning observers, elapsed time: 0ms
03-12 13:33:05.900  1491  1521 I PackageWatchdog: Saving observer state to file
03-12 13:33:05.900  1491  1491 I PackageWatchdog: Syncing health check requests for packages: {}
03-12 13:33:05.900  1491  1491 I ExplicitHealthCheckController: Service not ready to get health check supported packages. Binding...
03-12 13:33:05.901  1491  1491 I ExplicitHealthCheckController: Explicit health check service is bound
03-12 13:33:05.916  1491  1491 I PackageWatchdog: Syncing health check requests for packages: {}
03-12 13:33:05.916  1491  1491 I ExplicitHealthCheckController: Service not ready to get health check supported packages. Binding...
03-12 13:33:05.916  1491  1491 I ExplicitHealthCheckController: Not binding to service, service already connecting
03-12 13:33:05.916  1491  1491 I ExplicitHealthCheckController: Explicit health check service is connected ComponentInfo{com.google.android.ext.services/android.ext.services.watchdog.ExplicitHealthCheckServiceImpl}
03-12 13:33:05.916  1491  1491 I ExplicitHealthCheckController: Service initialized, syncing requests
03-12 13:33:05.923  1491  1521 I PackageWatchdog: Syncing state, reason: observing new packages
03-12 13:33:05.923  1491  1521 I PackageWatchdog: Syncing state, reason: updated observers
03-12 13:33:05.924  1491  1521 I PackageWatchdog: Not pruning observers, elapsed time: 0ms
03-12 13:33:05.924  1491  1521 I PackageWatchdog: Syncing state, reason: observing new packages
03-12 13:33:05.924  1491  1521 I PackageWatchdog: Syncing state, reason: updated observers
03-12 13:33:05.924  1491  1521 I PackageWatchdog: Not pruning observers, elapsed time: 0ms
03-12 13:33:05.924  1491  1491 I PackageWatchdog: Syncing health check requests for packages: {}
03-12 13:33:05.924  1491  1491 I PackageWatchdog: Syncing health check requests for packages: {}
03-12 13:33:05.925  1491  1507 I ExplicitHealthCheckController: Explicit health check supported packages [PackageConfig{com.google.android.networkstack, 86400000}]
03-12 13:33:05.925  1491  1507 I ExplicitHealthCheckController: Explicit health check requested packages []
03-12 13:33:05.925  1491  1507 I ExplicitHealthCheckController: No more health check requests, unbinding...
03-12 13:33:05.926  1491  1511 E ApplicationHelper: Fail to get PackageManager
03-12 13:33:05.926  1491  1507 I ExplicitHealthCheckController: Explicit health check service is unbound
03-12 13:33:05.927  1491  5696 I ExplicitHealthCheckController: Explicit health check supported packages [PackageConfig{com.google.android.networkstack, 86400000}]
03-12 13:33:05.927  1491  5696 I ExplicitHealthCheckController: Service not ready to get health check requested packages. Binding...
03-12 13:33:05.928  1491  1511 E ApplicationHelper: Fail to get PackageManager
03-12 13:33:05.928  1491  1511 E ApplicationHelper: Fail to get PackageManager
03-12 13:33:05.928  1491  1511 E ApplicationHelper: Fail to get PackageManager
03-12 13:33:05.931  1491  5696 I ExplicitHealthCheckController: Explicit health check service is bound
03-12 13:33:05.932  1491  1521 I PackageWatchdog: Saving observer state to file
03-12 13:33:05.933  1491  1491 I ExplicitHealthCheckController: Explicit health check service is connected ComponentInfo{com.google.android.ext.services/android.ext.services.watchdog.ExplicitHealthCheckServiceImpl}
03-12 13:33:05.933  1491  1491 I ExplicitHealthCheckController: Service initialized, syncing requests
03-12 13:33:05.939  1491  1593 I RescueParty: Starting to observe: [com.google.android.ext.services, android, com.android.systemui], updated namespace: systemui
03-12 13:33:05.944  1491  1521 I PackageWatchdog: Syncing state, reason: observing new packages
03-12 13:33:05.944  1491  1521 I PackageWatchdog: Syncing state, reason: updated observers
03-12 13:33:05.944  1491  1521 I PackageWatchdog: Not pruning observers, elapsed time: 0ms
03-12 13:33:05.945  1491  1521 I PackageWatchdog: Saving observer state to file
03-12 13:33:05.945  1491  1491 I PackageWatchdog: Syncing health check requests for packages: {}
03-12 13:33:05.946  1491  5696 I ExplicitHealthCheckController: Explicit health check supported packages [PackageConfig{com.google.android.networkstack, 86400000}]
03-12 13:33:05.951  1491  1593 I RescueParty: Starting to observe: [android], updated namespace: media
03-12 13:33:05.956  1491  5696 I ExplicitHealthCheckController: Explicit health check requested packages []
03-12 13:33:05.956  1491  5696 I ExplicitHealthCheckController: No more health check requests, unbinding...
03-12 13:33:05.957  1491  1521 I PackageWatchdog: Syncing state, reason: observing new packages
03-12 13:33:05.957  1491  1521 I PackageWatchdog: Syncing state, reason: updated observers
03-12 13:33:05.957  1491  1521 I PackageWatchdog: Not pruning observers, elapsed time: 0ms
03-12 13:33:05.957  1491  1521 I PackageWatchdog: Saving observer state to file
03-12 13:33:05.958  1491  1511 E ApplicationHelper: Fail to get PackageManager
03-12 13:33:05.958  1491  1491 I PackageWatchdog: Syncing health check requests for packages: {}
03-12 13:33:05.958  1491  1511 E ApplicationHelper: Fail to get PackageManager
03-12 13:33:05.958  1491  5696 I ExplicitHealthCheckController: Explicit health check service is unbound
03-12 13:33:05.958  1491  1491 I ExplicitHealthCheckController: Service not ready to get health check supported packages. Binding...
03-12 13:33:05.959  1491  1491 I ExplicitHealthCheckController: Explicit health check service is bound
03-12 13:33:05.968  1491  1491 I PackageWatchdog: Syncing health check requests for packages: {}
03-12 13:33:05.968  1491  1491 I ExplicitHealthCheckController: Service not ready to get health check supported packages. Binding...
03-12 13:33:05.968  1491  1491 I ExplicitHealthCheckController: Not binding to service, service already connecting
03-12 13:33:05.968  1491  1491 I ExplicitHealthCheckController: Explicit health check service is connected ComponentInfo{com.google.android.ext.services/android.ext.services.watchdog.ExplicitHealthCheckServiceImpl}
03-12 13:33:05.968  1491  1491 I ExplicitHealthCheckController: Service initialized, syncing requests
03-12 13:33:05.968  1491  1491 I PackageWatchdog: Syncing health check requests for packages: {}
03-12 13:33:05.970  1491  1866 I ExplicitHealthCheckController: Explicit health check supported packages [PackageConfig{com.google.android.networkstack, 86400000}]
03-12 13:33:05.974  1491  5693 I ExplicitHealthCheckController: Explicit health check requested packages []
03-12 13:33:05.974  1491  5693 I ExplicitHealthCheckController: No more health check requests, unbinding...
03-12 13:33:05.975  1491  1511 E ApplicationHelper: Fail to get PackageManager
03-12 13:33:05.976  1491  5693 I ExplicitHealthCheckController: Explicit health check service is unbound
03-12 13:33:05.976  1491  1511 E ApplicationHelper: Fail to get PackageManager
03-12 13:33:06.003  1491  1593 I RescueParty: Starting to observe: [android], updated namespace: alarm_manager
03-12 13:33:06.003  1491  1521 I PackageWatchdog: Syncing state, reason: observing new packages
03-12 13:33:06.004  1491  1521 I PackageWatchdog: Syncing state, reason: updated observers
03-12 13:33:06.004  1491  1521 I PackageWatchdog: Not pruning observers, elapsed time: 0ms
03-12 13:33:06.004  1491  1521 I PackageWatchdog: Saving observer state to file
03-12 13:33:06.015  1491  1491 I PackageWatchdog: Syncing health check requests for packages: {}
03-12 13:33:06.016  1491  1491 I ExplicitHealthCheckController: Service not ready to get health check supported packages. Binding...
03-12 13:33:06.016  1491  1491 I ExplicitHealthCheckController: Explicit health check service is bound
03-12 13:33:06.017  1491  1491 I PackageWatchdog: Syncing health check requests for packages: {}
03-12 13:33:06.017  1491  1491 I ExplicitHealthCheckController: Service not ready to get health check supported packages. Binding...
03-12 13:33:06.017  1491  1491 I ExplicitHealthCheckController: Not binding to service, service already connecting
03-12 13:33:06.021  1491  1491 I ExplicitHealthCheckController: Explicit health check service is connected ComponentInfo{com.google.android.ext.services/android.ext.services.watchdog.ExplicitHealthCheckServiceImpl}
03-12 13:33:06.022  1491  1491 I ExplicitHealthCheckController: Service initialized, syncing requests
03-12 13:33:06.022  1491  1491 I PackageWatchdog: Syncing health check requests for packages: {}
