03-12 13:33:06.022  1491  1866 I ExplicitHealthCheckController: Explicit health check supported packages [PackageConfig{com.google.android.networkstack, 86400000}]
03-12 13:33:06.022  1491  1866 I ExplicitHealthCheckController: Explicit health check requested packages []
03-12 13:33:06.022  1491  1866 I ExplicitHealthCheckController: No more health check requests, unbinding...
03-12 13:33:06.023  1491  1511 E ApplicationHelper: Fail to get PackageManager
03-12 13:33:06.024  1491  1866 I ExplicitHealthCheckController: Explicit health check service is unbound
03-12 13:33:06.025  1491  1511 E ApplicationHelper: Fail to get PackageManager
03-12 13:33:06.028  1491  1511 E ApplicationHelper: Fail to get PackageManager
03-12 13:33:06.030  1491  1511 E ApplicationHelper: Fail to get PackageManager
03-12 13:33:06.039  1491  1593 I RescueParty: Starting to observe: [android], updated namespace: app_hibernation
03-12 13:33:06.043  1491  1521 I PackageWatchdog: Syncing state, reason: observing new packages
03-12 13:33:06.043  1491  1523 I ActivityManager: Start proc 7892:io.metamask/u0a222 for broadcast {io.metamask/app.notifee.core.RebootBroadcastReceiver}
03-12 13:33:06.043  1491  1521 I PackageWatchdog: Syncing state, reason: updated observers
03-12 13:33:06.043  1491  1521 I PackageWatchdog: Not pruning observers, elapsed time: 0ms
03-12 13:33:06.044  1491  1491 I PackageWatchdog: Syncing health check requests for packages: {}
03-12 13:33:06.044  1491  1491 I ExplicitHealthCheckController: Service not ready to get health check supported packages. Binding...
03-12 13:33:06.045  1491  1491 I ExplicitHealthCheckController: Explicit health check service is bound
03-12 13:33:06.046  1491  1491 I PackageWatchdog: Syncing health check requests for packages: {}
03-12 13:33:06.046  1491  1491 I ExplicitHealthCheckController: Service not ready to get health check supported packages. Binding...
03-12 13:33:06.046  1491  1491 I ExplicitHealthCheckController: Not binding to service, service already connecting
03-12 13:33:06.046  1491  1511 E ApplicationHelper: Fail to get PackageManager
03-12 13:33:06.048  1491  1491 I ExplicitHealthCheckController: Explicit health check service is connected ComponentInfo{com.google.android.ext.services/android.ext.services.watchdog.ExplicitHealthCheckServiceImpl}
03-12 13:33:06.048  1491  1491 I ExplicitHealthCheckController: Service initialized, syncing requests
03-12 13:33:06.048  1491  1491 I PackageWatchdog: Syncing health check requests for packages: {}
03-12 13:33:06.049  1491  1506 I ExplicitHealthCheckController: Explicit health check supported packages [PackageConfig{com.google.android.networkstack, 86400000}]
03-12 13:33:06.050  1491  1506 I ExplicitHealthCheckController: Explicit health check requested packages []
03-12 13:33:06.050  1491  1506 I ExplicitHealthCheckController: No more health check requests, unbinding...
03-12 13:33:06.050  1491  1511 E ApplicationHelper: Fail to get PackageManager
03-12 13:33:06.051  1491  1511 E ApplicationHelper: Fail to get PackageManager
03-12 13:33:06.052  1491  1506 I ExplicitHealthCheckController: Explicit health check service is unbound
03-12 13:33:06.055  1491  1593 I RescueParty: Starting to observe: [android, com.android.systemui], updated namespace: window_manager
03-12 13:33:06.055  1491  1521 I PackageWatchdog: Saving observer state to file
03-12 13:33:06.071  1491  1511 E ApplicationHelper: Fail to get PackageManager
03-12 13:33:06.076  1491  1521 I PackageWatchdog: Syncing state, reason: observing new packages
03-12 13:33:06.077  1491  1491 I PackageWatchdog: Syncing health check requests for packages: {}
03-12 13:33:06.077  1491  1491 I ExplicitHealthCheckController: Service not ready to get health check supported packages. Binding...
03-12 13:33:06.078  1491  1491 I ExplicitHealthCheckController: Explicit health check service is bound
03-12 13:33:06.079  1491  1491 I ExplicitHealthCheckController: Explicit health check service is connected ComponentInfo{com.google.android.ext.services/android.ext.services.watchdog.ExplicitHealthCheckServiceImpl}
03-12 13:33:06.079  1491  1491 I ExplicitHealthCheckController: Service initialized, syncing requests
03-12 13:33:06.079  1491  1491 I PackageWatchdog: Syncing health check requests for packages: {}
03-12 13:33:06.080  1491  1507 I ExplicitHealthCheckController: Explicit health check supported packages [PackageConfig{com.google.android.networkstack, 86400000}]
03-12 13:33:06.080  1491  1507 I ExplicitHealthCheckController: Explicit health check requested packages []
03-12 13:33:06.080  1491  1507 I ExplicitHealthCheckController: No more health check requests, unbinding...
03-12 13:33:06.081  1491  1507 I ExplicitHealthCheckController: Explicit health check service is unbound
03-12 13:33:06.081  1491  1511 E ApplicationHelper: Fail to get PackageManager
03-12 13:33:06.081  1491  1511 E ApplicationHelper: Fail to get PackageManager
03-12 13:33:06.104  1491  1593 I RescueParty: Starting to observe: [android, com.android.systemui], updated namespace: latency_tracker
03-12 13:33:06.110  1491  1593 I RescueParty: Starting to observe: [android], updated namespace: battery_saver
03-12 13:33:06.112  1491  1491 E DeviceConfig: Parsing int failed for location_mode
03-12 13:33:06.113  1491  1593 I RescueParty: Starting to observe: [android], updated namespace: constrain_display_apis
03-12 13:33:06.121  1491  1593 I RescueParty: Starting to observe: [android], updated namespace: backup_and_restore
03-12 13:33:06.122  1491  1511 E ApplicationHelper: Fail to get PackageManager
03-12 13:33:06.124  1491  1511 E ApplicationHelper: Fail to get PackageManager
03-12 13:33:06.131  1491  1521 I PackageWatchdog: Syncing state, reason: updated observers
03-12 13:33:06.131  1491  1521 I PackageWatchdog: Saving observer state to file
03-12 13:33:06.131  1491  1491 I PackageWatchdog: Syncing health check requests for packages: {}
03-12 13:33:06.132  1491  1491 I ExplicitHealthCheckController: Service not ready to get health check supported packages. Binding...
03-12 13:33:06.132  1491  1491 I ExplicitHealthCheckController: Explicit health check service is bound
03-12 13:33:06.134  1491  1491 I ExplicitHealthCheckController: Explicit health check service is connected ComponentInfo{com.google.android.ext.services/android.ext.services.watchdog.ExplicitHealthCheckServiceImpl}
03-12 13:33:06.134  1491  1491 I ExplicitHealthCheckController: Service initialized, syncing requests
03-12 13:33:06.136  1491  1593 I RescueParty: Starting to observe: [android, com.google.android.networkstack], updated namespace: tethering
03-12 13:33:06.160  1491  1491 I PackageWatchdog: Syncing health check requests for packages: {}
03-12 13:33:06.160  1491  1521 I PackageWatchdog: Syncing state, reason: observing new packages
03-12 13:33:06.160  1491  5696 I ExplicitHealthCheckController: Explicit health check supported packages [PackageConfig{com.google.android.networkstack, 86400000}]
03-12 13:33:06.161  1491  1491 I PackageWatchdog: Syncing health check requests for packages: {}
03-12 13:33:06.161  1491  1521 I PackageWatchdog: Syncing state, reason: updated observers
03-12 13:33:06.161  1491  5693 I ExplicitHealthCheckController: Explicit health check supported packages [PackageConfig{com.google.android.networkstack, 86400000}]
03-12 13:33:06.161  1491  1491 I PackageWatchdog: Syncing health check requests for packages: {}
03-12 13:33:06.161  1491  5696 I ExplicitHealthCheckController: Explicit health check requested packages []
03-12 13:33:06.161  1491  1521 I PackageWatchdog: Syncing state, reason: observing new packages
03-12 13:33:06.162  1491  1521 I PackageWatchdog: Not pruning observers, elapsed time: 0ms
03-12 13:33:06.162  1491  5696 I ExplicitHealthCheckController: No more health check requests, unbinding...
03-12 13:33:06.162  1491  1491 I PackageWatchdog: Syncing health check requests for packages: {}
03-12 13:33:06.162  1491  1521 I PackageWatchdog: Syncing state, reason: updated observers
03-12 13:33:06.162  1491  1506 I ExplicitHealthCheckController: Explicit health check requested packages []
03-12 13:33:06.162  1491  1507 I ExplicitHealthCheckController: Explicit health check supported packages [PackageConfig{com.google.android.networkstack, 86400000}]
03-12 13:33:06.164  1491  1521 I PackageWatchdog: Syncing state, reason: observing new packages
03-12 13:33:06.164  1491  1521 I PackageWatchdog: Syncing state, reason: updated observers
03-12 13:33:06.164  1491  1521 I PackageWatchdog: Not pruning observers, elapsed time: 0ms
03-12 13:33:06.164  1491  1511 E ApplicationHelper: Fail to get PackageManager
03-12 13:33:06.165  1491  5696 I ExplicitHealthCheckController: Explicit health check service is unbound
03-12 13:33:06.165  1491  1491 I ExplicitHealthCheckController: Service not ready to get health check supported packages. Binding...
03-12 13:33:06.165  1491  1511 E ApplicationHelper: Fail to get PackageManager
03-12 13:33:06.166  1491  1491 I ExplicitHealthCheckController: Explicit health check service is bound
03-12 13:33:06.166  1491  1507 I ExplicitHealthCheckController: Service not ready to get health check requested packages. Binding...
03-12 13:33:06.166  1491  1507 I ExplicitHealthCheckController: Not binding to service, service already connecting
03-12 13:33:06.166  1491  1491 I PackageWatchdog: Syncing health check requests for packages: {}
03-12 13:33:06.166  1491  1491 I ExplicitHealthCheckController: Service not ready to get health check supported packages. Binding...
03-12 13:33:06.166  1491  1491 I ExplicitHealthCheckController: Not binding to service, service already connecting
03-12 13:33:06.166  1491  1506 I ExplicitHealthCheckController: No more health check requests, unbinding...
03-12 13:33:06.166  1491  1506 I ExplicitHealthCheckController: Explicit health check service is unbound
03-12 13:33:06.168  1491  1491 I ExplicitHealthCheckController: Explicit health check service is connected ComponentInfo{com.google.android.ext.services/android.ext.services.watchdog.ExplicitHealthCheckServiceImpl}
03-12 13:33:06.168  1491  1491 I ExplicitHealthCheckController: Service initialized, syncing requests
03-12 13:33:06.168  1491  1491 I PackageWatchdog: Syncing health check requests for packages: {}
03-12 13:33:06.168  1491  1880 I ExplicitHealthCheckController: Explicit health check supported packages [PackageConfig{com.google.android.networkstack, 86400000}]
03-12 13:33:06.169  1491  1880 I ExplicitHealthCheckController: Explicit health check requested packages []
03-12 13:33:06.169  1491  1880 I ExplicitHealthCheckController: No more health check requests, unbinding...
03-12 13:33:06.169  1491  1880 I ExplicitHealthCheckController: Explicit health check service is unbound
03-12 13:33:06.169  1491  1511 E ApplicationHelper: Fail to get PackageManager
03-12 13:33:06.170  1491  1511 E ApplicationHelper: Fail to get PackageManager
03-12 13:33:06.172  1491  1521 I PackageWatchdog: Syncing state, reason: observing new packages
03-12 13:33:06.172  1491  1521 I PackageWatchdog: Syncing state, reason: updated observers
03-12 13:33:06.172  1491  1521 I PackageWatchdog: Not pruning observers, elapsed time: 0ms
03-12 13:33:06.173  1491  1491 I PackageWatchdog: Syncing health check requests for packages: {}
03-12 13:33:06.173  1491  1491 I ExplicitHealthCheckController: Service not ready to get health check supported packages. Binding...
03-12 13:33:06.173  1491  1521 I PackageWatchdog: Syncing state, reason: observing new packages
03-12 13:33:06.173  1491  1521 I PackageWatchdog: Not pruning observers, elapsed time: 0ms
03-12 13:33:06.173  1491  1521 I PackageWatchdog: Syncing state, reason: updated observers
03-12 13:33:06.173  1491  1521 I PackageWatchdog: Not pruning observers, elapsed time: 0ms
03-12 13:33:06.173  1491  1521 I PackageWatchdog: Saving observer state to file
03-12 13:33:06.174  1491  1491 I ExplicitHealthCheckController: Explicit health check service is bound
03-12 13:33:06.182  1491  1491 I PackageWatchdog: Syncing health check requests for packages: {}
03-12 13:33:06.183  1491  1491 I ExplicitHealthCheckController: Service not ready to get health check supported packages. Binding...
03-12 13:33:06.183  1491  1491 I ExplicitHealthCheckController: Not binding to service, service already connecting
03-12 13:33:06.183  1491  1491 I ExplicitHealthCheckController: Explicit health check service is connected ComponentInfo{com.google.android.ext.services/android.ext.services.watchdog.ExplicitHealthCheckServiceImpl}
03-12 13:33:06.183  1491  1491 I ExplicitHealthCheckController: Service initialized, syncing requests
03-12 13:33:06.183  1491  1491 I PackageWatchdog: Syncing health check requests for packages: {}
03-12 13:33:06.183  1491  1880 I ExplicitHealthCheckController: Explicit health check supported packages [PackageConfig{com.google.android.networkstack, 86400000}]
03-12 13:33:06.183  1491  1880 I ExplicitHealthCheckController: Explicit health check requested packages []
03-12 13:33:06.183  1491  1880 I ExplicitHealthCheckController: No more health check requests, unbinding...
03-12 13:33:06.184  1491  1880 I ExplicitHealthCheckController: Explicit health check service is unbound
03-12 13:33:06.184  1491  1511 E ApplicationHelper: Fail to get PackageManager
03-12 13:33:06.184  1491  1511 E ApplicationHelper: Fail to get PackageManager
03-12 13:33:06.260  1491  1511 E ApplicationHelper: Fail to get PackageManager
03-12 13:33:06.261  1491  1506 E JobScheduler.Concurrency: # stated jobs for 8 went negative.
03-12 13:33:06.285  1491  1511 E ApplicationHelper: Fail to get PackageManager
03-12 13:33:06.285  1491  1511 E ApplicationHelper: Fail to get PackageManager
03-12 13:33:06.298  1491  1523 I ActivityManager: Start proc 7937:net.omobio.airtelsc/u0a231 for broadcast {net.omobio.airtelsc/androidx.work.impl.background.systemalarm.RescheduleReceiver}
03-12 13:33:06.318  1491  1511 E ApplicationHelper: Fail to get PackageManager
03-12 13:33:06.378  1491  1511 E ApplicationHelper: Fail to get PackageManager
03-12 13:33:06.408  1491  1548 I AppsFilter: interaction: PackageSetting{9054b40 com.android.microdroid.empty_payload/10203} -> PackageSetting{4956d56 com.sleepagotchi.soft.app/10249} BLOCKED
03-12 13:33:06.408  1491  1548 I AppsFilter: interaction: PackageSetting{4cc73be com.cryptospell.game/10396} -> PackageSetting{4956d56 com.sleepagotchi.soft.app/10249} BLOCKED
03-12 13:33:06.408  1491  1548 I AppsFilter: interaction: PackageSetting{9455c1f com.pixelmint.app/10393} -> PackageSetting{4956d56 com.sleepagotchi.soft.app/10249} BLOCKED
03-12 13:33:06.408  1491  1548 I AppsFilter: interaction: PackageSetting{393db6c com.onchainerslab.pixelmint/10394} -> PackageSetting{4956d56 com.sleepagotchi.soft.app/10249} BLOCKED
03-12 13:33:06.442  1491  1507 W AppOpService: Ignored setUidMode call for runtime permission app op: uid = 10112, code = READ_CELL_BROADCASTS, mode = allow, callingUid = 1001, oldMode = allow
03-12 13:33:06.464  1491  5696 W AppOpService: Ignored setUidMode call for runtime permission app op: uid = 1001, code = READ_SMS, mode = allow, callingUid = 1001, oldMode = allow
03-12 13:33:06.465  1491  5696 W AppOpService: Ignored setUidMode call for runtime permission app op: uid = 1001, code = RECEIVE_SMS, mode = allow, callingUid = 1001, oldMode = allow
03-12 13:33:06.465  1491  5696 W AppOpService: Ignored setUidMode call for runtime permission app op: uid = 1001, code = RECEIVE_WAP_PUSH, mode = allow, callingUid = 1001, oldMode = allow
03-12 13:33:06.466  1491  5696 W AppOpService: Ignored setUidMode call for runtime permission app op: uid = 1001, code = SEND_SMS, mode = allow, callingUid = 1001, oldMode = allow
03-12 13:33:06.466  1491  5696 W AppOpService: Ignored setUidMode call for runtime permission app op: uid = 1001, code = READ_CELL_BROADCASTS, mode = allow, callingUid = 1001, oldMode = allow
03-12 13:33:06.484  1491  4029 W AppOpService: Ignored setUidMode call for runtime permission app op: uid = 10099, code = FINE_LOCATION, mode = allow, callingUid = 1000, oldMode = allow
03-12 13:33:06.494  1491  4029 W AppOpService: Ignored setUidMode call for runtime permission app op: uid = 10099, code = FINE_LOCATION, mode = allow, callingUid = 1000, oldMode = allow
03-12 13:33:06.500  1491  1511 E ApplicationHelper: Fail to get PackageManager
03-12 13:33:06.533  1491  1521 W MagnificationConnectionManager: requestConnection duplicated request: connect=false, mConnectionState=DISCONNECTED
03-12 13:33:06.753  1491  1511 E ApplicationHelper: Fail to get PackageManager
03-12 13:33:06.755  1491  1511 E ApplicationHelper: Fail to get PackageManager
03-12 13:33:06.757  1491  1511 E ApplicationHelper: Fail to get PackageManager
03-12 13:33:06.758  1491  1511 E ApplicationHelper: Fail to get PackageManager
03-12 13:33:06.810  1491  1511 E ApplicationHelper: Fail to get PackageManager
03-12 13:33:06.817  1491  1511 E ApplicationHelper: Fail to get PackageManager
03-12 13:33:06.857  1491  1511 E ApplicationHelper: Fail to get PackageManager
03-12 13:33:06.858  1491  1511 E ApplicationHelper: Fail to get PackageManager
03-12 13:33:06.861  1491  1511 E ApplicationHelper: Fail to get PackageManager
03-12 13:33:06.863  1491  1511 E ApplicationHelper: Fail to get PackageManager
03-12 13:33:06.918  1491  1511 E ApplicationHelper: Fail to get PackageManager
03-12 13:33:06.920  1491  1511 E ApplicationHelper: Fail to get PackageManager
03-12 13:33:06.969  1491  1511 E ApplicationHelper: Fail to get PackageManager
03-12 13:33:07.023  1491  1511 E ApplicationHelper: Fail to get PackageManager
03-12 13:33:07.023  1491  1511 E ApplicationHelper: Fail to get PackageManager
03-12 13:33:07.023  1491  1511 E ApplicationHelper: Fail to get PackageManager
03-12 13:33:07.023  1491  1511 E ApplicationHelper: Fail to get PackageManager
03-12 13:33:08.181  1491  5696 W AppOps  : Noting op not finished: uid 10116 pkg com.google.android.gms code 113 startTime of in progress event=1773300763796
03-12 13:33:08.183  1491  5696 W AppOps  : Noting op not finished: uid 10116 pkg com.google.android.gms code 113 startTime of in progress event=1773300763796
03-12 13:33:08.184  1491  5696 W AppOps  : Noting op not finished: uid 10116 pkg com.google.android.gms code 113 startTime of in progress event=1773300763796
03-12 13:33:08.186  1491  5693 W AppOps  : Noting op not finished: uid 10116 pkg com.google.android.gms code 113 startTime of in progress event=1773300763796
03-12 13:33:08.207  1491  1511 E ApplicationHelper: Fail to get PackageManager
03-12 13:33:08.220  1491  1511 E ApplicationHelper: Fail to get PackageManager
03-12 13:33:08.229  1491  1511 E ApplicationHelper: Fail to get PackageManager
03-12 13:33:08.230  1491  1511 E ApplicationHelper: Fail to get PackageManager
03-12 13:33:08.240  1491  1523 I ActivityManager: Start proc 8074:org.telegram.messenger/u0a219 for broadcast {org.telegram.messenger/org.telegram.messenger.AppStartReceiver}
03-12 13:33:08.262  1491  1511 E ApplicationHelper: Fail to get PackageManager
03-12 13:33:08.270  1491  1511 E ApplicationHelper: Fail to get PackageManager
03-12 13:33:08.275  1491  1511 E ApplicationHelper: Fail to get PackageManager
03-12 13:33:08.280  1491  1511 E ApplicationHelper: Fail to get PackageManager
03-12 13:33:08.280  1491  1511 E ApplicationHelper: Fail to get PackageManager
03-12 13:33:08.375  1491  1511 E ApplicationHelper: Fail to get PackageManager
03-12 13:33:08.376  1491  1511 E ApplicationHelper: Fail to get PackageManager
03-12 13:33:08.388  1491  1523 I ActivityManager: Start proc 8118:org.toshi/u0a243 for broadcast {org.toshi/app.notifee.core.RebootBroadcastReceiver}
03-12 13:33:08.407  1491  1511 E ApplicationHelper: Fail to get PackageManager
03-12 13:33:08.429  1491  1511 E ApplicationHelper: Fail to get PackageManager
03-12 13:33:08.539  1491  1511 E ApplicationHelper: Fail to get PackageManager
03-12 13:33:08.755  1491  1511 E ApplicationHelper: Fail to get PackageManager
03-12 13:33:08.757  1491  1511 E ApplicationHelper: Fail to get PackageManager
03-12 13:33:08.757  1491  1511 E ApplicationHelper: Fail to get PackageManager
03-12 13:33:08.758  1491  1511 E ApplicationHelper: Fail to get PackageManager
03-12 13:33:08.758  1491  1511 E ApplicationHelper: Fail to get PackageManager
03-12 13:33:08.758  1491  1511 E ApplicationHelper: Fail to get PackageManager
03-12 13:33:08.760  1491  1511 E ApplicationHelper: Fail to get PackageManager
03-12 13:33:08.788  1491  1511 E ApplicationHelper: Fail to get PackageManager
03-12 13:33:08.789  1491  1511 E ApplicationHelper: Fail to get PackageManager
03-12 13:33:08.792  1491  1511 E ApplicationHelper: Fail to get PackageManager
03-12 13:33:08.792  1491  1511 E ApplicationHelper: Fail to get PackageManager
03-12 13:33:08.794  1491  1511 E ApplicationHelper: Fail to get PackageManager
03-12 13:33:08.797  1491  1511 E ApplicationHelper: Fail to get PackageManager
03-12 13:33:08.801  1491  1511 E ApplicationHelper: Fail to get PackageManager
03-12 13:33:08.803  1491  1523 I ActivityManager: Start proc 8233:app.phantom/u0a216 for broadcast {app.phantom/expo.modules.notifications.service.NotificationsService}
03-12 13:33:08.806  1491  1511 E ApplicationHelper: Fail to get PackageManager
03-12 13:33:08.806  1491  1511 E ApplicationHelper: Fail to get PackageManager
03-12 13:33:08.806  1491  1511 E ApplicationHelper: Fail to get PackageManager
03-12 13:33:08.813  1491  1511 E ApplicationHelper: Fail to get PackageManager
03-12 13:33:08.821  1491  1511 E ApplicationHelper: Fail to get PackageManager
03-12 13:33:08.826  1491  1511 E ApplicationHelper: Fail to get PackageManager
03-12 13:33:09.001  1491  1511 E ApplicationHelper: Fail to get PackageManager
03-12 13:33:09.055  1491  1506 I ActivityManager: Process com.google.android.as:captions (pid 3694) has died: cch+99 CEM 
03-12 13:33:09.073  1491  1506 I ActivityManager: Process com.android.keychain (pid 3514) has died: cch+99 CEM 
03-12 13:33:09.119  1491  1506 I ActivityManager: Process com.google.android.apps.work.clouddpc (pid 2474) has died: cch+99 CEM 
03-12 13:33:09.138  1491  1506 I ActivityManager: Process com.google.android.apps.turbo:aab (pid 3963) has died: cch+95 CEM 
03-12 13:33:09.175  1491  1511 E ApplicationHelper: Fail to get PackageManager
03-12 13:33:09.177  1491  1511 E ApplicationHelper: Fail to get PackageManager
03-12 13:33:09.181  1491  1564 I ActivityManager: Process com.google.android.apps.restore (pid 4258) has died: cch+95 CEM 
03-12 13:33:09.195  1491  1523 I ActivityManager: Start proc 8310:com.decal.mobile/u0a88 for broadcast {com.decal.mobile/expo.modules.notifications.service.NotificationsService}
03-12 13:33:09.208  1491  1511 E ApplicationHelper: Fail to get PackageManager
03-12 13:33:09.213  1491  1511 E ApplicationHelper: Fail to get PackageManager
03-12 13:33:09.309  1491  1564 I ActivityManager: Process com.android.imsserviceentitlement (pid 4761) has died: cch+85 CEM 
03-12 13:33:09.329  1491  1866 I ActivityManager: Process com.google.android.deskclock (pid 2411) has died: cch+85 CEM 
03-12 13:33:09.344  1491  3506 I ActivityManager: Process com.android.dynsystem (pid 4908) has died: cch+75 CEM 
03-12 13:33:09.359  1491  3506 I ActivityManager: Process com.android.dynsystem:dynsystem (pid 4955) has died: cch+65 CEM 
03-12 13:33:09.369  1491  5696 I ActivityManager: Process com.google.android.partnersetup (pid 3746) has died: cch+65 CEM 
03-12 13:33:09.389  1491  1511 E ApplicationHelper: Fail to get PackageManager
03-12 13:33:09.390  1491  1511 E ApplicationHelper: Fail to get PackageManager
03-12 13:33:09.409  1491  1511 E ApplicationHelper: Fail to get PackageManager
03-12 13:33:09.411  1491  1523 I ActivityManager: Start proc 8341:com.devfun.app/u0a269 for broadcast {com.devfun.app/expo.modules.notifications.service.NotificationsService}
03-12 13:33:09.426  1491  1511 E ApplicationHelper: Fail to get PackageManager
03-12 13:33:09.592  1491  1511 E ApplicationHelper: Fail to get PackageManager
03-12 13:33:09.593  1491  1511 E ApplicationHelper: Fail to get PackageManager
03-12 13:33:09.604  1491  1523 I ActivityManager: Start proc 8372:com.dinario.app/u0a246 for broadcast {com.dinario.app/expo.modules.notifications.service.NotificationsService}
03-12 13:33:09.612  1491  1511 E ApplicationHelper: Fail to get PackageManager
03-12 13:33:09.626  1491  1511 E ApplicationHelper: Fail to get PackageManager
03-12 13:33:09.637  1491  1491 W NotificationHistory: Attempted to add notif for locked/gone/disabled user 0
03-12 13:33:09.648  1491  1491 W NotificationHistory: Attempted to add notif for locked/gone/disabled user 0
03-12 13:33:09.828  1491  1511 E ApplicationHelper: Fail to get PackageManager
03-12 13:33:09.829  1491  1511 E ApplicationHelper: Fail to get PackageManager
03-12 13:33:09.841  1491  1523 I ActivityManager: Start proc 8408:com.farcaster.mobile/u0a235 for broadcast {com.farcaster.mobile/expo.modules.notifications.service.NotificationsService}
03-12 13:33:09.845  1491  1511 E ApplicationHelper: Fail to get PackageManager
03-12 13:33:09.859  1491  1511 E ApplicationHelper: Fail to get PackageManager
03-12 13:33:09.886  1491  1511 E ApplicationHelper: Fail to get PackageManager
03-12 13:33:09.886  1491  1511 E ApplicationHelper: Fail to get PackageManager
03-12 13:33:09.886  1491  1511 E ApplicationHelper: Fail to get PackageManager
03-12 13:33:10.020  1491  1511 E ApplicationHelper: Fail to get PackageManager
03-12 13:33:10.021  1491  1511 E ApplicationHelper: Fail to get PackageManager
03-12 13:33:10.034  1491  1523 I ActivityManager: Start proc 8474:com.lootgo.app/u0a239 for broadcast {com.lootgo.app/expo.modules.notifications.service.NotificationsService}
03-12 13:33:10.054  1491  1511 E ApplicationHelper: Fail to get PackageManager
03-12 13:33:10.064  1491  1511 E ApplicationHelper: Fail to get PackageManager
03-12 13:33:10.252  1491  1511 E ApplicationHelper: Fail to get PackageManager
03-12 13:33:10.413  1491  1511 E ApplicationHelper: Fail to get PackageManager
03-12 13:33:10.426  1491  1523 I ActivityManager: Start proc 8551:fit.moonwalk.mobile.app/u0a237 for broadcast {fit.moonwalk.mobile.app/expo.modules.notifications.service.NotificationsService}
03-12 13:33:10.440  1491  1511 E ApplicationHelper: Fail to get PackageManager
03-12 13:33:10.453  1491  1511 E ApplicationHelper: Fail to get PackageManager
03-12 13:33:10.574  1491  1511 E ApplicationHelper: Fail to get PackageManager
03-12 13:33:10.575  1491  1511 E ApplicationHelper: Fail to get PackageManager
03-12 13:33:10.597  1491  1886 I BroadcastQueue: BOOT_COMPLETED_BROADCAST_COMPLETION_LATENCY_REPORTED action:android.intent.action.BOOT_COMPLETED dispatchLatency:-6335406 completeLatency:26414 dispatchRealLatency:-12185479 completeRealLatency:26415 receiversSize:216 userId:0 userType:android.os.usertype.full.SYSTEM
03-12 13:33:10.599  1491  1511 E ApplicationHelper: Fail to get PackageManager
03-12 13:33:10.599  1491  1510 I ActivityManager: Finished processing BOOT_COMPLETED for u0
03-12 13:33:10.643  1491  1578 W ProcessStats: Tracking association SourceState{78fcf2d com.android.phone/1001 BFgs #2786} whose proc state 4 is better than process ProcessState{10776cc com.google.android.euicc/10048 pkg=com.google.android.euicc} proc state 14 (8 skipped)
03-12 13:33:11.128  1491  1511 E ApplicationHelper: Fail to get PackageManager
03-12 13:33:11.465  1491  1511 E ApplicationHelper: Fail to get PackageManager
03-12 13:33:11.506  1491  1511 E ApplicationHelper: Fail to get PackageManager
03-12 13:33:11.693  1491  1511 E ApplicationHelper: Fail to get PackageManager
03-12 13:33:11.826  1491  1511 E ApplicationHelper: Fail to get PackageManager
03-12 13:33:11.917  1491  1511 E ApplicationHelper: Fail to get PackageManager
03-12 13:33:11.919  1491  1511 E ApplicationHelper: Fail to get PackageManager
03-12 13:33:12.187  1491  1511 E ApplicationHelper: Fail to get PackageManager
03-12 13:33:12.350  1491  1511 E ApplicationHelper: Fail to get PackageManager
03-12 13:33:12.406  1491  1511 E ApplicationHelper: Fail to get PackageManager
03-12 13:33:12.407  1491  1511 E ApplicationHelper: Fail to get PackageManager
03-12 13:33:14.674  1491  1511 E ApplicationHelper: Fail to get PackageManager
03-12 13:33:14.676  1491  1511 E ApplicationHelper: Fail to get PackageManager
03-12 13:33:14.690  1491  1511 E ApplicationHelper: Fail to get PackageManager
03-12 13:33:14.693  1491  1511 E ApplicationHelper: Fail to get PackageManager
03-12 13:33:14.724  1491  1511 E ApplicationHelper: Fail to get PackageManager
03-12 13:33:14.726  1491  1511 E ApplicationHelper: Fail to get PackageManager
03-12 13:33:14.729  1491  1511 E ApplicationHelper: Fail to get PackageManager
03-12 13:33:14.732  1491  1511 E ApplicationHelper: Fail to get PackageManager
03-12 13:33:14.897  1491  1511 E ApplicationHelper: Fail to get PackageManager
03-12 13:33:14.902  1491  1511 E ApplicationHelper: Fail to get PackageManager
03-12 13:33:14.925  1491  1511 E ApplicationHelper: Fail to get PackageManager
03-12 13:33:14.938  1491  1511 E ApplicationHelper: Fail to get PackageManager
03-12 13:33:14.943  1491  1511 E ApplicationHelper: Fail to get PackageManager
03-12 13:33:14.948  1491  1511 E ApplicationHelper: Fail to get PackageManager
03-12 13:33:14.952  1491  1511 E ApplicationHelper: Fail to get PackageManager
03-12 13:33:14.955  1491  1511 E ApplicationHelper: Fail to get PackageManager
03-12 13:33:14.959  1491  1511 E ApplicationHelper: Fail to get PackageManager
03-12 13:33:14.972  1491  1511 E ApplicationHelper: Fail to get PackageManager
03-12 13:33:14.976  1491  1511 E ApplicationHelper: Fail to get PackageManager
03-12 13:33:14.977  1491  1511 E ApplicationHelper: Fail to get PackageManager
03-12 13:33:14.980  1491  1511 E ApplicationHelper: Fail to get PackageManager
03-12 13:33:14.989  1491  1511 E ApplicationHelper: Fail to get PackageManager
03-12 13:33:14.990  1491  1523 I ActivityManager: Start proc 8702:com.google.android.apps.turbo:aab/u0a114 for service {com.google.android.apps.turbo/com.google.android.libraries.smartbattery.common.phenotype.UpdatePhenotypeFlagsJob}
03-12 13:33:14.990  1491  1511 E ApplicationHelper: Fail to get PackageManager
03-12 13:33:15.002  1491  1511 E ApplicationHelper: Fail to get PackageManager
03-12 13:33:15.008  1491  1511 E ApplicationHelper: Fail to get PackageManager
03-12 13:33:15.042  1491  1511 E ApplicationHelper: Fail to get PackageManager
03-12 13:33:15.044  1491  1511 E ApplicationHelper: Fail to get PackageManager
03-12 13:33:15.048  1491  1511 E ApplicationHelper: Fail to get PackageManager
03-12 13:33:15.052  1491  1511 E ApplicationHelper: Fail to get PackageManager
03-12 13:33:15.065  1491  1511 E ApplicationHelper: Fail to get PackageManager
03-12 13:33:15.067  1491  1511 E ApplicationHelper: Fail to get PackageManager
03-12 13:33:15.087  1491  1511 E ApplicationHelper: Fail to get PackageManager
03-12 13:33:15.114  1491  5692 I ActivityManager: Background started FGS: Allowed [callingPackage: com.google.android.apps.messaging; callingUid: 10112; uidState: BFGS; uidBFSL: [BFSL]; intent: Intent { cmp=com.google.android.apps.messaging/com.google.apps.tiktok.concurrent.InternalForegroundService (has extras) }; code:PROC_STATE_BFGS; tempAllowListReason:<null>; targetSdkVersion:36; callerTargetSdkVersion:36; startForegroundCount:0; bindFromPackage:null: isBindService:false]
03-12 13:33:15.116  1491  1511 E ApplicationHelper: Fail to get PackageManager
03-12 13:33:15.116  1491  1511 E ApplicationHelper: Fail to get PackageManager
03-12 13:33:15.120  1491  5692 W ActivityManager: Foreground service started from background can not have location/camera/microphone access: service com.google.android.apps.messaging/com.google.apps.tiktok.concurrent.InternalForegroundService
03-12 13:33:15.121  1491  5692 W ForegroundServiceTypeLoggerModule: Foreground service start for UID: 10112 does not have any types
03-12 13:33:15.122  1491  1511 E ApplicationHelper: Fail to get PackageManager
03-12 13:33:15.122  1491  1511 E ApplicationHelper: Fail to get PackageManager
03-12 13:33:15.139  1491  2101 W ForegroundServiceTypeLoggerModule: FGS stop call for: 10112 has no types!
03-12 13:33:15.142  1491  1511 E ApplicationHelper: Fail to get PackageManager
03-12 13:33:15.142  1491  1511 E ApplicationHelper: Fail to get PackageManager
03-12 13:33:15.183  1491  1511 E ApplicationHelper: Fail to get PackageManager
03-12 13:33:15.183  1491  1511 E ApplicationHelper: Fail to get PackageManager
03-12 13:33:15.184  1491  1511 E ApplicationHelper: Fail to get PackageManager
03-12 13:33:15.185  1491  1511 E ApplicationHelper: Fail to get PackageManager
03-12 13:33:15.187  1491  1511 E ApplicationHelper: Fail to get PackageManager
03-12 13:33:15.187  1491  1511 E ApplicationHelper: Fail to get PackageManager
03-12 13:33:15.188  1491  1511 E ApplicationHelper: Fail to get PackageManager
03-12 13:33:15.197  1491  1511 E ApplicationHelper: Fail to get PackageManager
03-12 13:33:15.197  1491  1511 E ApplicationHelper: Fail to get PackageManager
03-12 13:33:15.207  1491  1511 E ApplicationHelper: Fail to get PackageManager
03-12 13:33:15.207  1491  1511 E ApplicationHelper: Fail to get PackageManager
03-12 13:33:15.337  1491  1491 I NotificationService: Cannot find enqueued record for key: 0|com.google.android.apps.messaging|174344743|null|10112
03-12 13:33:16.467  1491  4028 W DevicePolicyManager: Failed to get account feature
03-12 13:33:16.467  1491  4028 W DevicePolicyManager: android.accounts.OperationCanceledException
03-12 13:33:16.467  1491  4028 W DevicePolicyManager: 	at android.accounts.AccountManager$Future2Task.internalGetResult(AccountManager.java:2592)
03-12 13:33:16.467  1491  4028 W DevicePolicyManager: 	at android.accounts.AccountManager$Future2Task.getResult(AccountManager.java:2604)
03-12 13:33:16.467  1491  4028 W DevicePolicyManager: 	at com.android.server.devicepolicy.DevicePolicyManagerService$CalculateHasIncompatibleAccountsTask.hasAccountFeatures(DevicePolicyManagerService.java:18885)
03-12 13:33:16.467  1491  4028 W DevicePolicyManager: 	at com.android.server.devicepolicy.DevicePolicyManagerService$CalculateHasIncompatibleAccountsTask.userHasIncompatibleAccounts(DevicePolicyManagerService.java:18863)
03-12 13:33:16.467  1491  4028 W DevicePolicyManager: 	at com.android.server.devicepolicy.DevicePolicyManagerService$CalculateHasIncompatibleAccountsTask.doInBackground(DevicePolicyManagerService.java:18851)
03-12 13:33:16.467  1491  4028 W DevicePolicyManager: 	at com.android.server.devicepolicy.DevicePolicyManagerService$CalculateHasIncompatibleAccountsTask.doInBackground(DevicePolicyManagerService.java:18839)
03-12 13:33:16.467  1491  4028 W DevicePolicyManager: 	at android.os.AsyncTask$3.call(AsyncTask.java:394)
03-12 13:33:16.467  1491  4028 W DevicePolicyManager: 	at java.util.concurrent.FutureTask.run(FutureTask.java:317)
03-12 13:33:16.467  1491  4028 W DevicePolicyManager: 	at java.util.concurrent.ThreadPoolExecutor.runWorker(ThreadPoolExecutor.java:1154)
03-12 13:33:16.467  1491  4028 W DevicePolicyManager: 	at java.util.concurrent.ThreadPoolExecutor$Worker.run(ThreadPoolExecutor.java:652)
03-12 13:33:16.467  1491  4028 W DevicePolicyManager: 	at java.lang.Thread.run(Thread.java:1564)
03-12 13:33:16.472  1491  1511 E ApplicationHelper: Fail to get PackageManager
03-12 13:33:16.482  1491  1511 E ApplicationHelper: Fail to get PackageManager
03-12 13:33:16.484  1491  1511 E ApplicationHelper: Fail to get PackageManager
03-12 13:33:16.490  1491  1511 E ApplicationHelper: Fail to get PackageManager
03-12 13:33:16.553  1491  1511 E ApplicationHelper: Fail to get PackageManager
03-12 13:33:16.555  1491  1511 E ApplicationHelper: Fail to get PackageManager
03-12 13:33:16.572  1491  1511 E ApplicationHelper: Fail to get PackageManager
03-12 13:33:16.573  1491  1511 E ApplicationHelper: Fail to get PackageManager
03-12 13:33:16.695  1491  1511 E ApplicationHelper: Fail to get PackageManager
03-12 13:33:16.697  1491  1511 E ApplicationHelper: Fail to get PackageManager
03-12 13:33:16.982  1491  1511 E ApplicationHelper: Fail to get PackageManager
03-12 13:33:16.982  1491  1511 E ApplicationHelper: Fail to get PackageManager
03-12 13:33:17.751  1491  1511 E ApplicationHelper: Fail to get PackageManager
03-12 13:33:17.864  1491  1511 E ApplicationHelper: Fail to get PackageManager
03-12 13:33:17.871  1491  1511 E ApplicationHelper: Fail to get PackageManager
03-12 13:33:17.887  1491  1511 E ApplicationHelper: Fail to get PackageManager
03-12 13:33:17.890  1491  1511 E ApplicationHelper: Fail to get PackageManager
03-12 13:33:18.667  1491  1511 E ApplicationHelper: Fail to get PackageManager
03-12 13:33:18.681  1491  1511 E ApplicationHelper: Fail to get PackageManager
03-12 13:33:18.711  1491  1562 W JobScheduler: Job didn't exist in JobStore: 5fa0b6c #u0a138/1034 com.google.android.apps.photos/com.google.android.libraries.social.mediamonitor.MediaMonitorJobSchedulerService
03-12 13:33:18.711  1491  1511 E ApplicationHelper: Fail to get PackageManager
03-12 13:33:18.713  1491  1511 E ApplicationHelper: Fail to get PackageManager
03-12 13:33:18.714  1491  1511 E ApplicationHelper: Fail to get PackageManager
03-12 13:33:18.723  1491  1511 E ApplicationHelper: Fail to get PackageManager
03-12 13:33:18.731  1491  1564 W ActivityManager: pid 3604 com.google.android.apps.photos sent binder code 21 with flags 2 to frozen apps and got error -2147483646
03-12 13:33:18.731  1491  1522 I ActivityManager: Killing 4891:com.android.camera/u0a61 (adj 905): Sync transaction while frozen
03-12 13:33:18.733  1491  1564 W UriGrantsManagerService: No permission grants found for com.google.android.apps.photos
03-12 13:33:18.733  1491  1564 W UriGrantsManagerService: No permission grants found for com.google.android.apps.photos
03-12 13:33:18.754  3604  3604 I ActivityThread: Removing dead content provider:android.content.ContentProviderProxy@c8d7dc5
03-12 13:33:18.763  1491  5696 W UriGrantsManagerService: No permission grants found for com.google.android.apps.photos
03-12 13:33:18.763  1491  5696 W UriGrantsManagerService: No permission grants found for com.google.android.apps.photos
03-12 13:33:18.776  1491  5696 W UriGrantsManagerService: No permission grants found for com.google.android.apps.photos
03-12 13:33:18.776  1491  5696 W UriGrantsManagerService: No permission grants found for com.google.android.apps.photos
03-12 13:33:18.850  1491  1548 I AppsFilter: interaction: PackageSetting{9054b40 com.android.microdroid.empty_payload/10203} -> PackageSetting{8d5dab0 com.astrolab.hero/10315} BLOCKED
03-12 13:33:18.851  1491  1548 I AppsFilter: interaction: PackageSetting{4cc73be com.cryptospell.game/10396} -> PackageSetting{8d5dab0 com.astrolab.hero/10315} BLOCKED
03-12 13:33:18.851  1491  1548 I AppsFilter: interaction: PackageSetting{9455c1f com.pixelmint.app/10393} -> PackageSetting{8d5dab0 com.astrolab.hero/10315} BLOCKED
03-12 13:33:18.851  1491  1548 I AppsFilter: interaction: PackageSetting{393db6c com.onchainerslab.pixelmint/10394} -> PackageSetting{8d5dab0 com.astrolab.hero/10315} BLOCKED
03-12 13:33:18.852  1491  1548 I AppsFilter: interaction: PackageSetting{9054b40 com.android.microdroid.empty_payload/10203} -> PackageSetting{fcfed29 com.astrolab.seek/10346} BLOCKED
03-12 13:33:18.852  1491  1548 I AppsFilter: interaction: PackageSetting{4cc73be com.cryptospell.game/10396} -> PackageSetting{fcfed29 com.astrolab.seek/10346} BLOCKED
03-12 13:33:18.853  1491  1548 I AppsFilter: interaction: PackageSetting{9455c1f com.pixelmint.app/10393} -> PackageSetting{fcfed29 com.astrolab.seek/10346} BLOCKED
03-12 13:33:18.853  1491  1548 I AppsFilter: interaction: PackageSetting{393db6c com.onchainerslab.pixelmint/10394} -> PackageSetting{fcfed29 com.astrolab.seek/10346} BLOCKED
03-12 13:33:18.853  1491  1548 I AppsFilter: interaction: PackageSetting{9054b40 com.android.microdroid.empty_payload/10203} -> PackageSetting{c80a8ae com.astrolab.liquidcolorconnect/10265} BLOCKED
03-12 13:33:18.853  1491  1548 I AppsFilter: interaction: PackageSetting{4cc73be com.cryptospell.game/10396} -> PackageSetting{c80a8ae com.astrolab.liquidcolorconnect/10265} BLOCKED
03-12 13:33:18.853  1491  1548 I AppsFilter: interaction: PackageSetting{9455c1f com.pixelmint.app/10393} -> PackageSetting{c80a8ae com.astrolab.liquidcolorconnect/10265} BLOCKED
03-12 13:33:18.854  1491  1548 I AppsFilter: interaction: PackageSetting{393db6c com.onchainerslab.pixelmint/10394} -> PackageSetting{c80a8ae com.astrolab.liquidcolorconnect/10265} BLOCKED
03-12 13:33:18.867  1491  1564 W AppOpService: Ignored setUidMode call for runtime permission app op: uid = 10112, code = READ_CELL_BROADCASTS, mode = allow, callingUid = 1001, oldMode = allow
03-12 13:33:18.869  1491  1562 W AppOpService: Ignored setUidMode call for runtime permission app op: uid = 1001, code = READ_SMS, mode = allow, callingUid = 1001, oldMode = allow
03-12 13:33:18.870  1491  1562 W AppOpService: Ignored setUidMode call for runtime permission app op: uid = 1001, code = RECEIVE_SMS, mode = allow, callingUid = 1001, oldMode = allow
03-12 13:33:18.870  1491  1562 W AppOpService: Ignored setUidMode call for runtime permission app op: uid = 1001, code = RECEIVE_WAP_PUSH, mode = allow, callingUid = 1001, oldMode = allow
03-12 13:33:18.870  1491  1562 W AppOpService: Ignored setUidMode call for runtime permission app op: uid = 1001, code = SEND_SMS, mode = allow, callingUid = 1001, oldMode = allow
03-12 13:33:18.871  1491  1562 W AppOpService: Ignored setUidMode call for runtime permission app op: uid = 1001, code = READ_CELL_BROADCASTS, mode = allow, callingUid = 1001, oldMode = allow
03-12 13:33:18.875  1491  1511 E ApplicationHelper: Fail to get PackageManager
03-12 13:33:18.877  1491  1521 W MagnificationConnectionManager: requestConnection duplicated request: connect=false, mConnectionState=DISCONNECTED
03-12 13:33:18.889  1491  1562 W AppOpService: Ignored setUidMode call for runtime permission app op: uid = 10112, code = READ_CELL_BROADCASTS, mode = allow, callingUid = 1001, oldMode = allow
03-12 13:33:18.892  1491  1562 W AppOpService: Ignored setUidMode call for runtime permission app op: uid = 1001, code = READ_SMS, mode = allow, callingUid = 1001, oldMode = allow
03-12 13:33:18.893  1491  1564 W AppOpService: Ignored setUidMode call for runtime permission app op: uid = 1001, code = RECEIVE_SMS, mode = allow, callingUid = 1001, oldMode = allow
03-12 13:33:18.893  1491  1564 W AppOpService: Ignored setUidMode call for runtime permission app op: uid = 1001, code = RECEIVE_WAP_PUSH, mode = allow, callingUid = 1001, oldMode = allow
03-12 13:33:18.893  1491  1562 W AppOpService: Ignored setUidMode call for runtime permission app op: uid = 1001, code = SEND_SMS, mode = allow, callingUid = 1001, oldMode = allow
03-12 13:33:18.893  1491  1564 W AppOpService: Ignored setUidMode call for runtime permission app op: uid = 1001, code = READ_CELL_BROADCASTS, mode = allow, callingUid = 1001, oldMode = allow
03-12 13:33:18.896  1491  1511 E ApplicationHelper: Fail to get PackageManager
03-12 13:33:18.896  1491  4029 W AppOpService: Ignored setUidMode call for runtime permission app op: uid = 10099, code = FINE_LOCATION, mode = allow, callingUid = 1000, oldMode = allow
03-12 13:33:18.904  1491  1564 W AppOpService: Ignored setUidMode call for runtime permission app op: uid = 10112, code = READ_CELL_BROADCASTS, mode = allow, callingUid = 1001, oldMode = allow
03-12 13:33:18.906  1491  5696 W AppOpService: Ignored setUidMode call for runtime permission app op: uid = 1001, code = READ_SMS, mode = allow, callingUid = 1001, oldMode = allow
03-12 13:33:18.907  1491  5696 W AppOpService: Ignored setUidMode call for runtime permission app op: uid = 1001, code = RECEIVE_SMS, mode = allow, callingUid = 1001, oldMode = allow
03-12 13:33:18.907  1491  5696 W AppOpService: Ignored setUidMode call for runtime permission app op: uid = 1001, code = RECEIVE_WAP_PUSH, mode = allow, callingUid = 1001, oldMode = allow
03-12 13:33:18.907  1491  4029 W AppOpService: Ignored setUidMode call for runtime permission app op: uid = 10099, code = FINE_LOCATION, mode = allow, callingUid = 1000, oldMode = allow
03-12 13:33:18.907  1491  1562 W AppOpService: Ignored setUidMode call for runtime permission app op: uid = 1001, code = SEND_SMS, mode = allow, callingUid = 1001, oldMode = allow
03-12 13:33:18.907  1491  1564 W AppOpService: Ignored setUidMode call for runtime permission app op: uid = 1001, code = READ_CELL_BROADCASTS, mode = allow, callingUid = 1001, oldMode = allow
03-12 13:33:18.929  1491  1521 W MagnificationConnectionManager: requestConnection duplicated request: connect=false, mConnectionState=DISCONNECTED
03-12 13:33:18.949  1491  1521 W MagnificationConnectionManager: requestConnection duplicated request: connect=false, mConnectionState=DISCONNECTED
03-12 13:33:19.372  1491  1511 E ApplicationHelper: Fail to get PackageManager
03-12 13:33:19.374  1491  1511 E ApplicationHelper: Fail to get PackageManager
03-12 13:33:19.375  1491  1511 E ApplicationHelper: Fail to get PackageManager
03-12 13:33:19.376  1491  1511 E ApplicationHelper: Fail to get PackageManager
03-12 13:33:19.378  1491  1511 E ApplicationHelper: Fail to get PackageManager
03-12 13:33:19.378  1491  1511 E ApplicationHelper: Fail to get PackageManager
03-12 13:33:19.379  1491  1511 E ApplicationHelper: Fail to get PackageManager
03-12 13:33:19.381  1491  1511 E ApplicationHelper: Fail to get PackageManager
03-12 13:33:19.382  1491  1511 E ApplicationHelper: Fail to get PackageManager
03-12 13:33:19.383  1491  1511 E ApplicationHelper: Fail to get PackageManager
03-12 13:33:19.907  1491  1564 W JobScheduler: Job didn't exist in JobStore: fb695c8 {androidx.work.systemjobscheduler} #u0a102/171 @androidx.work.systemjobscheduler@com.google.android.apps.nbu.files/androidx.work.impl.background.systemjob.SystemJobService
03-12 13:33:19.908  1491  1511 E ApplicationHelper: Fail to get PackageManager
03-12 13:33:19.910  1491  1511 E ApplicationHelper: Fail to get PackageManager
03-12 13:33:19.928  1491  1564 E JobScheduler.JobStatus: App com.google.android.apps.nbu.files became active but still in NEVER bucket
03-12 13:33:20.286  1491  1511 E ApplicationHelper: Fail to get PackageManager
03-12 13:33:20.287  1491  1511 E ApplicationHelper: Fail to get PackageManager
03-12 13:33:21.558  1491  1511 E ApplicationHelper: Fail to get PackageManager
03-12 13:33:21.559  1491  1511 E ApplicationHelper: Fail to get PackageManager
03-12 13:33:21.560  1491  1511 E ApplicationHelper: Fail to get PackageManager
03-12 13:33:21.560  1491  1511 E ApplicationHelper: Fail to get PackageManager
03-12 13:33:21.810  1491  1511 E ApplicationHelper: Fail to get PackageManager
03-12 13:33:21.813  1491  1511 E ApplicationHelper: Fail to get PackageManager
03-12 13:33:21.864  1491  1511 E ApplicationHelper: Fail to get PackageManager
03-12 13:33:23.010  1491  1511 E ApplicationHelper: Fail to get PackageManager
03-12 13:33:23.142  1491  1511 E ApplicationHelper: Fail to get PackageManager
03-12 13:33:23.154  1491  1511 E ApplicationHelper: Fail to get PackageManager
03-12 13:33:23.430  1491  1522 I ActivityManager: Waited long enough for: ServiceRecord{bccf3d6 u0 org.telegram.messenger/.NotificationsService c:org.telegram.messenger}
03-12 13:33:24.070  1491  1562 W JobScheduler: Job didn't exist in JobStore: 8660e9e {androidx.work.systemjobscheduler} #u0a117/15789 @androidx.work.systemjobscheduler@com.google.android.googlequicksearchbox/androidx.work.impl.background.systemjob.SystemJobService
03-12 13:33:24.496  1491  1511 E ApplicationHelper: Fail to get PackageManager
03-12 13:33:24.496  1491  1511 E ApplicationHelper: Fail to get PackageManager
03-12 13:33:24.748  1491  1521 W ProcessStats: Tracking association SourceState{5daf87d system/1000 ImpBg #3095} whose proc state 6 is better than process ProcessState{10776cc com.google.android.euicc/10048 pkg=com.google.android.euicc} proc state 14 (1 skipped)
03-12 13:33:24.750  1491  1511 E ApplicationHelper: Fail to get PackageManager
03-12 13:33:24.750  1491  1511 E ApplicationHelper: Fail to get PackageManager
03-12 13:33:24.750  1491  1511 E ApplicationHelper: Fail to get PackageManager
03-12 13:33:24.750  1491  1511 E ApplicationHelper: Fail to get PackageManager
03-12 13:33:24.750  1491  1511 E ApplicationHelper: Fail to get PackageManager
03-12 13:33:24.750  1491  1511 E ApplicationHelper: Fail to get PackageManager
03-12 13:33:24.750  1491  1511 E ApplicationHelper: Fail to get PackageManager
03-12 13:33:24.750  1491  1511 E ApplicationHelper: Fail to get PackageManager
03-12 13:33:24.750  1491  1511 E ApplicationHelper: Fail to get PackageManager
03-12 13:33:24.750  1491  1511 E ApplicationHelper: Fail to get PackageManager
03-12 13:33:24.750  1491  1511 E ApplicationHelper: Fail to get PackageManager
03-12 13:33:24.750  1491  1511 E ApplicationHelper: Fail to get PackageManager
03-12 13:33:24.750  1491  1511 E ApplicationHelper: Fail to get PackageManager
03-12 13:33:24.750  1491  1511 E ApplicationHelper: Fail to get PackageManager
03-12 13:33:24.750  1491  1511 E ApplicationHelper: Fail to get PackageManager
03-12 13:33:24.750  1491  1511 E ApplicationHelper: Fail to get PackageManager
03-12 13:33:24.750  1491  1511 E ApplicationHelper: Fail to get PackageManager
03-12 13:33:24.750  1491  1511 E ApplicationHelper: Fail to get PackageManager
03-12 13:33:24.750  1491  1511 E ApplicationHelper: Fail to get PackageManager
03-12 13:33:24.750  1491  1511 E ApplicationHelper: Fail to get PackageManager
03-12 13:33:24.750  1491  1511 E ApplicationHelper: Fail to get PackageManager
03-12 13:33:24.750  1491  1511 E ApplicationHelper: Fail to get PackageManager
03-12 13:33:24.750  1491  1511 E ApplicationHelper: Fail to get PackageManager
03-12 13:33:24.750  1491  1511 E ApplicationHelper: Fail to get PackageManager
